Component: ARM Compiler 5.06 update 5 (build 528) Tool: armlink [4d35e2]

==============================================================================

Section Cross References

    stm32f7xx_nucleo_144.o(i.BSP_LED_DeInit) refers to stm32f7xx_hal_gpio.o(i.HAL_GPIO_WritePin) for HAL_GPIO_WritePin
    stm32f7xx_nucleo_144.o(i.BSP_LED_DeInit) refers to stm32f7xx_hal_gpio.o(i.HAL_GPIO_DeInit) for HAL_GPIO_DeInit
    stm32f7xx_nucleo_144.o(i.BSP_LED_DeInit) refers to stm32f7xx_nucleo_144.o(.constdata) for .constdata
    stm32f7xx_nucleo_144.o(i.BSP_LED_DeInit) refers to stm32f7xx_nucleo_144.o(.data) for .data
    stm32f7xx_nucleo_144.o(i.BSP_LED_Init) refers to stm32f7xx_hal_gpio.o(i.HAL_GPIO_Init) for HAL_GPIO_Init
    stm32f7xx_nucleo_144.o(i.BSP_LED_Init) refers to stm32f7xx_hal_gpio.o(i.HAL_GPIO_WritePin) for HAL_GPIO_WritePin
    stm32f7xx_nucleo_144.o(i.BSP_LED_Init) refers to stm32f7xx_nucleo_144.o(.constdata) for .constdata
    stm32f7xx_nucleo_144.o(i.BSP_LED_Init) refers to stm32f7xx_nucleo_144.o(.data) for .data
    stm32f7xx_nucleo_144.o(i.BSP_LED_Off) refers to stm32f7xx_hal_gpio.o(i.HAL_GPIO_WritePin) for HAL_GPIO_WritePin
    stm32f7xx_nucleo_144.o(i.BSP_LED_Off) refers to stm32f7xx_nucleo_144.o(.constdata) for .constdata
    stm32f7xx_nucleo_144.o(i.BSP_LED_Off) refers to stm32f7xx_nucleo_144.o(.data) for .data
    stm32f7xx_nucleo_144.o(i.BSP_LED_On) refers to stm32f7xx_hal_gpio.o(i.HAL_GPIO_WritePin) for HAL_GPIO_WritePin
    stm32f7xx_nucleo_144.o(i.BSP_LED_On) refers to stm32f7xx_nucleo_144.o(.constdata) for .constdata
    stm32f7xx_nucleo_144.o(i.BSP_LED_On) refers to stm32f7xx_nucleo_144.o(.data) for .data
    stm32f7xx_nucleo_144.o(i.BSP_LED_Toggle) refers to stm32f7xx_hal_gpio.o(i.HAL_GPIO_TogglePin) for HAL_GPIO_TogglePin
    stm32f7xx_nucleo_144.o(i.BSP_LED_Toggle) refers to stm32f7xx_nucleo_144.o(.constdata) for .constdata
    stm32f7xx_nucleo_144.o(i.BSP_LED_Toggle) refers to stm32f7xx_nucleo_144.o(.data) for .data
    stm32f7xx_nucleo_144.o(i.BSP_PB_DeInit) refers to stm32f7xx_hal_cortex.o(i.HAL_NVIC_DisableIRQ) for HAL_NVIC_DisableIRQ
    stm32f7xx_nucleo_144.o(i.BSP_PB_DeInit) refers to stm32f7xx_hal_gpio.o(i.HAL_GPIO_DeInit) for HAL_GPIO_DeInit
    stm32f7xx_nucleo_144.o(i.BSP_PB_DeInit) refers to stm32f7xx_nucleo_144.o(.constdata) for .constdata
    stm32f7xx_nucleo_144.o(i.BSP_PB_DeInit) refers to stm32f7xx_nucleo_144.o(.data) for .data
    stm32f7xx_nucleo_144.o(i.BSP_PB_GetState) refers to stm32f7xx_hal_gpio.o(i.HAL_GPIO_ReadPin) for HAL_GPIO_ReadPin
    stm32f7xx_nucleo_144.o(i.BSP_PB_GetState) refers to stm32f7xx_nucleo_144.o(.constdata) for .constdata
    stm32f7xx_nucleo_144.o(i.BSP_PB_GetState) refers to stm32f7xx_nucleo_144.o(.data) for .data
    stm32f7xx_nucleo_144.o(i.BSP_PB_Init) refers to stm32f7xx_hal_gpio.o(i.HAL_GPIO_Init) for HAL_GPIO_Init
    stm32f7xx_nucleo_144.o(i.BSP_PB_Init) refers to stm32f7xx_hal_cortex.o(i.HAL_NVIC_SetPriority) for HAL_NVIC_SetPriority
    stm32f7xx_nucleo_144.o(i.BSP_PB_Init) refers to stm32f7xx_hal_cortex.o(i.HAL_NVIC_EnableIRQ) for HAL_NVIC_EnableIRQ
    stm32f7xx_nucleo_144.o(i.BSP_PB_Init) refers to stm32f7xx_nucleo_144.o(.constdata) for .constdata
    stm32f7xx_nucleo_144.o(i.BSP_PB_Init) refers to stm32f7xx_nucleo_144.o(.data) for .data
    stm32f7xx_nucleo_144.o(i.LCD_Delay) refers to stm32f7xx_hal.o(i.HAL_Delay) for HAL_Delay
    stm32f7xx_nucleo_144.o(i.LCD_IO_Init) refers to stm32f7xx_hal_gpio.o(i.HAL_GPIO_Init) for HAL_GPIO_Init
    stm32f7xx_nucleo_144.o(i.LCD_IO_Init) refers to stm32f7xx_hal_gpio.o(i.HAL_GPIO_WritePin) for HAL_GPIO_WritePin
    stm32f7xx_nucleo_144.o(i.LCD_IO_Init) refers to stm32f7xx_nucleo_144.o(i.SPIx_Init) for SPIx_Init
    stm32f7xx_nucleo_144.o(i.LCD_IO_WriteData) refers to stm32f7xx_hal_gpio.o(i.HAL_GPIO_WritePin) for HAL_GPIO_WritePin
    stm32f7xx_nucleo_144.o(i.LCD_IO_WriteData) refers to stm32f7xx_nucleo_144.o(i.SPIx_Write) for SPIx_Write
    stm32f7xx_nucleo_144.o(i.LCD_IO_WriteMultipleData) refers to stm32f7xx_hal_gpio.o(i.HAL_GPIO_WritePin) for HAL_GPIO_WritePin
    stm32f7xx_nucleo_144.o(i.LCD_IO_WriteMultipleData) refers to stm32f7xx_nucleo_144.o(i.SPIx_Write) for SPIx_Write
    stm32f7xx_nucleo_144.o(i.LCD_IO_WriteMultipleData) refers to stm32f7xx_nucleo_144.o(.bss) for .bss
    stm32f7xx_nucleo_144.o(i.LCD_IO_WriteReg) refers to stm32f7xx_hal_gpio.o(i.HAL_GPIO_WritePin) for HAL_GPIO_WritePin
    stm32f7xx_nucleo_144.o(i.LCD_IO_WriteReg) refers to stm32f7xx_nucleo_144.o(i.SPIx_Write) for SPIx_Write
    stm32f7xx_nucleo_144.o(i.SD_IO_CSState) refers to stm32f7xx_hal_gpio.o(i.HAL_GPIO_WritePin) for HAL_GPIO_WritePin
    stm32f7xx_nucleo_144.o(i.SD_IO_Init) refers to stm32f7xx_hal_gpio.o(i.HAL_GPIO_Init) for HAL_GPIO_Init
    stm32f7xx_nucleo_144.o(i.SD_IO_Init) refers to stm32f7xx_hal_gpio.o(i.HAL_GPIO_WritePin) for HAL_GPIO_WritePin
    stm32f7xx_nucleo_144.o(i.SD_IO_Init) refers to stm32f7xx_nucleo_144.o(i.SPIx_Init) for SPIx_Init
[...]
    USB_EP0StartXfer                         0x080051f5   Thumb Code   322  stm32f7xx_ll_usb.o(i.USB_EP0StartXfer)
    USB_EP0_OutStart                         0x0800533d   Thumb Code    56  stm32f7xx_ll_usb.o(i.USB_EP0_OutStart)
    USB_EPClearStall                         0x08005375   Thumb Code   100  stm32f7xx_ll_usb.o(i.USB_EPClearStall)
    USB_EPSetStall                           0x080053d9   Thumb Code    94  stm32f7xx_ll_usb.o(i.USB_EPSetStall)
    USB_EPStartXfer                          0x08005439   Thumb Code   566  stm32f7xx_ll_usb.o(i.USB_EPStartXfer)
    USB_EnableGlobalInt                      0x08005675   Thumb Code    12  stm32f7xx_ll_usb.o(i.USB_EnableGlobalInt)
    USB_FlushRxFifo                          0x08005681   Thumb Code    28  stm32f7xx_ll_usb.o(i.USB_FlushRxFifo)
    USB_FlushTxFifo                          0x080056a1   Thumb Code    32  stm32f7xx_ll_usb.o(i.USB_FlushTxFifo)
    USB_GetDevSpeed                          0x080056c5   Thumb Code    60  stm32f7xx_ll_usb.o(i.USB_GetDevSpeed)
    USB_GetMode                              0x08005701   Thumb Code     8  stm32f7xx_ll_usb.o(i.USB_GetMode)
    USB_ReadDevAllInEpInterrupt              0x08005709   Thumb Code    14  stm32f7xx_ll_usb.o(i.USB_ReadDevAllInEpInterrupt)
    USB_ReadDevAllOutEpInterrupt             0x08005717   Thumb Code    14  stm32f7xx_ll_usb.o(i.USB_ReadDevAllOutEpInterrupt)
    USB_ReadDevInEPInterrupt                 0x08005725   Thumb Code    30  stm32f7xx_ll_usb.o(i.USB_ReadDevInEPInterrupt)
    USB_ReadDevOutEPInterrupt                0x08005743   Thumb Code    16  stm32f7xx_ll_usb.o(i.USB_ReadDevOutEPInterrupt)
    USB_ReadInterrupts                       0x08005753   Thumb Code     8  stm32f7xx_ll_usb.o(i.USB_ReadInterrupts)
    USB_ReadPacket                           0x0800575b   Thumb Code    32  stm32f7xx_ll_usb.o(i.USB_ReadPacket)
    USB_SetCurrentMode                       0x0800577b   Thumb Code    46  stm32f7xx_ll_usb.o(i.USB_SetCurrentMode)
    USB_SetDevAddress                        0x080057a9   Thumb Code    30  stm32f7xx_ll_usb.o(i.USB_SetDevAddress)
    USB_SetDevSpeed                          0x080057c7   Thumb Code    14  stm32f7xx_ll_usb.o(i.USB_SetDevSpeed)
    USB_WritePacket                          0x080057d5   Thumb Code    40  stm32f7xx_ll_usb.o(i.USB_WritePacket)
    _Error_Handler                           0x080057fd   Thumb Code     2  main.o(i._Error_Handler)
    _dwt_aonarrayupload                      0x0800581f   Thumb Code    26  deca_device.o(i._dwt_aonarrayupload)
    _dwt_configlde                           0x08005839   Thumb Code    50  deca_device.o(i._dwt_configlde)
    _dwt_disablesequencing                   0x0800586b   Thumb Code    22  deca_device.o(i._dwt_disablesequencing)
    _dwt_enableclocks                        0x08005881   Thumb Code   234  deca_device.o(i._dwt_enableclocks)
    _dwt_loaducodefromrom                    0x0800596b   Thumb Code    36  deca_device.o(i._dwt_loaducodefromrom)
    _dwt_otpread                             0x0800598f   Thumb Code    44  deca_device.o(i._dwt_otpread)
    _init_box                                0x080059bb   Thumb Code    70  rt_membox.o(i._init_box)
    _mutex_acquire                           0x08005a01   Thumb Code    22  rtx_conf_cm.o(i._mutex_acquire)
    _mutex_initialize                        0x08005a21   Thumb Code    34  rtx_conf_cm.o(i._mutex_initialize)
    _mutex_release                           0x08005a4d   Thumb Code    18  rtx_conf_cm.o(i._mutex_release)
    dbg_init                                 0x08005a79   Thumb Code    34  hal_cm.o(i.dbg_init)
    dbg_task_notify                          0x08005aa9   Thumb Code    32  hal_cm.o(i.dbg_task_notify)
    dbg_task_switch                          0x08005ac9   Thumb Code    16  hal_cm.o(i.dbg_task_switch)
    deca_sleep                               0x08005ad9   Thumb Code     4  deca_sleep.o(i.deca_sleep)
    decamutexoff                             0x08005add   Thumb Code    10  deca_mutex.o(i.decamutexoff)
    decamutexon                              0x08005ae7   Thumb Code    18  deca_mutex.o(i.decamutexon)
    dwt_configure                            0x08005af9   Thumb Code   504  deca_device.o(i.dwt_configure)
    dwt_configuretxrf                        0x08005d21   Thumb Code    28  deca_device.o(i.dwt_configuretxrf)
    dwt_enableautoack                        0x08005d3d   Thumb Code    34  deca_device.o(i.dwt_enableautoack)
    dwt_enableframefilter                    0x08005d65   Thumb Code    54  deca_device.o(i.dwt_enableframefilter)
    dwt_forcetrxoff                          0x08005da5   Thumb Code    76  deca_device.o(i.dwt_forcetrxoff)
    dwt_initialise                           0x08005df9   Thumb Code   200  deca_device.o(i.dwt_initialise)
    dwt_isr                                  0x08005ec9   Thumb Code   270  deca_device.o(i.dwt_isr)
    dwt_read16bitoffsetreg                   0x08005fe1   Thumb Code    30  deca_device.o(i.dwt_read16bitoffsetreg)
    dwt_read32bitoffsetreg                   0x08005fff   Thumb Code    36  deca_device.o(i.dwt_read32bitoffsetreg)
    dwt_read8bitoffsetreg                    0x08006023   Thumb Code    20  deca_device.o(i.dwt_read8bitoffsetreg)
    dwt_readdevid                            0x08006037   Thumb Code     8  deca_device.o(i.dwt_readdevid)
    dwt_readfromdevice                       0x0800603f   Thumb Code    62  deca_device.o(i.dwt_readfromdevice)
    dwt_readrxdata                           0x0800607d   Thumb Code    18  deca_device.o(i.dwt_readrxdata)
    dwt_rxenable                             0x0800608f   Thumb Code    78  deca_device.o(i.dwt_rxenable)
    dwt_rxreset                              0x080060dd   Thumb Code    26  deca_device.o(i.dwt_rxreset)
    dwt_setaddress16                         0x080060f7   Thumb Code    10  deca_device.o(i.dwt_setaddress16)
    dwt_setcallbacks                         0x08006101   Thumb Code    14  deca_device.o(i.dwt_setcallbacks)
    dwt_setdblrxbuffmode                     0x08006115   Thumb Code    40  deca_device.o(i.dwt_setdblrxbuffmode)
    dwt_seteui                               0x08006141   Thumb Code    12  deca_device.o(i.dwt_seteui)
    dwt_setinterrupt                         0x0800614d   Thumb Code    50  deca_device.o(i.dwt_setinterrupt)
    dwt_setleds                              0x08006181   Thumb Code   118  deca_device.o(i.dwt_setleds)
    dwt_setlnapamode                         0x080061fd   Thumb Code    42  deca_device.o(i.dwt_setlnapamode)
    dwt_setpanid                             0x08006227   Thumb Code    10  deca_device.o(i.dwt_setpanid)
    dwt_setxtaltrim                          0x08006231   Thumb Code    16  deca_device.o(i.dwt_setxtaltrim)
    dwt_softreset                            0x08006241   Thumb Code    64  deca_device.o(i.dwt_softreset)
    dwt_syncrxbufptrs                        0x08006285   Thumb Code    40  deca_device.o(i.dwt_syncrxbufptrs)
    dwt_write16bitoffsetreg                  0x080062ad   Thumb Code    26  deca_device.o(i.dwt_write16bitoffsetreg)
    dwt_write32bitoffsetreg                  0x080062c7   Thumb Code    30  deca_device.o(i.dwt_write32bitoffsetreg)
    dwt_write8bitoffsetreg                   0x080062e5   Thumb Code    16  deca_device.o(i.dwt_write8bitoffsetreg)
    dwt_writetodevice                        0x080062f5   Thumb Code    66  deca_device.o(i.dwt_writetodevice)
    execute_CMD                              0x08006339   Thumb Code    88  commands.o(i.execute_CMD)
    isrMessageGet                            0x08006405   Thumb Code    42  rt_cmsis.o(i.isrMessageGet)
    isrMessagePut                            0x0800642f   Thumb Code    44  rt_cmsis.o(i.isrMessagePut)
    isrSignalSet                             0x0800645b   Thumb Code    36  rt_cmsis.o(i.isrSignalSet)
    isr_evt_set                              0x08006481   Thumb Code    34  rt_event.o(i.isr_evt_set)
    isr_mbx_receive                          0x080064a9   Thumb Code    86  rt_mailbox.o(i.isr_mbx_receive)
    isr_mbx_send                             0x080064ff   Thumb Code    14  rt_mailbox.o(i.isr_mbx_send)
    led_off                                  0x0800650d   Thumb Code    72  port.o(i.led_off)
    led_on                                   0x08006555   Thumb Code    72  port.o(i.led_on)
    main                                     0x0800659d   Thumb Code    74  main.o(i.main)
    osKernelInitialize                       0x08006625   Thumb Code    30  rt_cmsis.o(i.osKernelInitialize)
    osKernelStart                            0x08006649   Thumb Code    98  rt_cmsis.o(i.osKernelStart)
    osMessageGet                             0x080066b5   Thumb Code    18  rt_cmsis.o(i.osMessageGet)
    osSignalSet                              0x080066cd   Thumb Code    18  rt_cmsis.o(i.osSignalSet)
    osSignalWait                             0x080066e5   Thumb Code    18  rt_cmsis.o(i.osSignalWait)
    osThreadCreate                           0x080066fd   Thumb Code    36  rt_cmsis.o(i.osThreadCreate)
    osThreadExit                             0x08006729   Thumb Code    14  rt_cmsis.o(i.osThreadExit)
    osTimerCall                              0x08006741   Thumb Code     8  rt_cmsis.o(i.osTimerCall)
    osTimerThread                            0x0800674d   Thumb Code    38  rt_cmsis.o(i.osTimerThread)
    os_error                                 0x08006779   Thumb Code     2  rtx_conf_cm.o(i.os_error)
    os_idle_demon                            0x0800677b   Thumb Code     2  rtx_conf_cm.o(i.os_idle_demon)
    os_tick_init                             0x0800677d   Thumb Code    32  rt_system.o(i.os_tick_init)
    os_tick_irqack                           0x080067a5   Thumb Code     2  rt_system.o(i.os_tick_irqack)
    port_DisableEXT_IRQ                      0x080067a9   Thumb Code    18  port.o(i.port_DisableEXT_IRQ)
    port_EnableEXT_IRQ                       0x080067c1   Thumb Code    10  port.o(i.port_EnableEXT_IRQ)
    port_GetEXT_IRQStatus                    0x080067d1   Thumb Code     6  port.o(i.port_GetEXT_IRQStatus)
    port_set_dw1000_fastrate                 0x080067d9   Thumb Code    12  port.o(i.port_set_dw1000_fastrate)
    port_set_dw1000_slowrate                 0x080067e9   Thumb Code    12  port.o(i.port_set_dw1000_slowrate)
    process_deca_irq                         0x080067f9   Thumb Code    28  port.o(i.process_deca_irq)
    readfromspi                              0x08006819   Thumb Code    92  deca_spi.o(i.readfromspi)
    reset_DW1000                             0x0800687d   Thumb Code    58  port.o(i.reset_DW1000)
    rt_alloc_box                             0x080068bd   Thumb Code    26  rt_membox.o(i.rt_alloc_box)
    rt_alloc_mem                             0x080068d7   Thumb Code    62  rt_memory.o(i.rt_alloc_mem)
    rt_block                                 0x08006915   Thumb Code    48  rt_task.o(i.rt_block)
    rt_chk_robin                             0x0800694d   Thumb Code    60  rt_robin.o(i.rt_chk_robin)
    rt_dec_dly                               0x08006995   Thumb Code   102  rt_list.o(i.rt_dec_dly)
    rt_dispatch                              0x08006a05   Thumb Code    60  rt_task.o(i.rt_dispatch)
    rt_evt_psh                               0x08006a49   Thumb Code    76  rt_event.o(i.rt_evt_psh)
    rt_evt_set                               0x08006a99   Thumb Code    88  rt_event.o(i.rt_evt_set)
    rt_evt_wait                              0x08006af5   Thumb Code    56  rt_event.o(i.rt_evt_wait)
    rt_free_box                              0x08006b31   Thumb Code    44  rt_membox.o(i.rt_free_box)
    rt_free_mem                              0x08006b5d   Thumb Code    40  rt_memory.o(i.rt_free_mem)
    rt_get_first                             0x08006b85   Thumb Code    40  rt_list.o(i.rt_get_first)
    rt_init_mem                              0x08006bfd   Thumb Code    26  rt_memory.o(i.rt_init_mem)
    rt_init_robin                            0x08006c19   Thumb Code    14  rt_robin.o(i.rt_init_robin)
    rt_init_stack                            0x08006c31   Thumb Code   118  hal_cm.o(i.rt_init_stack)
    rt_mbx_check                             0x08006cb1   Thumb Code     8  rt_mailbox.o(i.rt_mbx_check)
    rt_mbx_init                              0x08006cb9   Thumb Code    26  rt_mailbox.o(i.rt_mbx_init)
    rt_mbx_psh                               0x08006cd5   Thumb Code   236  rt_mailbox.o(i.rt_mbx_psh)
    rt_mbx_wait                              0x08006dc5   Thumb Code   174  rt_mailbox.o(i.rt_mbx_wait)
    rt_mut_init                              0x08006ebd   Thumb Code    16  rt_mutex.o(i.rt_mut_init)
    rt_mut_release                           0x08006ecd   Thumb Code   208  rt_mutex.o(i.rt_mut_release)
    rt_mut_wait                              0x08006fa5   Thumb Code   114  rt_mutex.o(i.rt_mut_wait)
    rt_pop_req                               0x0800701d   Thumb Code   112  rt_system.o(i.rt_pop_req)
    rt_psh_req                               0x08007099   Thumb Code    22  rt_system.o(i.rt_psh_req)
    rt_psq_enq                               0x080070b9   Thumb Code    88  rt_list.o(i.rt_psq_enq)
    rt_put_dly                               0x08007115   Thumb Code    68  rt_list.o(i.rt_put_dly)
    rt_put_prio                              0x0800715d   Thumb Code    54  rt_list.o(i.rt_put_prio)
    rt_put_rdy_first                         0x08007195   Thumb Code    14  rt_list.o(i.rt_put_rdy_first)
    rt_resort_prio                           0x080071a9   Thumb Code    46  rt_list.o(i.rt_resort_prio)
    rt_ret_val                               0x080071ed   Thumb Code    12  hal_cm.o(i.rt_ret_val)
    rt_ret_val2                              0x080071f9   Thumb Code    16  hal_cm.o(i.rt_ret_val2)
    rt_rmv_dly                               0x08007209   Thumb Code    40  rt_list.o(i.rt_rmv_dly)
    rt_rmv_list                              0x08007231   Thumb Code    44  rt_list.o(i.rt_rmv_list)
    rt_sem_psh                               0x08007261   Thumb Code    48  rt_semaphore.o(i.rt_sem_psh)
    rt_stk_check                             0x08007295   Thumb Code    28  rt_system.o(i.rt_stk_check)
    rt_switch_req                            0x080072b9   Thumb Code    30  rt_task.o(i.rt_switch_req)
    rt_sys_init                              0x080072e1   Thumb Code   138  rt_task.o(i.rt_sys_init)
    rt_sys_start                             0x080073ad   Thumb Code   110  rt_task.o(i.rt_sys_start)
    rt_systick                               0x08007425   Thumb Code    50  rt_system.o(i.rt_systick)
    rt_tsk_create                            0x080074ad   Thumb Code   118  rt_task.o(i.rt_tsk_create)
    rt_tsk_delete                            0x08007535   Thumb Code   352  rt_task.o(i.rt_tsk_delete)
    rt_tsk_prio                              0x080076b1   Thumb Code   108  rt_task.o(i.rt_tsk_prio)
    rt_tsk_self                              0x0800772d   Thumb Code    12  rt_task.o(i.rt_tsk_self)
    setup_DW1000RSTnIRQ                      0x08007891   Thumb Code    88  port.o(i.setup_DW1000RSTnIRQ)
    svcKernelInitialize                      0x080078f1   Thumb Code    80  rt_cmsis.o(i.svcKernelInitialize)
    svcKernelStart                           0x08007961   Thumb Code    62  rt_cmsis.o(i.svcKernelStart)
    svcMessageCreate                         0x080079a9   Thumb Code    36  rt_cmsis.o(i.svcMessageCreate)
    svcMessageGet                            0x080079cd   Thumb Code    58  rt_cmsis.o(i.svcMessageGet)
    svcSignalSet                             0x08007a07   Thumb Code    36  rt_cmsis.o(i.svcSignalSet)
    svcSignalWait                            0x08007a2d   Thumb Code    80  rt_cmsis.o(i.svcSignalWait)
    svcThreadCreate                          0x08007a81   Thumb Code    96  rt_cmsis.o(i.svcThreadCreate)
    svcThreadGetId                           0x08007aed   Thumb Code    22  rt_cmsis.o(i.svcThreadGetId)
    svcThreadTerminate                       0x08007b09   Thumb Code    50  rt_cmsis.o(i.svcThreadTerminate)
    svcTimerCall                             0x08007b41   Thumb Code    24  rt_cmsis.o(i.svcTimerCall)
    sysTimerTick                             0x08007b59   Thumb Code    84  rt_cmsis.o(i.sysTimerTick)
    uartThread                               0x08007bb5   Thumb Code    54  uartthread.o(i.uartThread)
    uart_sendmsg                             0x08007bf9   Thumb Code    10  commands.o(i.uart_sendmsg)
    usleep                                   0x08007c09   Thumb Code    26  port.o(i.usleep)
    writetospi                               0x08007c25   Thumb Code    76  deca_spi.o(i.writetospi)
    _get_lc_ctype                            0x08007c79   Thumb Code    44  lc_ctype_c.o(locale$$code)
    _fp_init                                 0x08007ca5   Thumb Code    10  fpinit.o(x$fpl$fpinit)
    __fplib_config_fpu_vfp                   0x08007cad   Thumb Code     0  fpinit.o(x$fpl$fpinit)
    __fplib_config_pureend_doubles           0x08007cad   Thumb Code     0  fpinit.o(x$fpl$fpinit)
    BUTTON_IRQn                              0x08007cae   Data           1  stm32f7xx_nucleo_144.o(.constdata)
    BUTTON_PIN                               0x08007cb0   Data           2  stm32f7xx_nucleo_144.o(.constdata)
    GPIO_PIN                                 0x08007cb2   Data           6  stm32f7xx_nucleo_144.o(.constdata)
    chan_idx                                 0x08007cb8   Data           8  deca_params_init.o(.constdata)
    tx_config                                0x08007cc0   Data          24  deca_params_init.o(.constdata)
    fs_pll_cfg                               0x08007cd8   Data          24  deca_params_init.o(.constdata)
    fs_pll_tune                              0x08007cf0   Data           6  deca_params_init.o(.constdata)
    rx_config                                0x08007cf6   Data           2  deca_params_init.o(.constdata)
    agc_config                               0x08007cf8   Data           8  deca_params_init.o(.constdata)
    dwnsSFDlen                               0x08007d00   Data           3  deca_params_init.o(.constdata)
    sftsh                                    0x08007d04   Data          12  deca_params_init.o(.constdata)
    dtune1                                   0x08007d10   Data           4  deca_params_init.o(.constdata)
    digital_bb_config                        0x08007d14   Data          32  deca_params_init.o(.constdata)
    lde_replicaCoeff                         0x08007d34   Data          50  deca_params_init.o(.constdata)
    os_thread_def_RXThread                   0x08007d68   Data          16  rxthread.o(.constdata)
    os_thread_def_uartThread                 0x08007d78   Data          16  uartthread.o(.constdata)
    os_maxtaskrun                            0x08007d88   Data           2  rtx_conf_cm.o(.constdata)
    os_stackinfo                             0x08007d8c   Data           4  rtx_conf_cm.o(.constdata)
    os_rrobin                                0x08007d90   Data           4  rtx_conf_cm.o(.constdata)
    os_trv                                   0x08007d94   Data           4  rtx_conf_cm.o(.constdata)
    os_flags                                 0x08007d98   Data           1  rtx_conf_cm.o(.constdata)
    CMSIS_RTOS_API_Version                   0x08007d9c   Data           4  rtx_conf_cm.o(.constdata)
    CMSIS_RTOS_RTX_Version                   0x08007da0   Data           4  rtx_conf_cm.o(.constdata)
    os_clockrate                             0x08007da4   Data           4  rtx_conf_cm.o(.constdata)
    os_timernum                              0x08007da8   Data           4  rtx_conf_cm.o(.constdata)
    mp_tcb_size                              0x08007dac   Data           2  rtx_conf_cm.o(.constdata)
    mp_stk_size                              0x08007db0   Data           4  rtx_conf_cm.o(.constdata)
    os_stack_sz                              0x08007db4   Data           4  rtx_conf_cm.o(.constdata)
    os_fifo_size                             0x08007db8   Data           1  rtx_conf_cm.o(.constdata)
    os_thread_def_osTimerThread              0x08007dbc   Data          16  rtx_conf_cm.o(.constdata)
    os_messageQ_def_osTimerMessageQ          0x08007dcc   Data           8  rtx_conf_cm.o(.constdata)
    mp_tmr_size                              0x08007dd4   Data           2  rtx_conf_cm.o(.constdata)
    os_thread_def_main                       0x08007dd8   Data          16  rtx_conf_cm.o(.constdata)
    AHBPrescTable                            0x08007de8   Data          16  system_stm32f7xx.o(.constdata)
    APBPrescTable                            0x08007df8   Data           8  system_stm32f7xx.o(.constdata)
    Region$$Table$$Base                      0x08007e00   Number         0  anon$$obj.o(Region$$Table)
    Region$$Table$$Limit                     0x08007e20   Number         0  anon$$obj.o(Region$$Table)
    __ctype                                  0x08007e2d   Data           0  lc_ctype_c.o(locale$$data)
    BUTTON_PORT                              0x20010000   Data           4  stm32f7xx_nucleo_144.o(.data)
    SpixTimeout                              0x20010004   Data           4  stm32f7xx_nucleo_144.o(.data)
    GPIO_PORT                                0x20010008   Data          12  stm32f7xx_nucleo_144.o(.data)
    u5_TxStartMessage                        0x20010014   Data          65  main.o(.data)
    USBD_CDC_CfgHSDesc                       0x20010068   Data          67  usbd_cdc.o(.data)
    USBD_CDC_CfgFSDesc                       0x200100ac   Data          67  usbd_cdc.o(.data)
    USBD_CDC_OtherSpeedCfgDesc               0x200100f0   Data          67  usbd_cdc.o(.data)
    USBD_CDC                                 0x20010134   Data          56  usbd_cdc.o(.data)
    USBD_Interface_fops_FS                   0x20010180   Data          16  usbd_cdc_if.o(.data)
    FS_Desc                                  0x20010190   Data          32  usbd_desc.o(.data)
    USBD_LangIDDesc                          0x200101b0   Data           4  usbd_desc.o(.data)
    USBD_FS_DeviceDesc                       0x200101b4   Data          18  usbd_desc.o(.data)
    USBD_FS_BOSDesc                          0x200101c8   Data          12  usbd_desc.o(.data)
    tid_RXThread                             0x200101d8   Data           4  rxthread.o(.data)
    cmd                                      0x200101f8   Data          36  commands.o(.data)
    cmd_error                                0x2001021c   Data          15  commands.o(.data)
    Rx_indx                                  0x2001022c   Data           1  uartthread.o(.data)
    Transfer_cplt                            0x2001022d   Data           1  uartthread.o(.data)
    Rx_data                                  0x2001022e   Data           2  uartthread.o(.data)
    tid_uartThread                           0x20010230   Data           4  uartthread.o(.data)
    m_tmr                                    0x20010234   Data           4  rtx_conf_cm.o(.data)
    osThreadId_osTimerThread                 0x20010238   Data           4  rtx_conf_cm.o(.data)
    osMessageQId_osTimerMessageQ             0x2001023c   Data           4  rtx_conf_cm.o(.data)
    SystemCoreClock                          0x20010244   Data           4  system_stm32f7xx.o(.data)
    os_initialized                           0x20010248   Data           1  rt_cmsis.o(.data)
    os_running                               0x20010249   Data           1  rt_cmsis.o(.data)
    os_timer_head                            0x2001024c   Data           4  rt_cmsis.o(.data)
    os_tsk                                   0x20010250   Data           8  rt_task.o(.data)
    os_time                                  0x20010258   Data           4  rt_time.o(.data)
    os_tick_irqn                             0x20010260   Data           4  rt_system.o(.data)
    os_robin                                 0x20010264   Data           8  rt_robin.o(.data)
    dbg_msg                                  0x2001026c   Data           1  hal_cm.o(.data)
    heth                                     0x20010270   Data          72  main.o(.bss)
    hspi1                                    0x200102b8   Data         100  main.o(.bss)
    huart2                                   0x2001031c   Data         112  main.o(.bss)
    hUsbDeviceFS                             0x200123c4   Data         548  usb_device.o(.bss)
    UserRxBufferFS                           0x200125e8   Data        2048  usbd_cdc_if.o(.bss)
    UserTxBufferFS                           0x20012de8   Data        2048  usbd_cdc_if.o(.bss)
    hpcd_USB_OTG_FS                          0x200135e8   Data        1024  usbd_conf.o(.bss)
    USBD_StrDesc                             0x200139e8   Data         512  usbd_desc.o(.bss)
    Rx_Buffer                                0x20013c67   Data         100  uartthread.o(.bss)
    os_messageQ_q_osTimerMessageQ            0x20013ccc   Data          32  rtx_conf_cm.o(.bss)
    mp_tcb                                   0x20013cec   Data         376  rtx_conf_cm.o(.bss)
    mp_stk                                   0x20013e68   Data        4112  rtx_conf_cm.o(.bss)
    os_stack_mem                             0x20014e78   Data       10304  rtx_conf_cm.o(.bss)
    os_fifo                                  0x200176b8   Data         132  rtx_conf_cm.o(.bss)
    os_active_TCB                            0x2001773c   Data          28  rtx_conf_cm.o(.bss)
    os_idle_TCB                              0x20017a78   Data          52  rt_task.o(.bss)
    os_rdy                                   0x20017aac   Data          24  rt_list.o(.bss)
    os_dly                                   0x20017ac4   Data          24  rt_list.o(.bss)
    __libspace_start                         0x20017adc   Data          96  libspace.o(.bss)
    __temporary_stack_top$libspace           0x20017b3c   Data           0  libspace.o(.bss)



==============================================================================

Memory Map of the image

  Image Entry point : 0x080001c9

  Load Region LR_IROM1 (Base: 0x08000000, Size: 0x000081a0, Max: 0x00100000, ABSOLUTE, COMPRESSED[0x0000808c])

    Execution Region ER_IROM1 (Exec base: 0x08000000, Load base: 0x08000000, Size: 0x00007f30, Max: 0x00100000, ABSOLUTE)

    Exec Addr    Load Addr    Size         Type   Attr      Idx    E Section Name        Object

    0x08000000   0x08000000   0x000001c8   Data   RO         5224    RESET               startup_stm32f746xx.o
    0x080001c8   0x080001c8   0x00000008   Code   RO         6628  * !!!main             c_w.l(__main.o)
    0x080001d0   0x080001d0   0x00000034   Code   RO         6956    !!!scatter          c_w.l(__scatter.o)
    0x08000204   0x08000204   0x0000005a   Code   RO         6954    !!dczerorl2         c_w.l(__dczerorl2.o)
    0x0800025e   0x0800025e   0x00000002   PAD
    0x08000260   0x08000260   0x0000001c   Code   RO         6958    !!handler_zi        c_w.l(__scatter_zi.o)
    0x0800027c   0x0800027c   0x00000002   Code   RO         6906    .ARM.Collect$$libinit$$00000000  c_w.l(libinit.o)
    0x0800027e   0x0800027e   0x00000004   Code   RO         6728    .ARM.Collect$$libinit$$00000001  c_w.l(libinit2.o)
    0x08000282   0x08000282   0x00000000   Code   RO         6731    .ARM.Collect$$libinit$$00000004  c_w.l(libinit2.o)
    0x08000282   0x08000282   0x00000008   Code   RO         6732    .ARM.Collect$$libinit$$00000005  c_w.l(libinit2.o)
    0x0800028a   0x0800028a   0x00000000   Code   RO         6734    .ARM.Collect$$libinit$$0000000A  c_w.l(libinit2.o)
    0x0800028a   0x0800028a   0x00000000   Code   RO         6736    .ARM.Collect$$libinit$$0000000C  c_w.l(libinit2.o)
    0x0800028a   0x0800028a   0x00000000   Code   RO         6738    .ARM.Collect$$libinit$$0000000E  c_w.l(libinit2.o)
    0x0800028a   0x0800028a   0x00000006   Code   RO         6739    .ARM.Collect$$libinit$$0000000F  c_w.l(libinit2.o)
    0x08000290   0x08000290   0x00000000   Code   RO         6741    .ARM.Collect$$libinit$$00000011  c_w.l(libinit2.o)
    0x08000290   0x08000290   0x0000000c   Code   RO         6742    .ARM.Collect$$libinit$$00000012  c_w.l(libinit2.o)
    0x0800029c   0x0800029c   0x00000000   Code   RO         6743    .ARM.Collect$$libinit$$00000013  c_w.l(libinit2.o)
    0x0800029c   0x0800029c   0x00000000   Code   RO         6745    .ARM.Collect$$libinit$$00000015  c_w.l(libinit2.o)
    0x0800029c   0x0800029c   0x00000000   Code   RO         6747    .ARM.Collect$$libinit$$00000017  c_w.l(libinit2.o)
    0x0800029c   0x0800029c   0x00000000   Code   RO         6749    .ARM.Collect$$libinit$$00000019  c_w.l(libinit2.o)
    0x0800029c   0x0800029c   0x00000000   Code   RO         6751    .ARM.Collect$$libinit$$0000001B  c_w.l(libinit2.o)
    0x0800029c   0x0800029c   0x00000000   Code   RO         6753    .ARM.Collect$$libinit$$0000001D  c_w.l(libinit2.o)
    0x0800029c   0x0800029c   0x00000000   Code   RO         6755    .ARM.Collect$$libinit$$0000001F  c_w.l(libinit2.o)
    0x0800029c   0x0800029c   0x00000000   Code   RO         6757    .ARM.Collect$$libinit$$00000021  c_w.l(libinit2.o)
    0x0800029c   0x0800029c   0x00000000   Code   RO         6759    .ARM.Collect$$libinit$$00000023  c_w.l(libinit2.o)
    0x0800029c   0x0800029c   0x00000000   Code   RO         6761    .ARM.Collect$$libinit$$00000025  c_w.l(libinit2.o)
    0x0800029c   0x0800029c   0x00000000   Code   RO         6765    .ARM.Collect$$libinit$$0000002C  c_w.l(libinit2.o)
    0x0800029c   0x0800029c   0x00000000   Code   RO         6767    .ARM.Collect$$libinit$$0000002E  c_w.l(libinit2.o)
    0x0800029c   0x0800029c   0x00000000   Code   RO         6769    .ARM.Collect$$libinit$$00000030  c_w.l(libinit2.o)
    0x0800029c   0x0800029c   0x00000000   Code   RO         6771    .ARM.Collect$$libinit$$00000032  c_w.l(libinit2.o)
    0x0800029c   0x0800029c   0x00000002   Code   RO         6772    .ARM.Collect$$libinit$$00000033  c_w.l(libinit2.o)
    0x0800029e   0x0800029e   0x00000002   Code   RO         6907    .ARM.Collect$$libshutdown$$00000000  c_w.l(libshutdown.o)
    0x080002a0   0x080002a0   0x00000000   Code   RO         6919    .ARM.Collect$$libshutdown$$00000002  c_w.l(libshutdown2.o)
    0x080002a0   0x080002a0   0x00000000   Code   RO         6921    .ARM.Collect$$libshutdown$$00000004  c_w.l(libshutdown2.o)
    0x080002a0   0x080002a0   0x00000000   Code   RO         6924    .ARM.Collect$$libshutdown$$00000007  c_w.l(libshutdown2.o)
    0x080002a0   0x080002a0   0x00000000   Code   RO         6927    .ARM.Collect$$libshutdown$$0000000A  c_w.l(libshutdown2.o)
    0x080002a0   0x080002a0   0x00000000   Code   RO         6929    .ARM.Collect$$libshutdown$$0000000C  c_w.l(libshutdown2.o)
    0x080002a0   0x080002a0   0x00000000   Code   RO         6932    .ARM.Collect$$libshutdown$$0000000F  c_w.l(libshutdown2.o)
    0x080002a0   0x080002a0   0x00000002   Code   RO         6933    .ARM.Collect$$libshutdown$$00000010  c_w.l(libshutdown2.o)
    0x080002a2   0x080002a2   0x00000000   Code   RO         6678    .ARM.Collect$$rtentry$$00000000  c_w.l(__rtentry.o)
    0x080002a2   0x080002a2   0x00000000   Code   RO         6787    .ARM.Collect$$rtentry$$00000002  c_w.l(__rtentry2.o)
    0x080002a2   0x080002a2   0x00000006   Code   RO         6799    .ARM.Collect$$rtentry$$00000004  c_w.l(__rtentry4.o)
    0x080002a8   0x080002a8   0x00000000   Code   RO         6789    .ARM.Collect$$rtentry$$00000009  c_w.l(__rtentry2.o)
    0x080002a8   0x080002a8   0x00000004   Code   RO         6790    .ARM.Collect$$rtentry$$0000000A  c_w.l(__rtentry2.o)
    0x080002ac   0x080002ac   0x00000008   Code   RO         6791    .ARM.Collect$$rtentry$$0000000B  c_w.l(__rtentry2.o)
    0x080002b4   0x080002b4   0x00000008   Code   RO         6793    .ARM.Collect$$rtentry$$0000000D  c_w.l(__rtentry2.o)
    0x080002bc   0x080002bc   0x00000002   Code   RO         6679    .ARM.Collect$$rtexit$$00000000  c_w.l(rtexit.o)
    0x080002be   0x080002be   0x00000000   Code   RO         6802    .ARM.Collect$$rtexit$$00000002  c_w.l(rtexit2.o)
    0x080002be   0x080002be   0x00000004   Code   RO         6803    .ARM.Collect$$rtexit$$00000003  c_w.l(rtexit2.o)
    0x080002c2   0x080002c2   0x00000006   Code   RO         6804    .ARM.Collect$$rtexit$$00000004  c_w.l(rtexit2.o)
    0x080002c8   0x080002c8   0x0000001c   Code   RO         2839    .emb_text           rtx_conf_cm.o
    0x080002e4   0x080002e4   0x00000198   Code   RO         6467    .emb_text           RTX_CM4.lib(hal_cm4.o)
    0x0800047c   0x0800047c   0x00000000   Code   RO         6819    .emb_text           c_w.l(maybetermalloc1.o)
    0x0800047c   0x0800047c   0x00000040   Code   RO         5225    .text               startup_stm32f746xx.o
    0x080004bc   0x080004bc   0x00000008   Code   RO         6482    .text               c_w.l(libspace.o)
    0x080004c4   0x080004c4   0x0000009e   Code   RO         6493    .text               c_w.l(h1_alloc_mt.o)
    0x08000562   0x08000562   0x00000076   Code   RO         6495    .text               c_w.l(h1_free_mt.o)
    0x080005d8   0x080005d8   0x0000001e   Code   RO         6549    .text               c_w.l(toupper.o)
    0x080005f6   0x080005f6   0x00000012   Code   RO         6610    .text               c_w.l(exit.o)
    0x08000608   0x08000608   0x0000008a   Code   RO         6614    .text               c_w.l(rt_memcpy_v6.o)
    0x08000692   0x08000692   0x00000064   Code   RO         6616    .text               c_w.l(rt_memcpy_w.o)
    0x080006f6   0x080006f6   0x00000002   PAD
    0x080006f8   0x080006f8   0x00000068   Code   RO         6624    .text               c_w.l(strcmpv7m_pel.o)
    0x08000760   0x08000760   0x00000006   Code   RO         6626    .text               c_w.l(heapauxi.o)
    0x08000766   0x08000766   0x00000002   PAD
    0x08000768   0x08000768   0x00000010   Code   RO         6681    .text               c_w.l(rt_ctype_table.o)
    0x08000778   0x08000778   0x0000000a   Code   RO         6692    .text               c_w.l(rt_heap_descriptor_twolibspace.o)
    0x08000782   0x08000782   0x00000004   Code   RO         6694    .text               c_w.l(hguard.o)
    0x08000786   0x08000786   0x0000008a   Code   RO         6696    .text               c_w.l(init_alloc.o)
    0x08000810   0x08000810   0x00000012   Code   RO         6702    .text               c_w.l(h1_init_mt.o)
    0x08000822   0x08000822   0x0000000a   Code   RO         6815    .text               c_w.l(rt_locale_twolibspace.o)
    0x0800082c   0x0800082c   0x0000003e   Code   RO         6823    .text               c_w.l(h1_extend_mt.o)
    0x0800086a   0x0800086a   0x0000000e   Code   RO         6862    .text               c_w.l(defsig_rtmem_outer.o)
    0x08000878   0x08000878   0x0000000c   Code   RO         6877    .text               c_w.l(sys_exit.o)
    0x08000884   0x08000884   0x00000002   Code   RO         6879    .text               c_w.l(use_no_semi.o)
    0x08000886   0x08000886   0x00000000   Code   RO         6881    .text               c_w.l(indicate_semi.o)
    0x08000886   0x08000886   0x0000004a   Code   RO         6882    .text               c_w.l(sys_stackheap_outer.o)
    0x080008d0   0x080008d0   0x0000000a   Code   RO         6888    .text               c_w.l(defsig_exit.o)
    0x080008da   0x080008da   0x00000002   PAD
    0x080008dc   0x080008dc   0x00000050   Code   RO         6894    .text               c_w.l(defsig_rtmem_inner.o)
    0x0800092c   0x0800092c   0x00000032   Code   RO         6914    .text               c_w.l(defsig_general.o)
    0x0800095e   0x0800095e   0x0000000e   Code   RO         6934    .text               c_w.l(sys_wrch.o)
    0x0800096c   0x0800096c   0x00000004   Code   RO         6477    SVC_TABLE           RTX_CM4.lib(svc_table.o)
    0x08000970   0x08000970   0x0000001c   Code   RO            7    i.BSP_LED_Off       stm32f7xx_nucleo_144.o
    0x0800098c   0x0800098c   0x0000001c   Code   RO            8    i.BSP_LED_On        stm32f7xx_nucleo_144.o
    0x080009a8   0x080009a8   0x00000008   Code   RO         2343    i.CDC_Control_FS    usbd_cdc_if.o
    0x080009b0   0x080009b0   0x00000004   Code   RO         2344    i.CDC_DeInit_FS     usbd_cdc_if.o
    0x080009b4   0x080009b4   0x00000024   Code   RO         2345    i.CDC_Init_FS       usbd_cdc_if.o
    0x080009d8   0x080009d8   0x00000018   Code   RO         2346    i.CDC_Receive_FS    usbd_cdc_if.o
    0x080009f0   0x080009f0   0x00000002   Code   RO          403    i.DebugMon_Handler  stm32f7xx_it.o
    0x080009f2   0x080009f2   0x00000002   PAD
    0x080009f4   0x080009f4   0x0000002c   Code   RO         3372    i.ETH_MACAddressConfig  stm32f7xx_hal_eth.o
    0x08000a20   0x08000a20   0x00000190   Code   RO         3373    i.ETH_MACDMAConfig  stm32f7xx_hal_eth.o
    0x08000bb0   0x08000bb0   0x00000016   Code   RO          404    i.EXTI15_10_IRQHandler  stm32f7xx_it.o
    0x08000bc6   0x08000bc6   0x00000006   Code   RO          405    i.EXTI4_IRQHandler  stm32f7xx_it.o
    0x08000bcc   0x08000bcc   0x00000020   Code   RO         2130    i.EXTI_GetITEnStatus  port.o
    0x08000bec   0x08000bec   0x00000024   Code   RO         3224    i.HAL_DMA_Abort_IT  stm32f7xx_hal_dma.o
    0x08000c10   0x08000c10   0x00000016   Code   RO         2933    i.HAL_Delay         stm32f7xx_hal.o
    0x08000c26   0x08000c26   0x00000002   PAD
    0x08000c28   0x08000c28   0x0000022c   Code   RO         3388    i.HAL_ETH_Init      stm32f7xx_hal_eth.o
    0x08000e54   0x08000e54   0x000000b4   Code   RO         5166    i.HAL_ETH_MspInit   stm32f7xx_hal_msp.o
    0x08000f08   0x08000f08   0x00000082   Code   RO         3391    i.HAL_ETH_ReadPHYRegister  stm32f7xx_hal_eth.o
    0x08000f8a   0x08000f8a   0x0000007a   Code   RO         3397    i.HAL_ETH_WritePHYRegister  stm32f7xx_hal_eth.o
    0x08001004   0x08001004   0x0000001c   Code   RO         2131    i.HAL_GPIO_EXTI_Callback  port.o
    0x08001020   0x08001020   0x00000018   Code   RO         3562    i.HAL_GPIO_EXTI_IRQHandler  stm32f7xx_hal_gpio.o
    0x08001038   0x08001038   0x000001e0   Code   RO         3563    i.HAL_GPIO_Init     stm32f7xx_hal_gpio.o
    0x08001218   0x08001218   0x0000000e   Code   RO         3565    i.HAL_GPIO_ReadPin  stm32f7xx_hal_gpio.o
    0x08001226   0x08001226   0x0000000e   Code   RO         3567    i.HAL_GPIO_WritePin  stm32f7xx_hal_gpio.o
    0x08001234   0x08001234   0x0000000c   Code   RO          268    i.HAL_GetTick       main.o
    0x08001240   0x08001240   0x00000016   Code   RO         2943    i.HAL_Init          stm32f7xx_hal.o
    0x08001256   0x08001256   0x00000002   PAD
    0x08001258   0x08001258   0x00000028   Code   RO         2944    i.HAL_InitTick      stm32f7xx_hal.o
    0x08001280   0x08001280   0x00000058   Code   RO         5167    i.HAL_MspInit       stm32f7xx_hal_msp.o
    0x080012d8   0x080012d8   0x00000022   Code   RO         3089    i.HAL_NVIC_DisableIRQ  stm32f7xx_hal_cortex.o
    0x080012fa   0x080012fa   0x0000001a   Code   RO         3090    i.HAL_NVIC_EnableIRQ  stm32f7xx_hal_cortex.o
    0x08001314   0x08001314   0x00000040   Code   RO         3096    i.HAL_NVIC_SetPriority  stm32f7xx_hal_cortex.o
    0x08001354   0x08001354   0x00000024   Code   RO         3097    i.HAL_NVIC_SetPriorityGrouping  stm32f7xx_hal_cortex.o
    0x08001378   0x08001378   0x00000024   Code   RO         3098    i.HAL_NVIC_SystemReset  stm32f7xx_hal_cortex.o
    0x0800139c   0x0800139c   0x00000028   Code   RO         3859    i.HAL_PCDEx_ActivateLPM  stm32f7xx_hal_pcd_ex.o
    0x080013c4   0x080013c4   0x00000064   Code   RO         2395    i.HAL_PCDEx_LPM_Callback  usbd_conf.o
    0x08001428   0x08001428   0x00000008   Code   RO         3862    i.HAL_PCDEx_SetRxFiFo  stm32f7xx_hal_pcd_ex.o
    0x08001430   0x08001430   0x00000042   Code   RO         3863    i.HAL_PCDEx_SetTxFiFo  stm32f7xx_hal_pcd_ex.o
    0x08001472   0x08001472   0x00000008   Code   RO         2396    i.HAL_PCD_ConnectCallback  usbd_conf.o
    0x0800147a   0x0800147a   0x00000012   Code   RO         2397    i.HAL_PCD_DataInStageCallback  usbd_conf.o
    0x0800148c   0x0800148c   0x00000014   Code   RO         2398    i.HAL_PCD_DataOutStageCallback  usbd_conf.o
    0x080014a0   0x080014a0   0x00000008   Code   RO         2399    i.HAL_PCD_DisconnectCallback  usbd_conf.o
    0x080014a8   0x080014a8   0x00000044   Code   RO         3653    i.HAL_PCD_EP_Close  stm32f7xx_hal_pcd.o
    0x080014ec   0x080014ec   0x00000050   Code   RO         3654    i.HAL_PCD_EP_ClrStall  stm32f7xx_hal_pcd.o
    0x0800153c   0x0800153c   0x00000014   Code   RO         3656    i.HAL_PCD_EP_GetRxCount  stm32f7xx_hal_pcd.o
    0x08001550   0x08001550   0x00000054   Code   RO         3657    i.HAL_PCD_EP_Open   stm32f7xx_hal_pcd.o
    0x080015a4   0x080015a4   0x00000042   Code   RO         3658    i.HAL_PCD_EP_Receive  stm32f7xx_hal_pcd.o
    0x080015e6   0x080015e6   0x00000060   Code   RO         3659    i.HAL_PCD_EP_SetStall  stm32f7xx_hal_pcd.o
    0x08001646   0x08001646   0x00000042   Code   RO         3660    i.HAL_PCD_EP_Transmit  stm32f7xx_hal_pcd.o
    0x08001688   0x08001688   0x00000550   Code   RO         3662    i.HAL_PCD_IRQHandler  stm32f7xx_hal_pcd.o
    0x08001bd8   0x08001bd8   0x00000008   Code   RO         2400    i.HAL_PCD_ISOINIncompleteCallback  usbd_conf.o
    0x08001be0   0x08001be0   0x00000008   Code   RO         2401    i.HAL_PCD_ISOOUTIncompleteCallback  usbd_conf.o
    0x08001be8   0x08001be8   0x000000c8   Code   RO         3665    i.HAL_PCD_Init      stm32f7xx_hal_pcd.o
    0x08001cb0   0x08001cb0   0x00000070   Code   RO         2403    i.HAL_PCD_MspInit   usbd_conf.o
    0x08001d20   0x08001d20   0x00000022   Code   RO         2404    i.HAL_PCD_ResetCallback  usbd_conf.o
    0x08001d42   0x08001d42   0x00000008   Code   RO         2405    i.HAL_PCD_ResumeCallback  usbd_conf.o
    0x08001d4a   0x08001d4a   0x00000008   Code   RO         2406    i.HAL_PCD_SOFCallback  usbd_conf.o
    0x08001d52   0x08001d52   0x00000024   Code   RO         3671    i.HAL_PCD_SetAddress  stm32f7xx_hal_pcd.o
    0x08001d76   0x08001d76   0x0000000e   Code   RO         2407    i.HAL_PCD_SetupStageCallback  usbd_conf.o
    0x08001d84   0x08001d84   0x0000002a   Code   RO         3673    i.HAL_PCD_Start     stm32f7xx_hal_pcd.o
    0x08001dae   0x08001dae   0x00000002   PAD
    0x08001db0   0x08001db0   0x00000030   Code   RO         2408    i.HAL_PCD_SuspendCallback  usbd_conf.o
    0x08001de0   0x08001de0   0x00000698   Code   RO         4227    i.HAL_RCCEx_PeriphCLKConfig  stm32f7xx_hal_rcc_ex.o
    0x08002478   0x08002478   0x00000174   Code   RO         4124    i.HAL_RCC_ClockConfig  stm32f7xx_hal_rcc.o
    0x080025ec   0x080025ec   0x0000000c   Code   RO         4129    i.HAL_RCC_GetHCLKFreq  stm32f7xx_hal_rcc.o
    0x080025f8   0x080025f8   0x0000002c   Code   RO         4131    i.HAL_RCC_GetPCLK1Freq  stm32f7xx_hal_rcc.o
    0x08002624   0x08002624   0x0000002c   Code   RO         4132    i.HAL_RCC_GetPCLK2Freq  stm32f7xx_hal_rcc.o
    0x08002650   0x08002650   0x00000080   Code   RO         4133    i.HAL_RCC_GetSysClockFreq  stm32f7xx_hal_rcc.o
    0x080026d0   0x080026d0   0x00000408   Code   RO         4136    i.HAL_RCC_OscConfig  stm32f7xx_hal_rcc.o
    0x08002ad8   0x08002ad8   0x00000006   Code   RO         4270    i.HAL_SPI_GetState  stm32f7xx_hal_spi.o
    0x08002ade   0x08002ade   0x000000b8   Code   RO         4272    i.HAL_SPI_Init      stm32f7xx_hal_spi.o
    0x08002b96   0x08002b96   0x00000002   PAD
    0x08002b98   0x08002b98   0x0000007c   Code   RO         5169    i.HAL_SPI_MspInit   stm32f7xx_hal_msp.o
    0x08002c14   0x08002c14   0x00000142   Code   RO         4280    i.HAL_SPI_Transmit  stm32f7xx_hal_spi.o
    0x08002d56   0x08002d56   0x00000226   Code   RO         4281    i.HAL_SPI_TransmitReceive  stm32f7xx_hal_spi.o
    0x08002f7c   0x08002f7c   0x0000001c   Code   RO         3099    i.HAL_SYSTICK_CLKSourceConfig  stm32f7xx_hal_cortex.o
    0x08002f98   0x08002f98   0x00000028   Code   RO         3101    i.HAL_SYSTICK_Config  stm32f7xx_hal_cortex.o
    0x08002fc0   0x08002fc0   0x00000002   Code   RO         4603    i.HAL_UART_ErrorCallback  stm32f7xx_hal_uart.o
    0x08002fc2   0x08002fc2   0x00000002   PAD
    0x08002fc4   0x08002fc4   0x00000128   Code   RO         4606    i.HAL_UART_IRQHandler  stm32f7xx_hal_uart.o
    0x080030ec   0x080030ec   0x00000070   Code   RO         4607    i.HAL_UART_Init     stm32f7xx_hal_uart.o
    0x0800315c   0x0800315c   0x0000005c   Code   RO         5171    i.HAL_UART_MspInit  stm32f7xx_hal_msp.o
    0x080031b8   0x080031b8   0x000000a0   Code   RO         4612    i.HAL_UART_Receive_IT  stm32f7xx_hal_uart.o
    0x08003258   0x08003258   0x00000068   Code   RO         2800    i.HAL_UART_RxCpltCallback  uartthread.o
    0x080032c0   0x080032c0   0x00000042   Code   RO         4617    i.HAL_UART_Transmit_IT  stm32f7xx_hal_uart.o
    0x08003302   0x08003302   0x00000002   Code   RO         4618    i.HAL_UART_TxCpltCallback  stm32f7xx_hal_uart.o
    0x08003304   0x08003304   0x00000002   Code   RO          406    i.HardFault_Handler  stm32f7xx_it.o
    0x08003306   0x08003306   0x00000002   PAD
    0x08003308   0x08003308   0x000000b0   Code   RO         2664    i.Init_RXThread     rxthread.o
    0x080033b8   0x080033b8   0x00000024   Code   RO         2801    i.Init_uartThread   uartthread.o
    0x080033dc   0x080033dc   0x0000008c   Code   RO          269    i.MX_ETH_Init       main.o
    0x08003468   0x08003468   0x0000016c   Code   RO          270    i.MX_GPIO_Init      main.o
    0x080035d4   0x080035d4   0x00000036   Code   RO          271    i.MX_NVIC_Init      main.o
    0x0800360a   0x0800360a   0x00000002   PAD
    0x0800360c   0x0800360c   0x00000084   Code   RO          272    i.MX_SPI1_Init      main.o
    0x08003690   0x08003690   0x00000074   Code   RO          273    i.MX_USART2_UART_Init  main.o
    0x08003704   0x08003704   0x00000038   Code   RO         2313    i.MX_USB_DEVICE_Init  usb_device.o
    0x0800373c   0x0800373c   0x00000002   Code   RO          407    i.MemManage_Handler  stm32f7xx_it.o
    0x0800373e   0x0800373e   0x00000002   PAD
    0x08003740   0x08003740   0x0000000c   Code   RO          408    i.OTG_FS_IRQHandler  stm32f7xx_it.o
    0x0800374c   0x0800374c   0x00000098   Code   RO         3676    i.PCD_WriteEmptyTxFifo  stm32f7xx_hal_pcd.o
    0x080037e4   0x080037e4   0x00000002   Code   RO         2665    i.RXThread          rxthread.o
    0x080037e6   0x080037e6   0x00000064   Code   RO         4310    i.SPI_EndRxTxTransaction  stm32f7xx_hal_spi.o
    0x0800384a   0x0800384a   0x0000009c   Code   RO         4315    i.SPI_WaitFifoStateUntilTimeout  stm32f7xx_hal_spi.o
    0x080038e6   0x080038e6   0x00000086   Code   RO         4316    i.SPI_WaitFlagStateUntilTimeout  stm32f7xx_hal_spi.o
    0x0800396c   0x0800396c   0x00000004   Code   RO         2260    i.Sleep             port.o
    0x08003970   0x08003970   0x00000100   Code   RO          274    i.SystemClock_Config  main.o
    0x08003a70   0x08003a70   0x00000054   Code   RO         5233    i.SystemInit        system_stm32f7xx.o
    0x08003ac4   0x08003ac4   0x000000c8   Code   RO         4620    i.UART_AdvFeatureConfig  stm32f7xx_hal_uart.o
    0x08003b8c   0x08003b8c   0x0000003c   Code   RO         4621    i.UART_CheckIdleState  stm32f7xx_hal_uart.o
    0x08003bc8   0x08003bc8   0x00000014   Code   RO         4622    i.UART_DMAAbortOnError  stm32f7xx_hal_uart.o
    0x08003bdc   0x08003bdc   0x0000001c   Code   RO         4628    i.UART_EndRxTransfer  stm32f7xx_hal_uart.o
    0x08003bf8   0x08003bf8   0x0000001a   Code   RO         4629    i.UART_EndTransmit_IT  stm32f7xx_hal_uart.o
    0x08003c12   0x08003c12   0x0000007a   Code   RO         4631    i.UART_Receive_IT   stm32f7xx_hal_uart.o
    0x08003c8c   0x08003c8c   0x000002fc   Code   RO         4632    i.UART_SetConfig    stm32f7xx_hal_uart.o
    0x08003f88   0x08003f88   0x00000064   Code   RO         4633    i.UART_Transmit_IT  stm32f7xx_hal_uart.o
    0x08003fec   0x08003fec   0x00000064   Code   RO         4634    i.UART_WaitOnFlagUntilTimeout  stm32f7xx_hal_uart.o
    0x08004050   0x08004050   0x0000000c   Code   RO          409    i.USART2_IRQHandler  stm32f7xx_it.o
    0x0800405c   0x0800405c   0x00000016   Code   RO          760    i.USBD_CDC_DataIn   usbd_cdc.o
    0x08004072   0x08004072   0x00000030   Code   RO          761    i.USBD_CDC_DataOut  usbd_cdc.o
    0x080040a2   0x080040a2   0x0000003c   Code   RO          762    i.USBD_CDC_DeInit   usbd_cdc.o
    0x080040de   0x080040de   0x0000002a   Code   RO          763    i.USBD_CDC_EP0_RxReady  usbd_cdc.o
    0x08004108   0x08004108   0x0000000c   Code   RO          764    i.USBD_CDC_GetDeviceQualifierDescriptor  usbd_cdc.o
    0x08004114   0x08004114   0x0000000c   Code   RO          765    i.USBD_CDC_GetFSCfgDesc  usbd_cdc.o
    0x08004120   0x08004120   0x0000000c   Code   RO          766    i.USBD_CDC_GetHSCfgDesc  usbd_cdc.o
    0x0800412c   0x0800412c   0x0000000c   Code   RO          767    i.USBD_CDC_GetOtherSpeedCfgDesc  usbd_cdc.o
    0x08004138   0x08004138   0x0000009e   Code   RO          768    i.USBD_CDC_Init     usbd_cdc.o
    0x080041d6   0x080041d6   0x00000032   Code   RO          769    i.USBD_CDC_ReceivePacket  usbd_cdc.o
    0x08004208   0x08004208   0x00000010   Code   RO          770    i.USBD_CDC_RegisterInterface  usbd_cdc.o
    0x08004218   0x08004218   0x0000000c   Code   RO          771    i.USBD_CDC_SetRxBuffer  usbd_cdc.o
    0x08004224   0x08004224   0x00000010   Code   RO          772    i.USBD_CDC_SetTxBuffer  usbd_cdc.o
    0x08004234   0x08004234   0x00000078   Code   RO          773    i.USBD_CDC_Setup    usbd_cdc.o
    0x080042ac   0x080042ac   0x0000000e   Code   RO          622    i.USBD_ClrClassConfig  usbd_core.o
    0x080042ba   0x080042ba   0x0000003c   Code   RO          467    i.USBD_ClrFeature   usbd_ctlreq.o
    0x080042f6   0x080042f6   0x00000010   Code   RO          562    i.USBD_CtlContinueRx  usbd_ioreq.o
    0x08004306   0x08004306   0x00000010   Code   RO          563    i.USBD_CtlContinueSendData  usbd_ioreq.o
    0x08004316   0x08004316   0x00000018   Code   RO          468    i.USBD_CtlError     usbd_ctlreq.o
    0x0800432e   0x0800432e   0x0000001e   Code   RO          564    i.USBD_CtlPrepareRx  usbd_ioreq.o
    0x0800434c   0x0800434c   0x00000016   Code   RO          565    i.USBD_CtlReceiveStatus  usbd_ioreq.o
    0x08004362   0x08004362   0x0000001a   Code   RO          566    i.USBD_CtlSendData  usbd_ioreq.o
    0x0800437c   0x0800437c   0x00000016   Code   RO          567    i.USBD_CtlSendStatus  usbd_ioreq.o
    0x08004392   0x08004392   0x00000002   PAD
    0x08004394   0x08004394   0x00000030   Code   RO         2590    i.USBD_FS_ConfigStrDescriptor  usbd_desc.o
    0x080043c4   0x080043c4   0x0000000c   Code   RO         2591    i.USBD_FS_DeviceDescriptor  usbd_desc.o
    0x080043d0   0x080043d0   0x00000034   Code   RO         2592    i.USBD_FS_InterfaceStrDescriptor  usbd_desc.o
    0x08004404   0x08004404   0x0000000c   Code   RO         2593    i.USBD_FS_LangIDStrDescriptor  usbd_desc.o
    0x08004410   0x08004410   0x00000028   Code   RO         2594    i.USBD_FS_ManufacturerStrDescriptor  usbd_desc.o
    0x08004438   0x08004438   0x0000003c   Code   RO         2595    i.USBD_FS_ProductStrDescriptor  usbd_desc.o
    0x08004474   0x08004474   0x00000034   Code   RO         2596    i.USBD_FS_SerialStrDescriptor  usbd_desc.o
    0x080044a8   0x080044a8   0x0000000c   Code   RO         2597    i.USBD_FS_USR_BOSDescriptor  usbd_desc.o
    0x080044b4   0x080044b4   0x00000030   Code   RO          469    i.USBD_GetConfig    usbd_ctlreq.o
    0x080044e4   0x080044e4   0x0000014c   Code   RO          470    i.USBD_GetDescriptor  usbd_ctlreq.o
    0x08004630   0x08004630   0x00000014   Code   RO          471    i.USBD_GetLen       usbd_ctlreq.o
    0x08004644   0x08004644   0x00000028   Code   RO          472    i.USBD_GetStatus    usbd_ctlreq.o
    0x0800466c   0x0800466c   0x0000003c   Code   RO          473    i.USBD_GetString    usbd_ctlreq.o
    0x080046a8   0x080046a8   0x0000002c   Code   RO          624    i.USBD_Init         usbd_core.o
    0x080046d4   0x080046d4   0x0000002c   Code   RO         2409    i.USBD_LL_ClearStallEP  usbd_conf.o
    0x08004700   0x08004700   0x0000002c   Code   RO         2410    i.USBD_LL_CloseEP   usbd_conf.o
    0x0800472c   0x0800472c   0x000000ba   Code   RO          625    i.USBD_LL_DataInStage  usbd_core.o
    0x080047e6   0x080047e6   0x0000006c   Code   RO          626    i.USBD_LL_DataOutStage  usbd_core.o
    0x08004852   0x08004852   0x00000004   Code   RO          627    i.USBD_LL_DevConnected  usbd_core.o
    0x08004856   0x08004856   0x00000016   Code   RO          628    i.USBD_LL_DevDisconnected  usbd_core.o
    0x0800486c   0x0800486c   0x00000008   Code   RO         2414    i.USBD_LL_GetRxDataSize  usbd_conf.o
    0x08004874   0x08004874   0x000000a8   Code   RO         2415    i.USBD_LL_Init      usbd_conf.o
    0x0800491c   0x0800491c   0x00000020   Code   RO         2416    i.USBD_LL_IsStallEP  usbd_conf.o
    0x0800493c   0x0800493c   0x00000004   Code   RO          629    i.USBD_LL_IsoINIncomplete  usbd_core.o
    0x08004940   0x08004940   0x00000004   Code   RO          630    i.USBD_LL_IsoOUTIncomplete  usbd_core.o
    0x08004944   0x08004944   0x00000032   Code   RO         2417    i.USBD_LL_OpenEP    usbd_conf.o
    0x08004976   0x08004976   0x0000002c   Code   RO         2418    i.USBD_LL_PrepareReceive  usbd_conf.o
    0x080049a2   0x080049a2   0x00000040   Code   RO          631    i.USBD_LL_Reset     usbd_core.o
    0x080049e2   0x080049e2   0x0000000c   Code   RO          632    i.USBD_LL_Resume    usbd_core.o
    0x080049ee   0x080049ee   0x00000018   Code   RO          633    i.USBD_LL_SOF       usbd_core.o
    0x08004a06   0x08004a06   0x00000006   Code   RO          634    i.USBD_LL_SetSpeed  usbd_core.o
    0x08004a0c   0x08004a0c   0x0000002c   Code   RO         2419    i.USBD_LL_SetUSBAddress  usbd_conf.o
    0x08004a38   0x08004a38   0x0000005a   Code   RO          635    i.USBD_LL_SetupStage  usbd_core.o
    0x08004a92   0x08004a92   0x0000002c   Code   RO         2420    i.USBD_LL_StallEP   usbd_conf.o
    0x08004abe   0x08004abe   0x0000002c   Code   RO         2421    i.USBD_LL_Start     usbd_conf.o
    0x08004aea   0x08004aea   0x00000010   Code   RO          636    i.USBD_LL_Suspend   usbd_core.o
    0x08004afa   0x08004afa   0x0000002c   Code   RO         2423    i.USBD_LL_Transmit  usbd_conf.o
    0x08004b26   0x08004b26   0x00000028   Code   RO          474    i.USBD_ParseSetupRequest  usbd_ctlreq.o
    0x08004b4e   0x08004b4e   0x00000012   Code   RO          637    i.USBD_RegisterClass  usbd_core.o
    0x08004b60   0x08004b60   0x00000004   Code   RO          638    i.USBD_RunTestMode  usbd_core.o
    0x08004b64   0x08004b64   0x00000054   Code   RO          475    i.USBD_SetAddress   usbd_ctlreq.o
    0x08004bb8   0x08004bb8   0x00000018   Code   RO          639    i.USBD_SetClassConfig  usbd_core.o
    0x08004bd0   0x08004bd0   0x000000c4   Code   RO          476    i.USBD_SetConfig    usbd_ctlreq.o
    0x08004c94   0x08004c94   0x00000024   Code   RO          477    i.USBD_SetFeature   usbd_ctlreq.o
    0x08004cb8   0x08004cb8   0x0000000a   Code   RO          640    i.USBD_Start        usbd_core.o
    0x08004cc2   0x08004cc2   0x0000004a   Code   RO          478    i.USBD_StdDevReq    usbd_ctlreq.o
    0x08004d0c   0x08004d0c   0x00000120   Code   RO          479    i.USBD_StdEPReq     usbd_ctlreq.o
    0x08004e2c   0x08004e2c   0x00000044   Code   RO          480    i.USBD_StdItfReq    usbd_ctlreq.o
    0x08004e70   0x08004e70   0x00000084   Code   RO         4878    i.USB_ActivateEndpoint  stm32f7xx_ll_usb.o
    0x08004ef4   0x08004ef4   0x00000034   Code   RO         4879    i.USB_ActivateSetup  stm32f7xx_ll_usb.o
    0x08004f28   0x08004f28   0x00000074   Code   RO         4881    i.USB_CoreInit      stm32f7xx_ll_usb.o
    0x08004f9c   0x08004f9c   0x00000038   Code   RO         4882    i.USB_CoreReset     stm32f7xx_ll_usb.o
    0x08004fd4   0x08004fd4   0x00000072   Code   RO         4884    i.USB_DeactivateEndpoint  stm32f7xx_ll_usb.o
    0x08005046   0x08005046   0x00000018   Code   RO         4885    i.USB_DevConnect    stm32f7xx_ll_usb.o
    0x0800505e   0x0800505e   0x00000018   Code   RO         4886    i.USB_DevDisconnect  stm32f7xx_ll_usb.o
    0x08005076   0x08005076   0x00000002   PAD
    0x08005078   0x08005078   0x00000170   Code   RO         4887    i.USB_DevInit       stm32f7xx_ll_usb.o
    0x080051e8   0x080051e8   0x0000000c   Code   RO         4888    i.USB_DisableGlobalInt  stm32f7xx_ll_usb.o
    0x080051f4   0x080051f4   0x00000148   Code   RO         4891    i.USB_EP0StartXfer  stm32f7xx_ll_usb.o
    0x0800533c   0x0800533c   0x00000038   Code   RO         4892    i.USB_EP0_OutStart  stm32f7xx_ll_usb.o
    0x08005374   0x08005374   0x00000064   Code   RO         4893    i.USB_EPClearStall  stm32f7xx_ll_usb.o
    0x080053d8   0x080053d8   0x0000005e   Code   RO         4894    i.USB_EPSetStall    stm32f7xx_ll_usb.o
    0x08005436   0x08005436   0x00000002   PAD
    0x08005438   0x08005438   0x0000023c   Code   RO         4895    i.USB_EPStartXfer   stm32f7xx_ll_usb.o
    0x08005674   0x08005674   0x0000000c   Code   RO         4896    i.USB_EnableGlobalInt  stm32f7xx_ll_usb.o
    0x08005680   0x08005680   0x00000020   Code   RO         4897    i.USB_FlushRxFifo   stm32f7xx_ll_usb.o
    0x080056a0   0x080056a0   0x00000024   Code   RO         4898    i.USB_FlushTxFifo   stm32f7xx_ll_usb.o
    0x080056c4   0x080056c4   0x0000003c   Code   RO         4900    i.USB_GetDevSpeed   stm32f7xx_ll_usb.o
    0x08005700   0x08005700   0x00000008   Code   RO         4902    i.USB_GetMode       stm32f7xx_ll_usb.o
    0x08005708   0x08005708   0x0000000e   Code   RO         4909    i.USB_ReadDevAllInEpInterrupt  stm32f7xx_ll_usb.o
    0x08005716   0x08005716   0x0000000e   Code   RO         4910    i.USB_ReadDevAllOutEpInterrupt  stm32f7xx_ll_usb.o
    0x08005724   0x08005724   0x0000001e   Code   RO         4911    i.USB_ReadDevInEPInterrupt  stm32f7xx_ll_usb.o
    0x08005742   0x08005742   0x00000010   Code   RO         4912    i.USB_ReadDevOutEPInterrupt  stm32f7xx_ll_usb.o
    0x08005752   0x08005752   0x00000008   Code   RO         4913    i.USB_ReadInterrupts  stm32f7xx_ll_usb.o
    0x0800575a   0x0800575a   0x00000020   Code   RO         4914    i.USB_ReadPacket    stm32f7xx_ll_usb.o
    0x0800577a   0x0800577a   0x0000002e   Code   RO         4916    i.USB_SetCurrentMode  stm32f7xx_ll_usb.o
    0x080057a8   0x080057a8   0x0000001e   Code   RO         4917    i.USB_SetDevAddress  stm32f7xx_ll_usb.o
    0x080057c6   0x080057c6   0x0000000e   Code   RO         4918    i.USB_SetDevSpeed   stm32f7xx_ll_usb.o
    0x080057d4   0x080057d4   0x00000028   Code   RO         4921    i.USB_WritePacket   stm32f7xx_ll_usb.o
    0x080057fc   0x080057fc   0x00000002   Code   RO          275    i._Error_Handler    main.o
    0x080057fe   0x080057fe   0x00000020   Code   RO         3103    i.__NVIC_SetPriority  stm32f7xx_hal_cortex.o
    0x0800581e   0x0800581e   0x0000001a   Code   RO         1335    i._dwt_aonarrayupload  deca_device.o
    0x08005838   0x08005838   0x00000032   Code   RO         1337    i._dwt_configlde    deca_device.o
    0x0800586a   0x0800586a   0x00000016   Code   RO         1338    i._dwt_disablesequencing  deca_device.o
    0x08005880   0x08005880   0x000000ea   Code   RO         1339    i._dwt_enableclocks  deca_device.o
    0x0800596a   0x0800596a   0x00000024   Code   RO         1340    i._dwt_loaducodefromrom  deca_device.o
    0x0800598e   0x0800598e   0x0000002c   Code   RO         1342    i._dwt_otpread      deca_device.o
    0x080059ba   0x080059ba   0x00000046   Code   RO         6361    i._init_box         RTX_CM4.lib(rt_membox.o)
    0x08005a00   0x08005a00   0x00000020   Code   RO         2841    i._mutex_acquire    rtx_conf_cm.o
    0x08005a20   0x08005a20   0x0000002c   Code   RO         2842    i._mutex_initialize  rtx_conf_cm.o
    0x08005a4c   0x08005a4c   0x0000001c   Code   RO         2843    i._mutex_release    rtx_conf_cm.o
    0x08005a68   0x08005a68   0x00000006   Code   RO         2740    i.cmd_ledallOFF     commands.o
    0x08005a6e   0x08005a6e   0x00000006   Code   RO         2741    i.cmd_ledallON      commands.o
    0x08005a74   0x08005a74   0x00000004   Code   RO         2742    i.cmd_reset         commands.o
    0x08005a78   0x08005a78   0x00000030   Code   RO         6414    i.dbg_init          RTX_CM4.lib(hal_cm.o)
    0x08005aa8   0x08005aa8   0x00000020   Code   RO         6415    i.dbg_task_notify   RTX_CM4.lib(hal_cm.o)
    0x08005ac8   0x08005ac8   0x00000010   Code   RO         6416    i.dbg_task_switch   RTX_CM4.lib(hal_cm.o)
    0x08005ad8   0x08005ad8   0x00000004   Code   RO         2063    i.deca_sleep        deca_sleep.o
    0x08005adc   0x08005adc   0x0000000a   Code   RO         1998    i.decamutexoff      deca_mutex.o
    0x08005ae6   0x08005ae6   0x00000012   Code   RO         1999    i.decamutexon       deca_mutex.o
    0x08005af8   0x08005af8   0x00000228   Code   RO         1349    i.dwt_configure     deca_device.o
    0x08005d20   0x08005d20   0x0000001c   Code   RO         1352    i.dwt_configuretxrf  deca_device.o
    0x08005d3c   0x08005d3c   0x00000028   Code   RO         1353    i.dwt_enableautoack  deca_device.o
    0x08005d64   0x08005d64   0x00000040   Code   RO         1354    i.dwt_enableframefilter  deca_device.o
    0x08005da4   0x08005da4   0x00000054   Code   RO         1357    i.dwt_forcetrxoff   deca_device.o
    0x08005df8   0x08005df8   0x000000d0   Code   RO         1362    i.dwt_initialise    deca_device.o
    0x08005ec8   0x08005ec8   0x00000118   Code   RO         1363    i.dwt_isr           deca_device.o
    0x08005fe0   0x08005fe0   0x0000001e   Code   RO         1369    i.dwt_read16bitoffsetreg  deca_device.o
    0x08005ffe   0x08005ffe   0x00000024   Code   RO         1370    i.dwt_read32bitoffsetreg  deca_device.o
    0x08006022   0x08006022   0x00000014   Code   RO         1371    i.dwt_read8bitoffsetreg  deca_device.o
    0x08006036   0x08006036   0x00000008   Code   RO         1373    i.dwt_readdevid     deca_device.o
    0x0800603e   0x0800603e   0x0000003e   Code   RO         1376    i.dwt_readfromdevice  deca_device.o
    0x0800607c   0x0800607c   0x00000012   Code   RO         1377    i.dwt_readrxdata    deca_device.o
    0x0800608e   0x0800608e   0x0000004e   Code   RO         1389    i.dwt_rxenable      deca_device.o
    0x080060dc   0x080060dc   0x0000001a   Code   RO         1390    i.dwt_rxreset       deca_device.o
    0x080060f6   0x080060f6   0x0000000a   Code   RO         1391    i.dwt_setaddress16  deca_device.o
    0x08006100   0x08006100   0x00000014   Code   RO         1392    i.dwt_setcallbacks  deca_device.o
    0x08006114   0x08006114   0x0000002c   Code   RO         1393    i.dwt_setdblrxbuffmode  deca_device.o
    0x08006140   0x08006140   0x0000000c   Code   RO         1395    i.dwt_seteui        deca_device.o
    0x0800614c   0x0800614c   0x00000032   Code   RO         1399    i.dwt_setinterrupt  deca_device.o
    0x0800617e   0x0800617e   0x00000002   PAD
    0x08006180   0x08006180   0x0000007c   Code   RO         1400    i.dwt_setleds       deca_device.o
    0x080061fc   0x080061fc   0x0000002a   Code   RO         1401    i.dwt_setlnapamode  deca_device.o
    0x08006226   0x08006226   0x0000000a   Code   RO         1403    i.dwt_setpanid      deca_device.o
    0x08006230   0x08006230   0x00000010   Code   RO         1412    i.dwt_setxtaltrim   deca_device.o
    0x08006240   0x08006240   0x00000044   Code   RO         1413    i.dwt_softreset     deca_device.o
    0x08006284   0x08006284   0x00000028   Code   RO         1416    i.dwt_syncrxbufptrs  deca_device.o
    0x080062ac   0x080062ac   0x0000001a   Code   RO         1417    i.dwt_write16bitoffsetreg  deca_device.o
    0x080062c6   0x080062c6   0x0000001e   Code   RO         1418    i.dwt_write32bitoffsetreg  deca_device.o
    0x080062e4   0x080062e4   0x00000010   Code   RO         1419    i.dwt_write8bitoffsetreg  deca_device.o
    0x080062f4   0x080062f4   0x00000042   Code   RO         1420    i.dwt_writetodevice  deca_device.o
    0x08006336   0x08006336   0x00000002   PAD
    0x08006338   0x08006338   0x0000005c   Code   RO         2743    i.execute_CMD       commands.o
    0x08006394   0x08006394   0x00000070   Code   RO         2744    i.get_entry         commands.o
    0x08006404   0x08006404   0x0000002a   Code   RO         5270    i.isrMessageGet     RTX_CM4.lib(rt_cmsis.o)
    0x0800642e   0x0800642e   0x0000002c   Code   RO         5271    i.isrMessagePut     RTX_CM4.lib(rt_cmsis.o)
    0x0800645a   0x0800645a   0x00000024   Code   RO         5273    i.isrSignalSet      RTX_CM4.lib(rt_cmsis.o)
    0x0800647e   0x0800647e   0x00000002   PAD
    0x08006480   0x08006480   0x00000028   Code   RO         6131    i.isr_evt_set       RTX_CM4.lib(rt_event.o)
    0x080064a8   0x080064a8   0x00000056   Code   RO         6249    i.isr_mbx_receive   RTX_CM4.lib(rt_mailbox.o)
    0x080064fe   0x080064fe   0x0000000e   Code   RO         6250    i.isr_mbx_send      RTX_CM4.lib(rt_mailbox.o)
    0x0800650c   0x0800650c   0x00000048   Code   RO         2133    i.led_off           port.o
    0x08006554   0x08006554   0x00000048   Code   RO         2134    i.led_on            port.o
    0x0800659c   0x0800659c   0x00000088   Code   RO          276    i.main              main.o
    0x08006624   0x08006624   0x00000024   Code   RO         5275    i.osKernelInitialize  RTX_CM4.lib(rt_cmsis.o)
    0x08006648   0x08006648   0x0000006c   Code   RO         5277    i.osKernelStart     RTX_CM4.lib(rt_cmsis.o)
    0x080066b4   0x080066b4   0x00000018   Code   RO         5286    i.osMessageGet      RTX_CM4.lib(rt_cmsis.o)
    0x080066cc   0x080066cc   0x00000018   Code   RO         5301    i.osSignalSet       RTX_CM4.lib(rt_cmsis.o)
    0x080066e4   0x080066e4   0x00000018   Code   RO         5302    i.osSignalWait      RTX_CM4.lib(rt_cmsis.o)
    0x080066fc   0x080066fc   0x0000002c   Code   RO         5303    i.osThreadCreate    RTX_CM4.lib(rt_cmsis.o)
    0x08006728   0x08006728   0x00000018   Code   RO         5304    i.osThreadExit      RTX_CM4.lib(rt_cmsis.o)
    0x08006740   0x08006740   0x0000000c   Code   RO         5310    i.osTimerCall       RTX_CM4.lib(rt_cmsis.o)
    0x0800674c   0x0800674c   0x0000002c   Code   RO         5315    i.osTimerThread     RTX_CM4.lib(rt_cmsis.o)
    0x08006778   0x08006778   0x00000002   Code   RO         2844    i.os_error          rtx_conf_cm.o
    0x0800677a   0x0800677a   0x00000002   Code   RO         2845    i.os_idle_demon     rtx_conf_cm.o
    0x0800677c   0x0800677c   0x00000028   Code   RO         6041    i.os_tick_init      RTX_CM4.lib(rt_system.o)
    0x080067a4   0x080067a4   0x00000002   Code   RO         6042    i.os_tick_irqack    RTX_CM4.lib(rt_system.o)
    0x080067a6   0x080067a6   0x00000002   PAD
    0x080067a8   0x080067a8   0x00000018   Code   RO         2275    i.port_DisableEXT_IRQ  port.o
    0x080067c0   0x080067c0   0x00000010   Code   RO         2281    i.port_EnableEXT_IRQ  port.o
    0x080067d0   0x080067d0   0x00000006   Code   RO         2287    i.port_GetEXT_IRQStatus  port.o
    0x080067d6   0x080067d6   0x00000002   PAD
    0x080067d8   0x080067d8   0x00000010   Code   RO         2140    i.port_set_dw1000_fastrate  port.o
    0x080067e8   0x080067e8   0x00000010   Code   RO         2141    i.port_set_dw1000_slowrate  port.o
    0x080067f8   0x080067f8   0x00000020   Code   RO         2270    i.process_deca_irq  port.o
    0x08006818   0x08006818   0x00000064   Code   RO         2080    i.readfromspi       deca_spi.o
    0x0800687c   0x0800687c   0x00000040   Code   RO         2145    i.reset_DW1000      port.o
    0x080068bc   0x080068bc   0x0000001a   Code   RO         6362    i.rt_alloc_box      RTX_CM4.lib(rt_membox.o)
    0x080068d6   0x080068d6   0x0000003e   Code   RO         6390    i.rt_alloc_mem      RTX_CM4.lib(rt_memory.o)
    0x08006914   0x08006914   0x00000038   Code   RO         5889    i.rt_block          RTX_CM4.lib(rt_task.o)
    0x0800694c   0x0800694c   0x00000048   Code   RO         6339    i.rt_chk_robin      RTX_CM4.lib(rt_robin.o)
    0x08006994   0x08006994   0x00000070   Code   RO         6173    i.rt_dec_dly        RTX_CM4.lib(rt_list.o)
    0x08006a04   0x08006a04   0x00000044   Code   RO         5890    i.rt_dispatch       RTX_CM4.lib(rt_task.o)
    0x08006a48   0x08006a48   0x00000050   Code   RO         6134    i.rt_evt_psh        RTX_CM4.lib(rt_event.o)
    0x08006a98   0x08006a98   0x0000005c   Code   RO         6135    i.rt_evt_set        RTX_CM4.lib(rt_event.o)
    0x08006af4   0x08006af4   0x0000003c   Code   RO         6136    i.rt_evt_wait       RTX_CM4.lib(rt_event.o)
    0x08006b30   0x08006b30   0x0000002c   Code   RO         6363    i.rt_free_box       RTX_CM4.lib(rt_membox.o)
    0x08006b5c   0x08006b5c   0x00000028   Code   RO         6391    i.rt_free_mem       RTX_CM4.lib(rt_memory.o)
    0x08006b84   0x08006b84   0x00000028   Code   RO         6174    i.rt_get_first      RTX_CM4.lib(rt_list.o)
    0x08006bac   0x08006bac   0x00000008   Code   RO         5320    i.rt_id2obj         RTX_CM4.lib(rt_cmsis.o)
    0x08006bb4   0x08006bb4   0x00000048   Code   RO         5891    i.rt_init_context   RTX_CM4.lib(rt_task.o)
    0x08006bfc   0x08006bfc   0x0000001a   Code   RO         6392    i.rt_init_mem       RTX_CM4.lib(rt_memory.o)
    0x08006c16   0x08006c16   0x00000002   PAD
    0x08006c18   0x08006c18   0x00000018   Code   RO         6340    i.rt_init_robin     RTX_CM4.lib(rt_robin.o)
    0x08006c30   0x08006c30   0x00000080   Code   RO         6417    i.rt_init_stack     RTX_CM4.lib(hal_cm.o)
    0x08006cb0   0x08006cb0   0x00000008   Code   RO         6251    i.rt_mbx_check      RTX_CM4.lib(rt_mailbox.o)
    0x08006cb8   0x08006cb8   0x0000001a   Code   RO         6252    i.rt_mbx_init       RTX_CM4.lib(rt_mailbox.o)
    0x08006cd2   0x08006cd2   0x00000002   PAD
    0x08006cd4   0x08006cd4   0x000000f0   Code   RO         6253    i.rt_mbx_psh        RTX_CM4.lib(rt_mailbox.o)
    0x08006dc4   0x08006dc4   0x000000b4   Code   RO         6255    i.rt_mbx_wait       RTX_CM4.lib(rt_mailbox.o)
    0x08006e78   0x08006e78   0x00000044   Code   RO         5321    i.rt_ms2tick        RTX_CM4.lib(rt_cmsis.o)
    0x08006ebc   0x08006ebc   0x00000010   Code   RO         6007    i.rt_mut_init       RTX_CM4.lib(rt_mutex.o)
    0x08006ecc   0x08006ecc   0x000000d8   Code   RO         6008    i.rt_mut_release    RTX_CM4.lib(rt_mutex.o)
    0x08006fa4   0x08006fa4   0x00000078   Code   RO         6009    i.rt_mut_wait       RTX_CM4.lib(rt_mutex.o)
    0x0800701c   0x0800701c   0x0000007c   Code   RO         6045    i.rt_pop_req        RTX_CM4.lib(rt_system.o)
    0x08007098   0x08007098   0x00000020   Code   RO         6046    i.rt_psh_req        RTX_CM4.lib(rt_system.o)
    0x080070b8   0x080070b8   0x0000005c   Code   RO         6176    i.rt_psq_enq        RTX_CM4.lib(rt_list.o)
    0x08007114   0x08007114   0x00000048   Code   RO         6177    i.rt_put_dly        RTX_CM4.lib(rt_list.o)
    0x0800715c   0x0800715c   0x00000036   Code   RO         6178    i.rt_put_prio       RTX_CM4.lib(rt_list.o)
    0x08007192   0x08007192   0x00000002   PAD
    0x08007194   0x08007194   0x00000014   Code   RO         6179    i.rt_put_rdy_first  RTX_CM4.lib(rt_list.o)
    0x080071a8   0x080071a8   0x00000034   Code   RO         6180    i.rt_resort_prio    RTX_CM4.lib(rt_list.o)
    0x080071dc   0x080071dc   0x00000010   Code   RO         6418    i.rt_ret_regs       RTX_CM4.lib(hal_cm.o)
    0x080071ec   0x080071ec   0x0000000c   Code   RO         6419    i.rt_ret_val        RTX_CM4.lib(hal_cm.o)
    0x080071f8   0x080071f8   0x00000010   Code   RO         6420    i.rt_ret_val2       RTX_CM4.lib(hal_cm.o)
    0x08007208   0x08007208   0x00000028   Code   RO         6181    i.rt_rmv_dly        RTX_CM4.lib(rt_list.o)
    0x08007230   0x08007230   0x00000030   Code   RO         6182    i.rt_rmv_list       RTX_CM4.lib(rt_list.o)
    0x08007260   0x08007260   0x00000034   Code   RO         6300    i.rt_sem_psh        RTX_CM4.lib(rt_semaphore.o)
    0x08007294   0x08007294   0x00000024   Code   RO         6048    i.rt_stk_check      RTX_CM4.lib(rt_system.o)
    0x080072b8   0x080072b8   0x00000028   Code   RO         5892    i.rt_switch_req     RTX_CM4.lib(rt_task.o)
    0x080072e0   0x080072e0   0x000000cc   Code   RO         5893    i.rt_sys_init       RTX_CM4.lib(rt_task.o)
    0x080073ac   0x080073ac   0x00000078   Code   RO         5894    i.rt_sys_start      RTX_CM4.lib(rt_task.o)
    0x08007424   0x08007424   0x00000040   Code   RO         6050    i.rt_systick        RTX_CM4.lib(rt_system.o)
    0x08007464   0x08007464   0x00000012   Code   RO         5322    i.rt_tid2ptcb       RTX_CM4.lib(rt_cmsis.o)
    0x08007476   0x08007476   0x00000002   PAD
    0x08007478   0x08007478   0x00000034   Code   RO         5323    i.rt_timer_insert   RTX_CM4.lib(rt_cmsis.o)
    0x080074ac   0x080074ac   0x00000088   Code   RO         5895    i.rt_tsk_create     RTX_CM4.lib(rt_task.o)
    0x08007534   0x08007534   0x0000017c   Code   RO         5896    i.rt_tsk_delete     RTX_CM4.lib(rt_task.o)
    0x080076b0   0x080076b0   0x0000007c   Code   RO         5898    i.rt_tsk_prio       RTX_CM4.lib(rt_task.o)
    0x0800772c   0x0800772c   0x00000010   Code   RO         5899    i.rt_tsk_self       RTX_CM4.lib(rt_task.o)
    0x0800773c   0x0800773c   0x00000124   Code   RO         2666    i.rx_err_cb         rxthread.o
    0x08007860   0x08007860   0x00000030   Code   RO         2667    i.rx_ok_cb          rxthread.o
    0x08007890   0x08007890   0x00000060   Code   RO         2146    i.setup_DW1000RSTnIRQ  port.o
    0x080078f0   0x080078f0   0x00000070   Code   RO         5326    i.svcKernelInitialize  RTX_CM4.lib(rt_cmsis.o)
    0x08007960   0x08007960   0x00000048   Code   RO         5328    i.svcKernelStart    RTX_CM4.lib(rt_cmsis.o)
    0x080079a8   0x080079a8   0x00000024   Code   RO         5331    i.svcMessageCreate  RTX_CM4.lib(rt_cmsis.o)
    0x080079cc   0x080079cc   0x0000003a   Code   RO         5332    i.svcMessageGet     RTX_CM4.lib(rt_cmsis.o)
    0x08007a06   0x08007a06   0x00000024   Code   RO         5344    i.svcSignalSet      RTX_CM4.lib(rt_cmsis.o)
    0x08007a2a   0x08007a2a   0x00000002   PAD
    0x08007a2c   0x08007a2c   0x00000054   Code   RO         5345    i.svcSignalWait     RTX_CM4.lib(rt_cmsis.o)
    0x08007a80   0x08007a80   0x0000006c   Code   RO         5346    i.svcThreadCreate   RTX_CM4.lib(rt_cmsis.o)
    0x08007aec   0x08007aec   0x0000001c   Code   RO         5347    i.svcThreadGetId    RTX_CM4.lib(rt_cmsis.o)
    0x08007b08   0x08007b08   0x00000038   Code   RO         5350    i.svcThreadTerminate  RTX_CM4.lib(rt_cmsis.o)
    0x08007b40   0x08007b40   0x00000018   Code   RO         5352    i.svcTimerCall      RTX_CM4.lib(rt_cmsis.o)
    0x08007b58   0x08007b58   0x0000005c   Code   RO         5361    i.sysTimerTick      RTX_CM4.lib(rt_cmsis.o)
    0x08007bb4   0x08007bb4   0x00000044   Code   RO         2802    i.uartThread        uartthread.o
    0x08007bf8   0x08007bf8   0x00000010   Code   RO         2745    i.uart_sendmsg      commands.o
    0x08007c08   0x08007c08   0x0000001a   Code   RO         2148    i.usleep            port.o
    0x08007c22   0x08007c22   0x00000002   PAD
    0x08007c24   0x08007c24   0x00000054   Code   RO         2081    i.writetospi        deca_spi.o
    0x08007c78   0x08007c78   0x0000002c   Code   RO         6857    locale$$code        c_w.l(lc_ctype_c.o)
    0x08007ca4   0x08007ca4   0x0000000a   Code   RO         6871    x$fpl$fpinit        fz_wm.l(fpinit.o)
    0x08007cae   0x08007cae   0x0000000a   Data   RO           28    .constdata          stm32f7xx_nucleo_144.o
    0x08007cb8   0x08007cb8   0x00000008   Data   RO         1890    .constdata          deca_params_init.o
    0x08007cc0   0x08007cc0   0x00000018   Data   RO         1891    .constdata          deca_params_init.o
    0x08007cd8   0x08007cd8   0x00000018   Data   RO         1892    .constdata          deca_params_init.o
    0x08007cf0   0x08007cf0   0x00000006   Data   RO         1893    .constdata          deca_params_init.o
    0x08007cf6   0x08007cf6   0x00000002   Data   RO         1894    .constdata          deca_params_init.o
    0x08007cf8   0x08007cf8   0x00000008   Data   RO         1895    .constdata          deca_params_init.o
    0x08007d00   0x08007d00   0x00000003   Data   RO         1896    .constdata          deca_params_init.o
    0x08007d03   0x08007d03   0x00000001   PAD
    0x08007d04   0x08007d04   0x0000000c   Data   RO         1897    .constdata          deca_params_init.o
    0x08007d10   0x08007d10   0x00000004   Data   RO         1898    .constdata          deca_params_init.o
    0x08007d14   0x08007d14   0x00000020   Data   RO         1899    .constdata          deca_params_init.o
    0x08007d34   0x08007d34   0x00000032   Data   RO         1900    .constdata          deca_params_init.o
    0x08007d66   0x08007d66   0x00000002   PAD
    0x08007d68   0x08007d68   0x00000010   Data   RO         2669    .constdata          rxthread.o
    0x08007d78   0x08007d78   0x00000010   Data   RO         2804    .constdata          uartthread.o
    0x08007d88   0x08007d88   0x00000002   Data   RO         2853    .constdata          rtx_conf_cm.o
    0x08007d8a   0x08007d8a   0x00000002   PAD
    0x08007d8c   0x08007d8c   0x00000004   Data   RO         2854    .constdata          rtx_conf_cm.o
    0x08007d90   0x08007d90   0x00000004   Data   RO         2855    .constdata          rtx_conf_cm.o
    0x08007d94   0x08007d94   0x00000004   Data   RO         2859    .constdata          rtx_conf_cm.o
    0x08007d98   0x08007d98   0x00000001   Data   RO         2860    .constdata          rtx_conf_cm.o
    0x08007d99   0x08007d99   0x00000003   PAD
    0x08007d9c   0x08007d9c   0x00000010   Data   RO         2861    .constdata          rtx_conf_cm.o
    0x08007dac   0x08007dac   0x00000002   Data   RO         2862    .constdata          rtx_conf_cm.o
    0x08007dae   0x08007dae   0x00000002   PAD
    0x08007db0   0x08007db0   0x00000004   Data   RO         2863    .constdata          rtx_conf_cm.o
    0x08007db4   0x08007db4   0x00000004   Data   RO         2864    .constdata          rtx_conf_cm.o
    0x08007db8   0x08007db8   0x00000001   Data   RO         2865    .constdata          rtx_conf_cm.o
    0x08007db9   0x08007db9   0x00000003   PAD
    0x08007dbc   0x08007dbc   0x00000010   Data   RO         2866    .constdata          rtx_conf_cm.o
    0x08007dcc   0x08007dcc   0x00000008   Data   RO         2867    .constdata          rtx_conf_cm.o
    0x08007dd4   0x08007dd4   0x00000002   Data   RO         2868    .constdata          rtx_conf_cm.o
    0x08007dd6   0x08007dd6   0x00000002   PAD
    0x08007dd8   0x08007dd8   0x00000010   Data   RO         2869    .constdata          rtx_conf_cm.o
    0x08007de8   0x08007de8   0x00000010   Data   RO         5234    .constdata          system_stm32f7xx.o
    0x08007df8   0x08007df8   0x00000008   Data   RO         5235    .constdata          system_stm32f7xx.o
    0x08007e00   0x08007e00   0x00000020   Data   RO         6952    Region$$Table       anon$$obj.o
    0x08007e20   0x08007e20   0x00000110   Data   RO         6856    locale$$data        c_w.l(lc_ctype_c.o)


    Execution Region RW_IRAM1 (Exec base: 0x20010000, Load base: 0x08007f30, Size: 0x0000cb40, Max: 0x00040000, ABSOLUTE, COMPRESSED[0x0000015c])

    Exec Addr    Load Addr    Size         Type   Attr      Idx    E Section Name        Object

    0x20010000   COMPRESSED   0x00000014   Data   RW           29    .data               stm32f7xx_nucleo_144.o
    0x20010014   COMPRESSED   0x00000041   Data   RW          280    .data               main.o
    0x20010055   COMPRESSED   0x00000001   Data   RW          481    .data               usbd_ctlreq.o
    0x20010056   COMPRESSED   0x00000002   PAD
    0x20010058   COMPRESSED   0x000000db   Data   RW          775    .data               usbd_cdc.o
    0x20010133   COMPRESSED   0x00000001   PAD
    0x20010134   COMPRESSED   0x00000038   Data   RW          776    .data               usbd_cdc.o
    0x2001016c   COMPRESSED   0x00000014   Data   RW         2151    .data               port.o
    0x20010180   COMPRESSED   0x00000010   Data   RW         2349    .data               usbd_cdc_if.o
    0x20010190   COMPRESSED   0x00000020   Data   RW         2599    .data               usbd_desc.o
    0x200101b0   COMPRESSED   0x00000024   Data   RW         2600    .data               usbd_desc.o
    0x200101d4   COMPRESSED   0x00000024   Data   RW         2671    .data               rxthread.o
    0x200101f8   COMPRESSED   0x00000033   Data   RW         2748    .data               commands.o
    0x2001022b   COMPRESSED   0x00000001   PAD
    0x2001022c   COMPRESSED   0x00000008   Data   RW         2805    .data               uartthread.o
    0x20010234   COMPRESSED   0x00000004   Data   RW         2871    .data               rtx_conf_cm.o
    0x20010238   COMPRESSED   0x00000004   Data   RW         2872    .data               rtx_conf_cm.o
    0x2001023c   COMPRESSED   0x00000004   Data   RW         2873    .data               rtx_conf_cm.o
    0x20010240   COMPRESSED   0x00000004   Data   RW         2874    .data               rtx_conf_cm.o
    0x20010244   COMPRESSED   0x00000004   Data   RW         5236    .data               system_stm32f7xx.o
    0x20010248   COMPRESSED   0x00000008   Data   RW         5364    .data               RTX_CM4.lib(rt_cmsis.o)
    0x20010250   COMPRESSED   0x00000008   Data   RW         5901    .data               RTX_CM4.lib(rt_task.o)
    0x20010258   COMPRESSED   0x00000004   Data   RW         5977    .data               RTX_CM4.lib(rt_time.o)
    0x2001025c   COMPRESSED   0x00000008   Data   RW         6053    .data               RTX_CM4.lib(rt_system.o)
    0x20010264   COMPRESSED   0x00000008   Data   RW         6341    .data               RTX_CM4.lib(rt_robin.o)
    0x2001026c   COMPRESSED   0x00000001   Data   RW         6421    .data               RTX_CM4.lib(hal_cm.o)
    0x2001026d   COMPRESSED   0x00000003   PAD
    0x20010270        -       0x0000011c   Zero   RW          277    .bss                main.o
    0x2001038c        -       0x00000038   Zero   RW         1423    .bss                deca_device.o
    0x200103c4        -       0x00002000   Zero   RW         2149    .bss                port.o
    0x200123c4        -       0x00000224   Zero   RW         2314    .bss                usb_device.o
    0x200125e8        -       0x00001000   Zero   RW         2348    .bss                usbd_cdc_if.o
    0x200135e8        -       0x00000400   Zero   RW         2424    .bss                usbd_conf.o
    0x200139e8        -       0x00000200   Zero   RW         2598    .bss                usbd_desc.o
    0x20013be8        -       0x0000007f   Zero   RW         2668    .bss                rxthread.o
    0x20013c67        -       0x00000064   Zero   RW         2803    .bss                uartthread.o
    0x20013ccb   COMPRESSED   0x00000001   PAD
    0x20013ccc        -       0x00000020   Zero   RW         2846    .bss                rtx_conf_cm.o
    0x20013cec        -       0x00000178   Zero   RW         2847    .bss                rtx_conf_cm.o
    0x20013e64   COMPRESSED   0x00000004   PAD
    0x20013e68        -       0x00001010   Zero   RW         2848    .bss                rtx_conf_cm.o
    0x20014e78        -       0x00002840   Zero   RW         2849    .bss                rtx_conf_cm.o
    0x200176b8        -       0x00000084   Zero   RW         2850    .bss                rtx_conf_cm.o
    0x2001773c        -       0x0000001c   Zero   RW         2851    .bss                rtx_conf_cm.o
    0x20017758        -       0x00000320   Zero   RW         2852    .bss                rtx_conf_cm.o
    0x20017a78        -       0x00000034   Zero   RW         5900    .bss                RTX_CM4.lib(rt_task.o)
    0x20017aac        -       0x00000030   Zero   RW         6183    .bss                RTX_CM4.lib(rt_list.o)
    0x20017adc        -       0x00000060   Zero   RW         6483    .bss                c_w.l(libspace.o)
    0x20017b3c   COMPRESSED   0x00000004   PAD
    0x20017b40        -       0x00002000   Zero   RW         5223    HEAP                startup_stm32f746xx.o
    0x20019b40        -       0x00003000   Zero   RW         5222    STACK               startup_stm32f746xx.o


==============================================================================

Image component sizes


      Code (inc. data)   RO Data    RW Data    ZI Data      Debug   Object Name

       236         10          0         51          0       4702   commands.o
      2520        126          0          0         56      28837   deca_device.o
        28          0          0          0          0       3327   deca_mutex.o
         0          0        173          0          0       4828   deca_params_init.o
         4          0          0          0          0        529   deca_sleep.o
       184         16          0          0          0       2673   deca_spi.o
      1212        340          0         65        284      22487   main.o
       504         44          0         20       8192      44266   port.o
       136         36         84         16      15784       9839   rtx_conf_cm.o
       518        218         16         36        127       4052   rxthread.o
        64         26        456          0      20480        856   startup_stm32f746xx.o
        84          6          0          0          0       2678   stm32f7xx_hal.o
       296         24          0          0          0      40858   stm32f7xx_hal_cortex.o
        36          0          0          0          0       1259   stm32f7xx_hal_dma.o
      1252         66          0          0          0       6076   stm32f7xx_hal_eth.o
       532         60          0          0          0       4162   stm32f7xx_hal_gpio.o
       484         54          0          0          0       3533   stm32f7xx_hal_msp.o
      2270         72          0          0          0      11961   stm32f7xx_hal_pcd.o
       114          6          0          0          0       2680   stm32f7xx_hal_pcd_ex.o
      1632         58          0          0          0       6536   stm32f7xx_hal_rcc.o
      1688         34          0          0          0       2676   stm32f7xx_hal_rcc_ex.o
      1452          0          0          0          0       7747   stm32f7xx_hal_spi.o
      2058         72          0          0          0      12775   stm32f7xx_hal_uart.o
        58         12          0          0          0       3733   stm32f7xx_it.o
      2440         54          0          0          0      22054   stm32f7xx_ll_usb.o
        56         20         10         20          0     831487   stm32f7xx_nucleo_144.o
        84         18         24          4          0       1327   system_stm32f7xx.o
       208         42         16          8        100       2648   uartthread.o
        56         18          0          0        548        824   usb_device.o
       592         22          0        275          0      13764   usbd_cdc.o
        72         16          0         16       4096       3138   usbd_cdc_if.o
       960         84          0          0       1024      17271   usbd_conf.o
       654          0          0          0          0      14105   usbd_core.o
      1370         22          0          1          0      12412   usbd_ctlreq.o
       288        120          0         68        512       6775   usbd_desc.o
       132          0          0          0          0       5024   usbd_ioreq.o

    ----------------------------------------------------------------------
     24306       1696        826        584      51208    1163899   Object Totals
         0          0         32          0          0          0   (incl. Generated)
        32          0         15          4          5          0   (incl. Padding)

    ----------------------------------------------------------------------

      Code (inc. data)   RO Data    RW Data    ZI Data      Debug   Library Member Name

       268         24          0          1          0       4524   hal_cm.o
       408         34          0          0          0        824   hal_cm4.o
      1314        154          0          8          0      38001   rt_cmsis.o
       272         18          0          0          0       2842   rt_event.o
       530         34          0          0         48       8685   rt_list.o
       554         10          0          0          0       4237   rt_mailbox.o
       140          0          0          0          0       2069   rt_membox.o
       128          0          0          0          0       2451   rt_memory.o
       352         14          0          0          0       2249   rt_mutex.o
        96         22          0          8          0       1254   rt_robin.o
        52          4          0          0          0        621   rt_semaphore.o
       298         52          0          8          0       6511   rt_system.o
      1216        174          0          8         52      10129   rt_task.o
         0          0          0          4          0        214   rt_time.o
         4          4          0          0          0        208   svc_table.o
        90          0          0          0          0          0   __dczerorl2.o
         8          0          0          0          0         68   __main.o
         0          0          0          0          0          0   __rtentry.o
        20          0          0          0          0          0   __rtentry2.o
         6          0          0          0          0          0   __rtentry4.o
        52          8          0          0          0          0   __scatter.o
        28          0          0          0          0          0   __scatter_zi.o
        10          0          0          0          0         68   defsig_exit.o
        50          0          0          0          0         88   defsig_general.o
        80         58          0          0          0         76   defsig_rtmem_inner.o
        14          0          0          0          0         80   defsig_rtmem_outer.o
        18          0          0          0          0         80   exit.o
       158          0          0          0          0        128   h1_alloc_mt.o
        62          0          0          0          0         80   h1_extend_mt.o
       118          0          0          0          0        108   h1_free_mt.o
        18          0          0          0          0         84   h1_init_mt.o
         6          0          0          0          0        152   heapauxi.o
         4          0          0          0          0        136   hguard.o
         0          0          0          0          0          0   indicate_semi.o
       138          0          0          0          0        168   init_alloc.o
        44         10        272          0          0         76   lc_ctype_c.o
         2          0          0          0          0          0   libinit.o
        32          0          0          0          0          0   libinit2.o
         2          0          0          0          0          0   libshutdown.o
         2          0          0          0          0          0   libshutdown2.o
         8          4          0          0         96         68   libspace.o
         0          0          0          0          0          0   maybetermalloc1.o
        16          4          0          0          0         76   rt_ctype_table.o
        10          0          0          0          0         76   rt_heap_descriptor_twolibspace.o
        10          0          0          0          0         76   rt_locale_twolibspace.o
       138          0          0          0          0         68   rt_memcpy_v6.o
       100          0          0          0          0         80   rt_memcpy_w.o
         2          0          0          0          0          0   rtexit.o
        10          0          0          0          0          0   rtexit2.o
       104          0          0          0          0         68   strcmpv7m_pel.o
        12          4          0          0          0         68   sys_exit.o
        74          0          0          0          0         80   sys_stackheap_outer.o
        14          0          0          0          0         76   sys_wrch.o
        30          0          0          0          0         76   toupper.o
         2          0          0          0          0         68   use_no_semi.o
        10          0          0          0          0        116   fpinit.o

    ----------------------------------------------------------------------
      7156        632        272         40        200      87207   Library Totals
        22          0          0          3          4          0   (incl. Padding)

    ----------------------------------------------------------------------

      Code (inc. data)   RO Data    RW Data    ZI Data      Debug   Library Name

      5632        544          0         37        100      84819   RTX_CM4.lib
      1492         88        272          0         96       2272   c_w.l
        10          0          0          0          0        116   fz_wm.l

    ----------------------------------------------------------------------
      7156        632        272         40        200      87207   Library Totals

    ----------------------------------------------------------------------

==============================================================================


      Code (inc. data)   RO Data    RW Data    ZI Data      Debug   

     31462       2328       1098        624      51408    1214710   Grand Totals
     31462       2328       1098        348      51408    1214710   ELF Image Totals (compressed)
     31462       2328       1098        348          0          0   ROM Totals

==============================================================================

    Total RO  Size (Code + RO Data)                32560 (  31.80kB)
    Total RW  Size (RW Data + ZI Data)             52032 (  50.81kB)
    Total ROM Size (Code + RO Data + RW Data)      32908 (  32.14kB)

==============================================================================

