<html>
<body>
<pre>
<h1>µVision Build Log</h1>
<h2>Tool Versions:</h2>
IDE-Version: µVision V5.24.2.0
Copyright (C) 2017 ARM Ltd and ARM Germany GmbH. All rights reserved.
License Information: dddd dd, dd, LIC=6XJUH-WENN6-4AXDE-5DMYQ-I4FUB-QVSED
 
Tool Versions:
Toolchain:       MDK-ARM Professional  Version: 5.24.1
Toolchain Path:  C:\Keil_v5\ARM\ARMCC\Bin
C Compiler:      Armcc.exe V5.06 update 5 (build 528)
Assembler:       Armasm.exe V5.06 update 5 (build 528)
Linker/Locator:  ArmLink.exe V5.06 update 5 (build 528)
Library Manager: ArmAr.exe V5.06 update 5 (build 528)
Hex Converter:   FromElf.exe V5.06 update 5 (build 528)
CPU DLL:         SARMCM3.DLL V5.24.1
Dialog DLL:      DCM.DLL V1.16.0.0
Target DLL:      STLink\ST-LINKIII-KEIL_SWO.dll V3.0.1.0
Dialog DLL:      TCM.DLL V1.32.0.0
 
<h2>Project:</h2>
D:\GitRepo\ReactiveJammingAttack\Reactive_Jammer\ReactiveJammer.uvprojx
Project File Date:  03/24/2019

<h2>Output:</h2>
*** Using Compiler 'V5.06 update 5 (build 528)', folder: 'C:\Keil_v5\ARM\ARMCC\Bin'
Build target 'Target 1'
compiling JMThread.c...
common.h(28): warning:  #1-D: last line of file ends without a newline
  	
JMThread.c(362): warning:  #177-D: variable "frame_len"  was declared but never referenced
  	static uint16 frame_len = 0;
JMThread.c(62): warning:  #550-D: variable "rx_buffer"  was set but never used
  static uint8 rx_buffer[FRAME_LEN_MAX];
JMThread.c(191): warning:  #177-D: function "activate_frameTx"  was declared but never referenced
  static void activate_frameTx(uint32_t frameDurationMs)
JMThread.c(308): warning:  #177-D: function "measureTxframeInterval"  was declared but never referenced
  static void measureTxframeInterval(void)
JMThread.c(359): warning:  #177-D: function "rx_process"  was declared but never referenced
  static void rx_process(void)
JMThread.c(344): warning:  #177-D: function "avgTxframeInterval"  was declared but never referenced
  static void avgTxframeInterval(uint32_t timeperiod)
JMThread.c: 7 warnings, 0 errors
linking...
Program Size: Code=29286 RO-data=1098 RW-data=732 ZI-data=52964  
FromELF: creating hex file...
".\Objects\UWBProject.axf" - 0 Error(s), 7 Warning(s).

<h2>Software Packages used:</h2>

Package Vendor: ARM
                http://www.keil.com/pack/ARM.CMSIS.5.3.0.pack
                ARM.CMSIS.5.3.0
                CMSIS (Cortex Microcontroller Software Interface Standard)
   * Component: Keil RTX Version: 4.81.1
   * Component: CORE Version: 5.1.1
   * Component: RTOS Version: 1.0.0

Package Vendor: Keil
                project-path/Keil.FrameworkCubeMX.1.0.0.pack
                Keil.FrameworkCubeMX.1.0.0
                STM32CubeMX generated pack description
   * Component: STM32CubeMX Version: 1.0.0

Package Vendor: Keil
                http://www.keil.com/pack/Keil.STM32F7xx_DFP.2.9.0.pack
                Keil.STM32F7xx_DFP.2.9.0
                STMicroelectronics STM32F7 Series Device Support, Drivers and Examples
   * Component: Startup Version: 1.2.0
   * Component: UART Version: 1.2.0
   * Component: SPI Version: 1.2.0
   * Component: RCC Version: 1.2.0
   * Component: PWR Version: 1.2.0
   * Component: PCD Version: 1.2.0
   * Component: HCD Version: 1.2.0
   * Component: GPIO Version: 1.2.0
   * Component: ETH Version: 1.2.0
   * Component: DMA Version: 1.2.0
   * Component: Cortex Version: 1.2.0
   * Component: Common Version: 1.2.0
   * Component: STM32Cube Framework Version: 1.0.0

<h2>Collection of Component include folders:</h2>
  .\RTE\Device\STM32F746ZGTx
  .\RTE\Device\STM32F746ZGTx\STCubeGenerated\Inc
  .\RTE\_Target_1
  C:\Keil_v5\ARM\PACK\ARM\CMSIS\5.3.0\CMSIS\Include
  C:\Keil_v5\ARM\PACK\ARM\CMSIS\5.3.0\CMSIS\RTOS\RTX\INC
  C:\Keil_v5\ARM\PACK\Keil\STM32F7xx_DFP\2.9.0\Drivers\CMSIS\Device\ST\STM32F7xx\Include
  C:\Keil_v5\ARM\PACK\Keil\STM32F7xx_DFP\2.9.0\Drivers\STM32F7xx_HAL_Driver\Inc

<h2>Collection of Component Files used:</h2>

   * Component: Keil::Device:Startup:1.2.0
      Source file:   MDK\Device\Source\ARM\STM32F7xx_OTP.s
      Include file:  Drivers\CMSIS\Device\ST\STM32F7xx\Include\stm32f7xx.h
      Source file:   Drivers\CMSIS\Device\ST\STM32F7xx\Source\Templates\arm\startup_stm32f746xx.s
      Source file:   MDK\Device\Source\ARM\STM32F7xx_OPT.s
      Source file:   Drivers\CMSIS\Device\ST\STM32F7xx\Source\Templates\system_stm32f7xx.c

   * Component: Keil::Device:STM32Cube HAL:UART:1.2.0
      Source file:   Drivers\STM32F7xx_HAL_Driver\Src\stm32f7xx_hal_uart.c

   * Component: Keil::Device:STM32Cube HAL:SPI:1.2.0
      Source file:   Drivers\STM32F7xx_HAL_Driver\Src\stm32f7xx_hal_spi.c

   * Component: Keil::Device:STM32Cube HAL:RCC:1.2.0
      Source file:   Drivers\STM32F7xx_HAL_Driver\Src\stm32f7xx_hal_rcc_ex.c
      Source file:   Drivers\STM32F7xx_HAL_Driver\Src\stm32f7xx_hal_rcc.c

   * Component: Keil::Device:STM32Cube HAL:PWR:1.2.0
      Source file:   Drivers\STM32F7xx_HAL_Driver\Src\stm32f7xx_hal_pwr.c
      Source file:   Drivers\STM32F7xx_HAL_Driver\Src\stm32f7xx_hal_pwr_ex.c

   * Component: Keil::Device:STM32Cube HAL:PCD:1.2.0
      Source file:   Drivers\STM32F7xx_HAL_Driver\Src\stm32f7xx_hal_pcd.c
      Source file:   Drivers\STM32F7xx_HAL_Driver\Src\stm32f7xx_hal_pcd_ex.c
      Source file:   Drivers\STM32F7xx_HAL_Driver\Src\stm32f7xx_ll_usb.c

   * Component: Keil::Device:STM32Cube HAL:HCD:1.2.0
      Source file:   Drivers\STM32F7xx_HAL_Driver\Src\stm32f7xx_hal_hcd.c
      Source file:   Drivers\STM32F7xx_HAL_Driver\Src\stm32f7xx_ll_usb.c

   * Component: Keil::Device:STM32Cube HAL:GPIO:1.2.0
      Source file:   Drivers\STM32F7xx_HAL_Driver\Src\stm32f7xx_hal_gpio.c

   * Component: Keil::Device:STM32Cube HAL:ETH:1.2.0
      Source file:   Drivers\STM32F7xx_HAL_Driver\Src\stm32f7xx_hal_eth.c

   * Component: Keil::Device:STM32Cube HAL:DMA:1.2.0
      Source file:   Drivers\STM32F7xx_HAL_Driver\Src\stm32f7xx_hal_dma.c
      Source file:   Drivers\STM32F7xx_HAL_Driver\Src\stm32f7xx_hal_dma_ex.c

   * Component: Keil::Device:STM32Cube HAL:Cortex:1.2.0
      Source file:   Drivers\STM32F7xx_HAL_Driver\Src\stm32f7xx_hal_cortex.c

   * Component: Keil::Device:STM32Cube HAL:Common:1.2.0
      Source file:   Drivers\STM32F7xx_HAL_Driver\Src\stm32f7xx_hal.c
      Include file:  Drivers\STM32F7xx_HAL_Driver\Inc\stm32f7xx_hal.h

   * Component: Keil::Device:STM32Cube Framework:STM32CubeMX:1.0.0
      Include file:  MX_Device.h
      Source file:   STCubeGenerated\Src\stm32f7xx_hal_msp.c
      Include file:  STCubeGenerated\Inc\stm32f7xx_hal_conf.h

   * Component: ARM::CMSIS:RTOS:Keil RTX:4.81.1
      Source file:   CMSIS\RTOS\RTX\SRC\ARM\SVC_Table.s
      Source file:   CMSIS\RTOS\RTX\UserCodeTemplates\main.c
      Include file:  CMSIS\RTOS\RTX\UserCodeTemplates\osObjects.h
      Source file:   CMSIS\RTOS\RTX\UserCodeTemplates\MailQueue.c
      Source file:   CMSIS\RTOS\RTX\UserCodeTemplates\MemPool.c
      Source file:   CMSIS\RTOS\RTX\UserCodeTemplates\Thread.c
      Source file:   CMSIS\RTOS\RTX\UserCodeTemplates\Timer.c
      Source file:   CMSIS\RTOS\RTX\Templates\RTX_Conf_CM.c
      Source file:   CMSIS\RTOS\RTX\UserCodeTemplates\Semaphore.c
      Source file:   CMSIS\RTOS\RTX\UserCodeTemplates\Mutex.c
      Source file:   CMSIS\RTOS\RTX\UserCodeTemplates\MsgQueue.c
      Include file:  CMSIS\RTOS\RTX\INC\cmsis_os.h
      Library file:  CMSIS\RTOS\RTX\LIB\ARM\RTX_CM4.lib

   * Component: ARM::CMSIS:CORE:5.1.1

   * Component: ::Device:STM32Cube Framework:1.0.0 (API)

   * Component: ::CMSIS:RTOS:1.0.0 (API)
Build Time Elapsed:  00:00:06
</pre>
</body>
</html>
