Component: ARM Compiler 5.06 update 5 (build 528) Tool: armlink [4d35e2]

==============================================================================

Section Cross References

    stm32f7xx_nucleo_144.o(i.BSP_LED_DeInit) refers to stm32f7xx_hal_gpio.o(i.HAL_GPIO_WritePin) for HAL_GPIO_WritePin
    stm32f7xx_nucleo_144.o(i.BSP_LED_DeInit) refers to stm32f7xx_hal_gpio.o(i.HAL_GPIO_DeInit) for HAL_GPIO_DeInit
    stm32f7xx_nucleo_144.o(i.BSP_LED_DeInit) refers to stm32f7xx_nucleo_144.o(.constdata) for .constdata
    stm32f7xx_nucleo_144.o(i.BSP_LED_DeInit) refers to stm32f7xx_nucleo_144.o(.data) for .data
    stm32f7xx_nucleo_144.o(i.BSP_LED_Init) refers to stm32f7xx_hal_gpio.o(i.HAL_GPIO_Init) for HAL_GPIO_Init
    stm32f7xx_nucleo_144.o(i.BSP_LED_Init) refers to stm32f7xx_hal_gpio.o(i.HAL_GPIO_WritePin) for HAL_GPIO_WritePin
    stm32f7xx_nucleo_144.o(i.BSP_LED_Init) refers to stm32f7xx_nucleo_144.o(.constdata) for .constdata
    stm32f7xx_nucleo_144.o(i.BSP_LED_Init) refers to stm32f7xx_nucleo_144.o(.data) for .data
    stm32f7xx_nucleo_144.o(i.BSP_LED_Off) refers to stm32f7xx_hal_gpio.o(i.HAL_GPIO_WritePin) for HAL_GPIO_WritePin
    stm32f7xx_nucleo_144.o(i.BSP_LED_Off) refers to stm32f7xx_nucleo_144.o(.constdata) for .constdata
    stm32f7xx_nucleo_144.o(i.BSP_LED_Off) refers to stm32f7xx_nucleo_144.o(.data) for .data
    stm32f7xx_nucleo_144.o(i.BSP_LED_On) refers to stm32f7xx_hal_gpio.o(i.HAL_GPIO_WritePin) for HAL_GPIO_WritePin
    stm32f7xx_nucleo_144.o(i.BSP_LED_On) refers to stm32f7xx_nucleo_144.o(.constdata) for .constdata
    stm32f7xx_nucleo_144.o(i.BSP_LED_On) refers to stm32f7xx_nucleo_144.o(.data) for .data
    stm32f7xx_nucleo_144.o(i.BSP_LED_Toggle) refers to stm32f7xx_hal_gpio.o(i.HAL_GPIO_TogglePin) for HAL_GPIO_TogglePin
    stm32f7xx_nucleo_144.o(i.BSP_LED_Toggle) refers to stm32f7xx_nucleo_144.o(.constdata) for .constdata
    stm32f7xx_nucleo_144.o(i.BSP_LED_Toggle) refers to stm32f7xx_nucleo_144.o(.data) for .data
    stm32f7xx_nucleo_144.o(i.BSP_PB_DeInit) refers to stm32f7xx_hal_cortex.o(i.HAL_NVIC_DisableIRQ) for HAL_NVIC_DisableIRQ
    stm32f7xx_nucleo_144.o(i.BSP_PB_DeInit) refers to stm32f7xx_hal_gpio.o(i.HAL_GPIO_DeInit) for HAL_GPIO_DeInit
    stm32f7xx_nucleo_144.o(i.BSP_PB_DeInit) refers to stm32f7xx_nucleo_144.o(.constdata) for .constdata
    stm32f7xx_nucleo_144.o(i.BSP_PB_DeInit) refers to stm32f7xx_nucleo_144.o(.data) for .data
    stm32f7xx_nucleo_144.o(i.BSP_PB_GetState) refers to stm32f7xx_hal_gpio.o(i.HAL_GPIO_ReadPin) for HAL_GPIO_ReadPin
    stm32f7xx_nucleo_144.o(i.BSP_PB_GetState) refers to stm32f7xx_nucleo_144.o(.constdata) for .constdata
    stm32f7xx_nucleo_144.o(i.BSP_PB_GetState) refers to stm32f7xx_nucleo_144.o(.data) for .data
    stm32f7xx_nucleo_144.o(i.BSP_PB_Init) refers to stm32f7xx_hal_gpio.o(i.HAL_GPIO_Init) for HAL_GPIO_Init
    stm32f7xx_nucleo_144.o(i.BSP_PB_Init) refers to stm32f7xx_hal_cortex.o(i.HAL_NVIC_SetPriority) for HAL_NVIC_SetPriority
    stm32f7xx_nucleo_144.o(i.BSP_PB_Init) refers to stm32f7xx_hal_cortex.o(i.HAL_NVIC_EnableIRQ) for HAL_NVIC_EnableIRQ
    stm32f7xx_nucleo_144.o(i.BSP_PB_Init) refers to stm32f7xx_nucleo_144.o(.constdata) for .constdata
    stm32f7xx_nucleo_144.o(i.BSP_PB_Init) refers to stm32f7xx_nucleo_144.o(.data) for .data
    stm32f7xx_nucleo_144.o(i.LCD_Delay) refers to stm32f7xx_hal.o(i.HAL_Delay) for HAL_Delay
    stm32f7xx_nucleo_144.o(i.LCD_IO_Init) refers to stm32f7xx_hal_gpio.o(i.HAL_GPIO_Init) for HAL_GPIO_Init
    stm32f7xx_nucleo_144.o(i.LCD_IO_Init) refers to stm32f7xx_hal_gpio.o(i.HAL_GPIO_WritePin) for HAL_GPIO_WritePin
    stm32f7xx_nucleo_144.o(i.LCD_IO_Init) refers to stm32f7xx_nucleo_144.o(i.SPIx_Init) for SPIx_Init
    stm32f7xx_nucleo_144.o(i.LCD_IO_WriteData) refers to stm32f7xx_hal_gpio.o(i.HAL_GPIO_WritePin) for HAL_GPIO_WritePin
    stm32f7xx_nucleo_144.o(i.LCD_IO_WriteData) refers to stm32f7xx_nucleo_144.o(i.SPIx_Write) for SPIx_Write
    stm32f7xx_nucleo_144.o(i.LCD_IO_WriteMultipleData) refers to stm32f7xx_hal_gpio.o(i.HAL_GPIO_WritePin) for HAL_GPIO_WritePin
    stm32f7xx_nucleo_144.o(i.LCD_IO_WriteMultipleData) refers to stm32f7xx_nucleo_144.o(i.SPIx_Write) for SPIx_Write
    stm32f7xx_nucleo_144.o(i.LCD_IO_WriteMultipleData) refers to stm32f7xx_nucleo_144.o(.bss) for .bss
    stm32f7xx_nucleo_144.o(i.LCD_IO_WriteReg) refers to stm32f7xx_hal_gpio.o(i.HAL_GPIO_WritePin) for HAL_GPIO_WritePin
    stm32f7xx_nucleo_144.o(i.LCD_IO_WriteReg) refers to stm32f7xx_nucleo_144.o(i.SPIx_Write) for SPIx_Write
    stm32f7xx_nucleo_144.o(i.SD_IO_CSState) refers to stm32f7xx_hal_gpio.o(i.HAL_GPIO_WritePin) for HAL_GPIO_WritePin
    stm32f7xx_nucleo_144.o(i.SD_IO_Init) refers to stm32f7xx_hal_gpio.o(i.HAL_GPIO_Init) for HAL_GPIO_Init
    stm32f7xx_nucleo_144.o(i.SD_IO_Init) refers to stm32f7xx_hal_gpio.o(i.HAL_GPIO_WritePin) for HAL_GPIO_WritePin
    stm32f7xx_nucleo_144.o(i.SD_IO_Init) refers to stm32f7xx_nucleo_144.o(i.SPIx_Init) for SPIx_Init
[...]
    USBD_LL_PrepareReceive                   0x0800443f   Thumb Code    32  usbd_conf.o(i.USBD_LL_PrepareReceive)
    USBD_LL_Reset                            0x0800445f   Thumb Code    64  usbd_core.o(i.USBD_LL_Reset)
    USBD_LL_Resume                           0x0800449f   Thumb Code    12  usbd_core.o(i.USBD_LL_Resume)
    USBD_LL_SOF                              0x080044ab   Thumb Code    24  usbd_core.o(i.USBD_LL_SOF)
    USBD_LL_SetSpeed                         0x080044c3   Thumb Code     6  usbd_core.o(i.USBD_LL_SetSpeed)
    USBD_LL_SetUSBAddress                    0x080044c9   Thumb Code    32  usbd_conf.o(i.USBD_LL_SetUSBAddress)
    USBD_LL_SetupStage                       0x080044e9   Thumb Code    86  usbd_core.o(i.USBD_LL_SetupStage)
    USBD_LL_StallEP                          0x0800453f   Thumb Code    32  usbd_conf.o(i.USBD_LL_StallEP)
    USBD_LL_Start                            0x0800455f   Thumb Code    32  usbd_conf.o(i.USBD_LL_Start)
    USBD_LL_Suspend                          0x0800457f   Thumb Code    18  usbd_core.o(i.USBD_LL_Suspend)
    USBD_LL_Transmit                         0x08004591   Thumb Code    32  usbd_conf.o(i.USBD_LL_Transmit)
    USBD_ParseSetupRequest                   0x080045b1   Thumb Code    40  usbd_ctlreq.o(i.USBD_ParseSetupRequest)
    USBD_RegisterClass                       0x080045d9   Thumb Code    18  usbd_core.o(i.USBD_RegisterClass)
    USBD_SetClassConfig                      0x080045eb   Thumb Code    22  usbd_core.o(i.USBD_SetClassConfig)
    USBD_Start                               0x08004675   Thumb Code    10  usbd_core.o(i.USBD_Start)
    USBD_StdDevReq                           0x0800467f   Thumb Code   242  usbd_ctlreq.o(i.USBD_StdDevReq)
    USBD_StdEPReq                            0x08004771   Thumb Code   222  usbd_ctlreq.o(i.USBD_StdEPReq)
    USBD_StdItfReq                           0x0800484f   Thumb Code    52  usbd_ctlreq.o(i.USBD_StdItfReq)
    USB_ActivateEndpoint                     0x08004885   Thumb Code   124  stm32f7xx_ll_usb.o(i.USB_ActivateEndpoint)
    USB_ActivateSetup                        0x08004905   Thumb Code    52  stm32f7xx_ll_usb.o(i.USB_ActivateSetup)
    USB_CoreInit                             0x08004939   Thumb Code   106  stm32f7xx_ll_usb.o(i.USB_CoreInit)
    USB_DeactivateEndpoint                   0x080049e1   Thumb Code   110  stm32f7xx_ll_usb.o(i.USB_DeactivateEndpoint)
    USB_DevConnect                           0x08004a4f   Thumb Code    24  stm32f7xx_ll_usb.o(i.USB_DevConnect)
    USB_DevDisconnect                        0x08004a67   Thumb Code    24  stm32f7xx_ll_usb.o(i.USB_DevDisconnect)
    USB_DevInit                              0x08004a81   Thumb Code   342  stm32f7xx_ll_usb.o(i.USB_DevInit)
    USB_DisableGlobalInt                     0x08004be9   Thumb Code    12  stm32f7xx_ll_usb.o(i.USB_DisableGlobalInt)
    USB_EP0StartXfer                         0x08004bf5   Thumb Code   316  stm32f7xx_ll_usb.o(i.USB_EP0StartXfer)
    USB_EP0_OutStart                         0x08004d35   Thumb Code    62  stm32f7xx_ll_usb.o(i.USB_EP0_OutStart)
    USB_EPClearStall                         0x08004d73   Thumb Code   100  stm32f7xx_ll_usb.o(i.USB_EPClearStall)
    USB_EPSetStall                           0x08004dd7   Thumb Code    94  stm32f7xx_ll_usb.o(i.USB_EPSetStall)
    USB_EPStartXfer                          0x08004e35   Thumb Code   534  stm32f7xx_ll_usb.o(i.USB_EPStartXfer)
    USB_EnableGlobalInt                      0x08005051   Thumb Code    12  stm32f7xx_ll_usb.o(i.USB_EnableGlobalInt)
    USB_FlushRxFifo                          0x0800505d   Thumb Code    28  stm32f7xx_ll_usb.o(i.USB_FlushRxFifo)
    USB_FlushTxFifo                          0x0800507d   Thumb Code    32  stm32f7xx_ll_usb.o(i.USB_FlushTxFifo)
    USB_GetDevSpeed                          0x080050a1   Thumb Code    62  stm32f7xx_ll_usb.o(i.USB_GetDevSpeed)
    USB_GetMode                              0x080050df   Thumb Code     8  stm32f7xx_ll_usb.o(i.USB_GetMode)
    USB_ReadDevAllInEpInterrupt              0x080050e7   Thumb Code    14  stm32f7xx_ll_usb.o(i.USB_ReadDevAllInEpInterrupt)
    USB_ReadDevAllOutEpInterrupt             0x080050f5   Thumb Code    14  stm32f7xx_ll_usb.o(i.USB_ReadDevAllOutEpInterrupt)
    USB_ReadDevInEPInterrupt                 0x08005103   Thumb Code    32  stm32f7xx_ll_usb.o(i.USB_ReadDevInEPInterrupt)
    USB_ReadDevOutEPInterrupt                0x08005123   Thumb Code    16  stm32f7xx_ll_usb.o(i.USB_ReadDevOutEPInterrupt)
    USB_ReadInterrupts                       0x08005133   Thumb Code     8  stm32f7xx_ll_usb.o(i.USB_ReadInterrupts)
    USB_ReadPacket                           0x0800513b   Thumb Code    30  stm32f7xx_ll_usb.o(i.USB_ReadPacket)
    USB_SetCurrentMode                       0x08005159   Thumb Code    44  stm32f7xx_ll_usb.o(i.USB_SetCurrentMode)
    USB_SetDevAddress                        0x08005185   Thumb Code    34  stm32f7xx_ll_usb.o(i.USB_SetDevAddress)
    USB_WritePacket                          0x080051a9   Thumb Code    44  stm32f7xx_ll_usb.o(i.USB_WritePacket)
    _Error_Handler                           0x080051d5   Thumb Code     2  main.o(i._Error_Handler)
    _dwt_aonarrayupload                      0x080051f9   Thumb Code    26  deca_device.o(i._dwt_aonarrayupload)
    _dwt_configlde                           0x08005213   Thumb Code    42  deca_device.o(i._dwt_configlde)
    _dwt_disablesequencing                   0x0800523d   Thumb Code    22  deca_device.o(i._dwt_disablesequencing)
    _dwt_enableclocks                        0x08005253   Thumb Code   210  deca_device.o(i._dwt_enableclocks)
    _dwt_loaducodefromrom                    0x08005325   Thumb Code    36  deca_device.o(i._dwt_loaducodefromrom)
    _dwt_otpread                             0x08005349   Thumb Code    44  deca_device.o(i._dwt_otpread)
    _init_box                                0x08005375   Thumb Code    70  rt_membox.o(i._init_box)
    _mutex_acquire                           0x080053bd   Thumb Code    22  rtx_conf_cm.o(i._mutex_acquire)
    _mutex_initialize                        0x080053dd   Thumb Code    34  rtx_conf_cm.o(i._mutex_initialize)
    _mutex_release                           0x08005409   Thumb Code    18  rtx_conf_cm.o(i._mutex_release)
    dbg_init                                 0x08005435   Thumb Code    34  hal_cm.o(i.dbg_init)
    dbg_task_notify                          0x08005465   Thumb Code    32  hal_cm.o(i.dbg_task_notify)
    dbg_task_switch                          0x08005485   Thumb Code    16  hal_cm.o(i.dbg_task_switch)
    deca_sleep                               0x08005495   Thumb Code     4  deca_sleep.o(i.deca_sleep)
    decamutexoff                             0x08005499   Thumb Code    10  deca_mutex.o(i.decamutexoff)
    decamutexon                              0x080054a3   Thumb Code    18  deca_mutex.o(i.decamutexon)
    dwt_configure                            0x080054b5   Thumb Code   484  deca_device.o(i.dwt_configure)
    dwt_configuretxrf                        0x080056c9   Thumb Code    28  deca_device.o(i.dwt_configuretxrf)
    dwt_forcetrxoff                          0x080056e5   Thumb Code    76  deca_device.o(i.dwt_forcetrxoff)
    dwt_initialise                           0x08005739   Thumb Code   202  deca_device.o(i.dwt_initialise)
    dwt_isr                                  0x0800580d   Thumb Code   268  deca_device.o(i.dwt_isr)
    dwt_read16bitoffsetreg                   0x08005921   Thumb Code    30  deca_device.o(i.dwt_read16bitoffsetreg)
    dwt_read32bitoffsetreg                   0x0800593f   Thumb Code    34  deca_device.o(i.dwt_read32bitoffsetreg)
    dwt_read8bitoffsetreg                    0x08005961   Thumb Code    20  deca_device.o(i.dwt_read8bitoffsetreg)
    dwt_readdevid                            0x08005975   Thumb Code     8  deca_device.o(i.dwt_readdevid)
    dwt_readfromdevice                       0x0800597d   Thumb Code    60  deca_device.o(i.dwt_readfromdevice)
    dwt_rxenable                             0x080059b9   Thumb Code    78  deca_device.o(i.dwt_rxenable)
    dwt_rxreset                              0x08005a07   Thumb Code    26  deca_device.o(i.dwt_rxreset)
    dwt_setxtaltrim                          0x08005a21   Thumb Code    16  deca_device.o(i.dwt_setxtaltrim)
    dwt_softreset                            0x08005a31   Thumb Code    64  deca_device.o(i.dwt_softreset)
    dwt_starttx                              0x08005a75   Thumb Code   100  deca_device.o(i.dwt_starttx)
    dwt_syncrxbufptrs                        0x08005add   Thumb Code    40  deca_device.o(i.dwt_syncrxbufptrs)
    dwt_write16bitoffsetreg                  0x08005b05   Thumb Code    26  deca_device.o(i.dwt_write16bitoffsetreg)
    dwt_write32bitoffsetreg                  0x08005b1f   Thumb Code    32  deca_device.o(i.dwt_write32bitoffsetreg)
    dwt_write8bitoffsetreg                   0x08005b3f   Thumb Code    16  deca_device.o(i.dwt_write8bitoffsetreg)
    dwt_writetodevice                        0x08005b4f   Thumb Code    62  deca_device.o(i.dwt_writetodevice)
    dwt_writetxdata                          0x08005b8d   Thumb Code    34  deca_device.o(i.dwt_writetxdata)
    dwt_writetxfctrl                         0x08005bb1   Thumb Code    22  deca_device.o(i.dwt_writetxfctrl)
    execute_CMD                              0x08005bcd   Thumb Code    90  commands.o(i.execute_CMD)
    isrMessageGet                            0x08005c9d   Thumb Code    42  rt_cmsis.o(i.isrMessageGet)
    isrMessagePut                            0x08005cc7   Thumb Code    44  rt_cmsis.o(i.isrMessagePut)
    isrSignalSet                             0x08005cf3   Thumb Code    36  rt_cmsis.o(i.isrSignalSet)
    isr_evt_set                              0x08005d19   Thumb Code    34  rt_event.o(i.isr_evt_set)
    isr_mbx_receive                          0x08005d41   Thumb Code    86  rt_mailbox.o(i.isr_mbx_receive)
    isr_mbx_send                             0x08005d97   Thumb Code    14  rt_mailbox.o(i.isr_mbx_send)
    led_off                                  0x08005da5   Thumb Code    40  port.o(i.led_off)
    led_on                                   0x08005dcd   Thumb Code    40  port.o(i.led_on)
    main                                     0x08005df5   Thumb Code   112  main.o(i.main)
    osKernelInitialize                       0x08005e6d   Thumb Code    30  rt_cmsis.o(i.osKernelInitialize)
    osKernelStart                            0x08005e91   Thumb Code    98  rt_cmsis.o(i.osKernelStart)
    osMessageGet                             0x08005efd   Thumb Code    18  rt_cmsis.o(i.osMessageGet)
    osSignalSet                              0x08005f15   Thumb Code    18  rt_cmsis.o(i.osSignalSet)
    osSignalWait                             0x08005f2d   Thumb Code    18  rt_cmsis.o(i.osSignalWait)
    osThreadCreate                           0x08005f45   Thumb Code    36  rt_cmsis.o(i.osThreadCreate)
    osThreadExit                             0x08005f71   Thumb Code    14  rt_cmsis.o(i.osThreadExit)
    osTimerCall                              0x08005f89   Thumb Code     8  rt_cmsis.o(i.osTimerCall)
    osTimerThread                            0x08005f95   Thumb Code    38  rt_cmsis.o(i.osTimerThread)
    os_error                                 0x08005fc1   Thumb Code     2  rtx_conf_cm.o(i.os_error)
    os_idle_demon                            0x08005fc3   Thumb Code     2  rtx_conf_cm.o(i.os_idle_demon)
    os_tick_init                             0x08005fc5   Thumb Code    32  rt_system.o(i.os_tick_init)
    os_tick_irqack                           0x08005fed   Thumb Code     2  rt_system.o(i.os_tick_irqack)
    port_DisableEXT_IRQ                      0x08005ff1   Thumb Code    20  port.o(i.port_DisableEXT_IRQ)
    port_EnableEXT_IRQ                       0x08006009   Thumb Code    12  port.o(i.port_EnableEXT_IRQ)
    port_GetEXT_IRQStatus                    0x08006019   Thumb Code     6  port.o(i.port_GetEXT_IRQStatus)
    port_set_dw1000_fastrate                 0x08006021   Thumb Code    12  port.o(i.port_set_dw1000_fastrate)
    port_set_dw1000_slowrate                 0x08006031   Thumb Code    12  port.o(i.port_set_dw1000_slowrate)
    process_deca_irq                         0x08006041   Thumb Code    30  port.o(i.process_deca_irq)
    readfromspi                              0x08006065   Thumb Code    92  deca_spi.o(i.readfromspi)
    reset_DW1000                             0x080060c9   Thumb Code    58  port.o(i.reset_DW1000)
    rt_alloc_box                             0x08006109   Thumb Code    26  rt_membox.o(i.rt_alloc_box)
    rt_alloc_mem                             0x08006123   Thumb Code    62  rt_memory.o(i.rt_alloc_mem)
    rt_block                                 0x08006161   Thumb Code    48  rt_task.o(i.rt_block)
    rt_chk_robin                             0x08006199   Thumb Code    60  rt_robin.o(i.rt_chk_robin)
    rt_dec_dly                               0x080061e1   Thumb Code   102  rt_list.o(i.rt_dec_dly)
    rt_dispatch                              0x08006251   Thumb Code    60  rt_task.o(i.rt_dispatch)
    rt_evt_psh                               0x08006295   Thumb Code    76  rt_event.o(i.rt_evt_psh)
    rt_evt_set                               0x080062e5   Thumb Code    88  rt_event.o(i.rt_evt_set)
    rt_evt_wait                              0x08006341   Thumb Code    56  rt_event.o(i.rt_evt_wait)
    rt_free_box                              0x0800637d   Thumb Code    44  rt_membox.o(i.rt_free_box)
    rt_free_mem                              0x080063a9   Thumb Code    40  rt_memory.o(i.rt_free_mem)
    rt_get_first                             0x080063d1   Thumb Code    40  rt_list.o(i.rt_get_first)
    rt_init_mem                              0x08006449   Thumb Code    26  rt_memory.o(i.rt_init_mem)
    rt_init_robin                            0x08006465   Thumb Code    14  rt_robin.o(i.rt_init_robin)
    rt_init_stack                            0x0800647d   Thumb Code   118  hal_cm.o(i.rt_init_stack)
    rt_mbx_check                             0x080064fd   Thumb Code     8  rt_mailbox.o(i.rt_mbx_check)
    rt_mbx_init                              0x08006505   Thumb Code    26  rt_mailbox.o(i.rt_mbx_init)
    rt_mbx_psh                               0x08006521   Thumb Code   236  rt_mailbox.o(i.rt_mbx_psh)
    rt_mbx_wait                              0x08006611   Thumb Code   174  rt_mailbox.o(i.rt_mbx_wait)
    rt_mut_init                              0x08006709   Thumb Code    16  rt_mutex.o(i.rt_mut_init)
    rt_mut_release                           0x08006719   Thumb Code   208  rt_mutex.o(i.rt_mut_release)
    rt_mut_wait                              0x080067f1   Thumb Code   114  rt_mutex.o(i.rt_mut_wait)
    rt_pop_req                               0x08006869   Thumb Code   112  rt_system.o(i.rt_pop_req)
    rt_psh_req                               0x080068e5   Thumb Code    22  rt_system.o(i.rt_psh_req)
    rt_psq_enq                               0x08006905   Thumb Code    88  rt_list.o(i.rt_psq_enq)
    rt_put_dly                               0x08006961   Thumb Code    68  rt_list.o(i.rt_put_dly)
    rt_put_prio                              0x080069a9   Thumb Code    54  rt_list.o(i.rt_put_prio)
    rt_put_rdy_first                         0x080069e1   Thumb Code    14  rt_list.o(i.rt_put_rdy_first)
    rt_resort_prio                           0x080069f5   Thumb Code    46  rt_list.o(i.rt_resort_prio)
    rt_ret_val                               0x08006a39   Thumb Code    12  hal_cm.o(i.rt_ret_val)
    rt_ret_val2                              0x08006a45   Thumb Code    16  hal_cm.o(i.rt_ret_val2)
    rt_rmv_dly                               0x08006a55   Thumb Code    40  rt_list.o(i.rt_rmv_dly)
    rt_rmv_list                              0x08006a7d   Thumb Code    44  rt_list.o(i.rt_rmv_list)
    rt_sem_psh                               0x08006aad   Thumb Code    48  rt_semaphore.o(i.rt_sem_psh)
    rt_stk_check                             0x08006ae1   Thumb Code     2  rtx_conf_cm.o(i.rt_stk_check)
    rt_switch_req                            0x08006ae5   Thumb Code    30  rt_task.o(i.rt_switch_req)
    rt_sys_init                              0x08006b0d   Thumb Code   138  rt_task.o(i.rt_sys_init)
    rt_sys_start                             0x08006bd9   Thumb Code   110  rt_task.o(i.rt_sys_start)
    rt_systick                               0x08006c51   Thumb Code    50  rt_system.o(i.rt_systick)
    rt_tsk_create                            0x08006cd9   Thumb Code   118  rt_task.o(i.rt_tsk_create)
    rt_tsk_delete                            0x08006d61   Thumb Code   352  rt_task.o(i.rt_tsk_delete)
    rt_tsk_prio                              0x08006edd   Thumb Code   108  rt_task.o(i.rt_tsk_prio)
    rt_tsk_self                              0x08006f59   Thumb Code    12  rt_task.o(i.rt_tsk_self)
    setup_DW1000RSTnIRQ                      0x08006f69   Thumb Code    90  port.o(i.setup_DW1000RSTnIRQ)
    svcKernelInitialize                      0x08006fcd   Thumb Code    80  rt_cmsis.o(i.svcKernelInitialize)
    svcKernelStart                           0x0800703d   Thumb Code    62  rt_cmsis.o(i.svcKernelStart)
    svcMessageCreate                         0x08007085   Thumb Code    36  rt_cmsis.o(i.svcMessageCreate)
    svcMessageGet                            0x080070a9   Thumb Code    58  rt_cmsis.o(i.svcMessageGet)
    svcSignalSet                             0x080070e3   Thumb Code    36  rt_cmsis.o(i.svcSignalSet)
    svcSignalWait                            0x08007109   Thumb Code    80  rt_cmsis.o(i.svcSignalWait)
    svcThreadCreate                          0x0800715d   Thumb Code    96  rt_cmsis.o(i.svcThreadCreate)
    svcThreadGetId                           0x080071c9   Thumb Code    22  rt_cmsis.o(i.svcThreadGetId)
    svcThreadTerminate                       0x080071e5   Thumb Code    50  rt_cmsis.o(i.svcThreadTerminate)
    svcTimerCall                             0x0800721d   Thumb Code    24  rt_cmsis.o(i.svcTimerCall)
    sysTimerTick                             0x08007235   Thumb Code    84  rt_cmsis.o(i.sysTimerTick)
    uartThread                               0x08007291   Thumb Code    48  uartthread.o(i.uartThread)
    uart_sendmsg                             0x080072cd   Thumb Code    10  commands.o(i.uart_sendmsg)
    usleep                                   0x080072dd   Thumb Code    26  port.o(i.usleep)
    writetospi                               0x080072f9   Thumb Code    76  deca_spi.o(i.writetospi)
    _get_lc_ctype                            0x0800734d   Thumb Code    44  lc_ctype_c.o(locale$$code)
    _fp_init                                 0x08007379   Thumb Code    10  fpinit.o(x$fpl$fpinit)
    __fplib_config_fpu_vfp                   0x08007381   Thumb Code     0  fpinit.o(x$fpl$fpinit)
    __fplib_config_pureend_doubles           0x08007381   Thumb Code     0  fpinit.o(x$fpl$fpinit)
    BUTTON_IRQn                              0x08007382   Data           1  stm32f7xx_nucleo_144.o(.constdata)
    BUTTON_PIN                               0x08007384   Data           2  stm32f7xx_nucleo_144.o(.constdata)
    GPIO_PIN                                 0x08007386   Data           6  stm32f7xx_nucleo_144.o(.constdata)
    chan_idx                                 0x0800738c   Data           8  deca_params_init.o(.constdata)
    tx_config                                0x08007394   Data          24  deca_params_init.o(.constdata)
    fs_pll_cfg                               0x080073ac   Data          24  deca_params_init.o(.constdata)
    fs_pll_tune                              0x080073c4   Data           6  deca_params_init.o(.constdata)
    rx_config                                0x080073ca   Data           2  deca_params_init.o(.constdata)
    agc_config                               0x080073cc   Data           8  deca_params_init.o(.constdata)
    dwnsSFDlen                               0x080073d4   Data           3  deca_params_init.o(.constdata)
    sftsh                                    0x080073d8   Data          12  deca_params_init.o(.constdata)
    dtune1                                   0x080073e4   Data           4  deca_params_init.o(.constdata)
    digital_bb_config                        0x080073e8   Data          32  deca_params_init.o(.constdata)
    lde_replicaCoeff                         0x08007408   Data          50  deca_params_init.o(.constdata)
    os_thread_def_uartThread                 0x0800743c   Data          16  uartthread.o(.constdata)
    os_thread_def_JMThread                   0x0800744c   Data          16  jmthread.o(.constdata)
    os_maxtaskrun                            0x0800745c   Data           2  rtx_conf_cm.o(.constdata)
    os_stackinfo                             0x08007460   Data           4  rtx_conf_cm.o(.constdata)
    os_rrobin                                0x08007464   Data           4  rtx_conf_cm.o(.constdata)
    os_trv                                   0x08007468   Data           4  rtx_conf_cm.o(.constdata)
    os_flags                                 0x0800746c   Data           1  rtx_conf_cm.o(.constdata)
    CMSIS_RTOS_API_Version                   0x08007470   Data           4  rtx_conf_cm.o(.constdata)
    CMSIS_RTOS_RTX_Version                   0x08007474   Data           4  rtx_conf_cm.o(.constdata)
    os_clockrate                             0x08007478   Data           4  rtx_conf_cm.o(.constdata)
    os_timernum                              0x0800747c   Data           4  rtx_conf_cm.o(.constdata)
    mp_tcb_size                              0x08007480   Data           2  rtx_conf_cm.o(.constdata)
    mp_stk_size                              0x08007484   Data           4  rtx_conf_cm.o(.constdata)
    os_stack_sz                              0x08007488   Data           4  rtx_conf_cm.o(.constdata)
    os_fifo_size                             0x0800748c   Data           1  rtx_conf_cm.o(.constdata)
    os_thread_def_osTimerThread              0x08007490   Data          16  rtx_conf_cm.o(.constdata)
    os_messageQ_def_osTimerMessageQ          0x080074a0   Data           8  rtx_conf_cm.o(.constdata)
    mp_tmr_size                              0x080074a8   Data           2  rtx_conf_cm.o(.constdata)
    os_thread_def_main                       0x080074ac   Data          16  rtx_conf_cm.o(.constdata)
    AHBPrescTable                            0x080074bc   Data          16  system_stm32f7xx.o(.constdata)
    APBPrescTable                            0x080074cc   Data           8  system_stm32f7xx.o(.constdata)
    Region$$Table$$Base                      0x080074d4   Number         0  anon$$obj.o(Region$$Table)
    Region$$Table$$Limit                     0x080074f4   Number         0  anon$$obj.o(Region$$Table)
    __ctype                                  0x08007501   Data           0  lc_ctype_c.o(locale$$data)
    BUTTON_PORT                              0x20010000   Data           4  stm32f7xx_nucleo_144.o(.data)
    SpixTimeout                              0x20010004   Data           4  stm32f7xx_nucleo_144.o(.data)
    GPIO_PORT                                0x20010008   Data          12  stm32f7xx_nucleo_144.o(.data)
    u5_TxStartMessage                        0x20010014   Data          65  main.o(.data)
    USBD_CDC_CfgHSDesc                       0x20010068   Data          67  usbd_cdc.o(.data)
    USBD_CDC_CfgFSDesc                       0x200100ac   Data          67  usbd_cdc.o(.data)
    USBD_CDC_OtherSpeedCfgDesc               0x200100f0   Data          67  usbd_cdc.o(.data)
    USBD_CDC                                 0x20010134   Data          56  usbd_cdc.o(.data)
    USBD_Interface_fops_FS                   0x20010180   Data          16  usbd_cdc_if.o(.data)
    FS_Desc                                  0x20010190   Data          32  usbd_desc.o(.data)
    USBD_LangIDDesc                          0x200101b0   Data           4  usbd_desc.o(.data)
    USBD_FS_DeviceDesc                       0x200101b4   Data          18  usbd_desc.o(.data)
    USBD_FS_BOSDesc                          0x200101c8   Data          12  usbd_desc.o(.data)
    Rx_indx                                  0x200101d4   Data           1  uartthread.o(.data)
    Transfer_cplt                            0x200101d5   Data           1  uartthread.o(.data)
    Rx_data                                  0x200101d6   Data           2  uartthread.o(.data)
    tid_uartThread                           0x200101d8   Data           4  uartthread.o(.data)
    cmd                                      0x200101dc   Data          36  commands.o(.data)
    cmd_error                                0x20010200   Data          15  commands.o(.data)
    tid_JMThread                             0x20010214   Data           4  jmthread.o(.data)
    m_tmr                                    0x200102a0   Data           4  rtx_conf_cm.o(.data)
    osThreadId_osTimerThread                 0x200102a4   Data           4  rtx_conf_cm.o(.data)
    osMessageQId_osTimerMessageQ             0x200102a8   Data           4  rtx_conf_cm.o(.data)
    SystemCoreClock                          0x200102b0   Data           4  system_stm32f7xx.o(.data)
    os_initialized                           0x200102b4   Data           1  rt_cmsis.o(.data)
    os_running                               0x200102b5   Data           1  rt_cmsis.o(.data)
    os_timer_head                            0x200102b8   Data           4  rt_cmsis.o(.data)
    os_tsk                                   0x200102bc   Data           8  rt_task.o(.data)
    os_time                                  0x200102c4   Data           4  rt_time.o(.data)
    os_tick_irqn                             0x200102cc   Data           4  rt_system.o(.data)
    os_robin                                 0x200102d0   Data           8  rt_robin.o(.data)
    dbg_msg                                  0x200102d8   Data           1  hal_cm.o(.data)
    heth                                     0x200102dc   Data          72  main.o(.bss)
    hspi1                                    0x20010324   Data         100  main.o(.bss)
    huart2                                   0x20010388   Data         112  main.o(.bss)
    hUsbDeviceFS                             0x20012430   Data         548  usb_device.o(.bss)
    UserRxBufferFS                           0x20012654   Data        2048  usbd_cdc_if.o(.bss)
    UserTxBufferFS                           0x20012e54   Data        2048  usbd_cdc_if.o(.bss)
    hpcd_USB_OTG_FS                          0x20013654   Data        1024  usbd_conf.o(.bss)
    USBD_StrDesc                             0x20013a54   Data         512  usbd_desc.o(.bss)
    Rx_Buffer                                0x20013c54   Data         100  uartthread.o(.bss)
    os_messageQ_q_osTimerMessageQ            0x20013cb8   Data          32  rtx_conf_cm.o(.bss)
    mp_tcb                                   0x20013cd8   Data         376  rtx_conf_cm.o(.bss)
    mp_stk                                   0x20013e50   Data        2064  rtx_conf_cm.o(.bss)
    os_stack_mem                             0x20014660   Data       18136  rtx_conf_cm.o(.bss)
    os_fifo                                  0x20018d38   Data         132  rtx_conf_cm.o(.bss)
    os_active_TCB                            0x20018dbc   Data          28  rtx_conf_cm.o(.bss)
    os_idle_TCB                              0x200190f8   Data          52  rt_task.o(.bss)
    os_rdy                                   0x2001912c   Data          24  rt_list.o(.bss)
    os_dly                                   0x20019144   Data          24  rt_list.o(.bss)
    __libspace_start                         0x2001915c   Data          96  libspace.o(.bss)
    __temporary_stack_top$libspace           0x200191bc   Data           0  libspace.o(.bss)



==============================================================================

Memory Map of the image

  Image Entry point : 0x080001c9

  Load Region LR_IROM1 (Base: 0x08000000, Size: 0x000078e0, Max: 0x00100000, ABSOLUTE, COMPRESSED[0x00007780])

    Execution Region ER_IROM1 (Exec base: 0x08000000, Load base: 0x08000000, Size: 0x00007604, Max: 0x00100000, ABSOLUTE)

    Exec Addr    Load Addr    Size         Type   Attr      Idx    E Section Name        Object

    0x08000000   0x08000000   0x000001c8   Data   RO         5098    RESET               startup_stm32f746xx.o
    0x080001c8   0x080001c8   0x00000008   Code   RO         6502  * !!!main             c_w.l(__main.o)
    0x080001d0   0x080001d0   0x00000034   Code   RO         6830    !!!scatter          c_w.l(__scatter.o)
    0x08000204   0x08000204   0x0000005a   Code   RO         6828    !!dczerorl2         c_w.l(__dczerorl2.o)
    0x0800025e   0x0800025e   0x00000002   PAD
    0x08000260   0x08000260   0x0000001c   Code   RO         6832    !!handler_zi        c_w.l(__scatter_zi.o)
    0x0800027c   0x0800027c   0x00000002   Code   RO         6780    .ARM.Collect$$libinit$$00000000  c_w.l(libinit.o)
    0x0800027e   0x0800027e   0x00000004   Code   RO         6602    .ARM.Collect$$libinit$$00000001  c_w.l(libinit2.o)
    0x08000282   0x08000282   0x00000000   Code   RO         6605    .ARM.Collect$$libinit$$00000004  c_w.l(libinit2.o)
    0x08000282   0x08000282   0x00000008   Code   RO         6606    .ARM.Collect$$libinit$$00000005  c_w.l(libinit2.o)
    0x0800028a   0x0800028a   0x00000000   Code   RO         6608    .ARM.Collect$$libinit$$0000000A  c_w.l(libinit2.o)
    0x0800028a   0x0800028a   0x00000000   Code   RO         6610    .ARM.Collect$$libinit$$0000000C  c_w.l(libinit2.o)
    0x0800028a   0x0800028a   0x00000000   Code   RO         6612    .ARM.Collect$$libinit$$0000000E  c_w.l(libinit2.o)
    0x0800028a   0x0800028a   0x00000006   Code   RO         6613    .ARM.Collect$$libinit$$0000000F  c_w.l(libinit2.o)
    0x08000290   0x08000290   0x00000000   Code   RO         6615    .ARM.Collect$$libinit$$00000011  c_w.l(libinit2.o)
    0x08000290   0x08000290   0x0000000c   Code   RO         6616    .ARM.Collect$$libinit$$00000012  c_w.l(libinit2.o)
    0x0800029c   0x0800029c   0x00000000   Code   RO         6617    .ARM.Collect$$libinit$$00000013  c_w.l(libinit2.o)
    0x0800029c   0x0800029c   0x00000000   Code   RO         6619    .ARM.Collect$$libinit$$00000015  c_w.l(libinit2.o)
    0x0800029c   0x0800029c   0x00000000   Code   RO         6621    .ARM.Collect$$libinit$$00000017  c_w.l(libinit2.o)
    0x0800029c   0x0800029c   0x00000000   Code   RO         6623    .ARM.Collect$$libinit$$00000019  c_w.l(libinit2.o)
    0x0800029c   0x0800029c   0x00000000   Code   RO         6625    .ARM.Collect$$libinit$$0000001B  c_w.l(libinit2.o)
    0x0800029c   0x0800029c   0x00000000   Code   RO         6627    .ARM.Collect$$libinit$$0000001D  c_w.l(libinit2.o)
    0x0800029c   0x0800029c   0x00000000   Code   RO         6629    .ARM.Collect$$libinit$$0000001F  c_w.l(libinit2.o)
    0x0800029c   0x0800029c   0x00000000   Code   RO         6631    .ARM.Collect$$libinit$$00000021  c_w.l(libinit2.o)
    0x0800029c   0x0800029c   0x00000000   Code   RO         6633    .ARM.Collect$$libinit$$00000023  c_w.l(libinit2.o)
    0x0800029c   0x0800029c   0x00000000   Code   RO         6635    .ARM.Collect$$libinit$$00000025  c_w.l(libinit2.o)
    0x0800029c   0x0800029c   0x00000000   Code   RO         6639    .ARM.Collect$$libinit$$0000002C  c_w.l(libinit2.o)
    0x0800029c   0x0800029c   0x00000000   Code   RO         6641    .ARM.Collect$$libinit$$0000002E  c_w.l(libinit2.o)
    0x0800029c   0x0800029c   0x00000000   Code   RO         6643    .ARM.Collect$$libinit$$00000030  c_w.l(libinit2.o)
    0x0800029c   0x0800029c   0x00000000   Code   RO         6645    .ARM.Collect$$libinit$$00000032  c_w.l(libinit2.o)
    0x0800029c   0x0800029c   0x00000002   Code   RO         6646    .ARM.Collect$$libinit$$00000033  c_w.l(libinit2.o)
    0x0800029e   0x0800029e   0x00000002   Code   RO         6781    .ARM.Collect$$libshutdown$$00000000  c_w.l(libshutdown.o)
    0x080002a0   0x080002a0   0x00000000   Code   RO         6793    .ARM.Collect$$libshutdown$$00000002  c_w.l(libshutdown2.o)
    0x080002a0   0x080002a0   0x00000000   Code   RO         6795    .ARM.Collect$$libshutdown$$00000004  c_w.l(libshutdown2.o)
    0x080002a0   0x080002a0   0x00000000   Code   RO         6798    .ARM.Collect$$libshutdown$$00000007  c_w.l(libshutdown2.o)
    0x080002a0   0x080002a0   0x00000000   Code   RO         6801    .ARM.Collect$$libshutdown$$0000000A  c_w.l(libshutdown2.o)
    0x080002a0   0x080002a0   0x00000000   Code   RO         6803    .ARM.Collect$$libshutdown$$0000000C  c_w.l(libshutdown2.o)
    0x080002a0   0x080002a0   0x00000000   Code   RO         6806    .ARM.Collect$$libshutdown$$0000000F  c_w.l(libshutdown2.o)
    0x080002a0   0x080002a0   0x00000002   Code   RO         6807    .ARM.Collect$$libshutdown$$00000010  c_w.l(libshutdown2.o)
    0x080002a2   0x080002a2   0x00000000   Code   RO         6552    .ARM.Collect$$rtentry$$00000000  c_w.l(__rtentry.o)
    0x080002a2   0x080002a2   0x00000000   Code   RO         6661    .ARM.Collect$$rtentry$$00000002  c_w.l(__rtentry2.o)
    0x080002a2   0x080002a2   0x00000006   Code   RO         6673    .ARM.Collect$$rtentry$$00000004  c_w.l(__rtentry4.o)
    0x080002a8   0x080002a8   0x00000000   Code   RO         6663    .ARM.Collect$$rtentry$$00000009  c_w.l(__rtentry2.o)
    0x080002a8   0x080002a8   0x00000004   Code   RO         6664    .ARM.Collect$$rtentry$$0000000A  c_w.l(__rtentry2.o)
    0x080002ac   0x080002ac   0x00000008   Code   RO         6665    .ARM.Collect$$rtentry$$0000000B  c_w.l(__rtentry2.o)
    0x080002b4   0x080002b4   0x00000008   Code   RO         6667    .ARM.Collect$$rtentry$$0000000D  c_w.l(__rtentry2.o)
    0x080002bc   0x080002bc   0x00000002   Code   RO         6553    .ARM.Collect$$rtexit$$00000000  c_w.l(rtexit.o)
    0x080002be   0x080002be   0x00000000   Code   RO         6676    .ARM.Collect$$rtexit$$00000002  c_w.l(rtexit2.o)
    0x080002be   0x080002be   0x00000004   Code   RO         6677    .ARM.Collect$$rtexit$$00000003  c_w.l(rtexit2.o)
    0x080002c2   0x080002c2   0x00000006   Code   RO         6678    .ARM.Collect$$rtexit$$00000004  c_w.l(rtexit2.o)
    0x080002c8   0x080002c8   0x0000001c   Code   RO         2768    .emb_text           rtx_conf_cm.o
    0x080002e4   0x080002e4   0x00000198   Code   RO         6341    .emb_text           RTX_CM4.lib(hal_cm4.o)
    0x0800047c   0x0800047c   0x00000000   Code   RO         6693    .emb_text           c_w.l(maybetermalloc1.o)
    0x0800047c   0x0800047c   0x00000040   Code   RO         5099    .text               startup_stm32f746xx.o
    0x080004bc   0x080004bc   0x00000008   Code   RO         6356    .text               c_w.l(libspace.o)
    0x080004c4   0x080004c4   0x0000009e   Code   RO         6367    .text               c_w.l(h1_alloc_mt.o)
    0x08000562   0x08000562   0x00000076   Code   RO         6369    .text               c_w.l(h1_free_mt.o)
    0x080005d8   0x080005d8   0x0000001e   Code   RO         6423    .text               c_w.l(toupper.o)
    0x080005f6   0x080005f6   0x00000012   Code   RO         6484    .text               c_w.l(exit.o)
    0x08000608   0x08000608   0x0000008a   Code   RO         6488    .text               c_w.l(rt_memcpy_v6.o)
    0x08000692   0x08000692   0x00000064   Code   RO         6490    .text               c_w.l(rt_memcpy_w.o)
    0x080006f6   0x080006f6   0x00000002   PAD
    0x080006f8   0x080006f8   0x00000068   Code   RO         6498    .text               c_w.l(strcmpv7m_pel.o)
    0x08000760   0x08000760   0x00000006   Code   RO         6500    .text               c_w.l(heapauxi.o)
    0x08000766   0x08000766   0x00000002   PAD
    0x08000768   0x08000768   0x00000010   Code   RO         6555    .text               c_w.l(rt_ctype_table.o)
    0x08000778   0x08000778   0x0000000a   Code   RO         6566    .text               c_w.l(rt_heap_descriptor_twolibspace.o)
    0x08000782   0x08000782   0x00000004   Code   RO         6568    .text               c_w.l(hguard.o)
    0x08000786   0x08000786   0x0000008a   Code   RO         6570    .text               c_w.l(init_alloc.o)
    0x08000810   0x08000810   0x00000012   Code   RO         6576    .text               c_w.l(h1_init_mt.o)
    0x08000822   0x08000822   0x0000000a   Code   RO         6689    .text               c_w.l(rt_locale_twolibspace.o)
    0x0800082c   0x0800082c   0x0000003e   Code   RO         6697    .text               c_w.l(h1_extend_mt.o)
    0x0800086a   0x0800086a   0x0000000e   Code   RO         6736    .text               c_w.l(defsig_rtmem_outer.o)
    0x08000878   0x08000878   0x0000000c   Code   RO         6751    .text               c_w.l(sys_exit.o)
    0x08000884   0x08000884   0x00000002   Code   RO         6753    .text               c_w.l(use_no_semi.o)
    0x08000886   0x08000886   0x00000000   Code   RO         6755    .text               c_w.l(indicate_semi.o)
    0x08000886   0x08000886   0x0000004a   Code   RO         6756    .text               c_w.l(sys_stackheap_outer.o)
    0x080008d0   0x080008d0   0x0000000a   Code   RO         6762    .text               c_w.l(defsig_exit.o)
    0x080008da   0x080008da   0x00000002   PAD
    0x080008dc   0x080008dc   0x00000050   Code   RO         6768    .text               c_w.l(defsig_rtmem_inner.o)
    0x0800092c   0x0800092c   0x00000032   Code   RO         6788    .text               c_w.l(defsig_general.o)
    0x0800095e   0x0800095e   0x0000000e   Code   RO         6808    .text               c_w.l(sys_wrch.o)
    0x0800096c   0x0800096c   0x00000004   Code   RO         6351    SVC_TABLE           RTX_CM4.lib(svc_table.o)
    0x08000970   0x08000970   0x0000001c   Code   RO            7    i.BSP_LED_Off       stm32f7xx_nucleo_144.o
    0x0800098c   0x0800098c   0x0000001c   Code   RO            8    i.BSP_LED_On        stm32f7xx_nucleo_144.o
    0x080009a8   0x080009a8   0x00000004   Code   RO         2283    i.CDC_Control_FS    usbd_cdc_if.o
    0x080009ac   0x080009ac   0x00000004   Code   RO         2284    i.CDC_DeInit_FS     usbd_cdc_if.o
    0x080009b0   0x080009b0   0x00000024   Code   RO         2285    i.CDC_Init_FS       usbd_cdc_if.o
    0x080009d4   0x080009d4   0x00000018   Code   RO         2286    i.CDC_Receive_FS    usbd_cdc_if.o
    0x080009ec   0x080009ec   0x00000002   Code   RO          379    i.DebugMon_Handler  stm32f7xx_it.o
    0x080009ee   0x080009ee   0x00000002   PAD
    0x080009f0   0x080009f0   0x00000124   Code   RO         3303    i.ETH_MACDMAConfig  stm32f7xx_hal_eth.o
    0x08000b14   0x08000b14   0x00000016   Code   RO          380    i.EXTI15_10_IRQHandler  stm32f7xx_it.o
    0x08000b2a   0x08000b2a   0x00000006   Code   RO          381    i.EXTI4_IRQHandler  stm32f7xx_it.o
    0x08000b30   0x08000b30   0x00000020   Code   RO         2072    i.EXTI_GetITEnStatus  port.o
    0x08000b50   0x08000b50   0x00000024   Code   RO         3159    i.HAL_DMA_Abort_IT  stm32f7xx_hal_dma.o
    0x08000b74   0x08000b74   0x00000016   Code   RO         2868    i.HAL_Delay         stm32f7xx_hal.o
    0x08000b8a   0x08000b8a   0x00000002   PAD
    0x08000b8c   0x08000b8c   0x000001f0   Code   RO         3314    i.HAL_ETH_Init      stm32f7xx_hal_eth.o
    0x08000d7c   0x08000d7c   0x0000009c   Code   RO         5040    i.HAL_ETH_MspInit   stm32f7xx_hal_msp.o
    0x08000e18   0x08000e18   0x00000086   Code   RO         3317    i.HAL_ETH_ReadPHYRegister  stm32f7xx_hal_eth.o
    0x08000e9e   0x08000e9e   0x00000002   PAD
    0x08000ea0   0x08000ea0   0x0000007a   Code   RO         3323    i.HAL_ETH_WritePHYRegister  stm32f7xx_hal_eth.o
    0x08000f1a   0x08000f1a   0x00000002   PAD
    0x08000f1c   0x08000f1c   0x0000001c   Code   RO         2073    i.HAL_GPIO_EXTI_Callback  port.o
    0x08000f38   0x08000f38   0x00000018   Code   RO         3452    i.HAL_GPIO_EXTI_IRQHandler  stm32f7xx_hal_gpio.o
    0x08000f50   0x08000f50   0x000001d8   Code   RO         3453    i.HAL_GPIO_Init     stm32f7xx_hal_gpio.o
    0x08001128   0x08001128   0x0000000a   Code   RO         3455    i.HAL_GPIO_ReadPin  stm32f7xx_hal_gpio.o
    0x08001132   0x08001132   0x0000000a   Code   RO         3457    i.HAL_GPIO_WritePin  stm32f7xx_hal_gpio.o
    0x0800113c   0x0800113c   0x0000000c   Code   RO          268    i.HAL_GetTick       main.o
    0x08001148   0x08001148   0x00000016   Code   RO         2878    i.HAL_Init          stm32f7xx_hal.o
    0x0800115e   0x0800115e   0x00000002   PAD
    0x08001160   0x08001160   0x00000028   Code   RO         2879    i.HAL_InitTick      stm32f7xx_hal.o
    0x08001188   0x08001188   0x00000058   Code   RO         5041    i.HAL_MspInit       stm32f7xx_hal_msp.o
    0x080011e0   0x080011e0   0x00000022   Code   RO         3024    i.HAL_NVIC_DisableIRQ  stm32f7xx_hal_cortex.o
    0x08001202   0x08001202   0x0000001a   Code   RO         3025    i.HAL_NVIC_EnableIRQ  stm32f7xx_hal_cortex.o
    0x0800121c   0x0800121c   0x00000040   Code   RO         3031    i.HAL_NVIC_SetPriority  stm32f7xx_hal_cortex.o
    0x0800125c   0x0800125c   0x00000024   Code   RO         3032    i.HAL_NVIC_SetPriorityGrouping  stm32f7xx_hal_cortex.o
    0x08001280   0x08001280   0x00000024   Code   RO         3033    i.HAL_NVIC_SystemReset  stm32f7xx_hal_cortex.o
    0x080012a4   0x080012a4   0x00000028   Code   RO         3749    i.HAL_PCDEx_ActivateLPM  stm32f7xx_hal_pcd_ex.o
    0x080012cc   0x080012cc   0x00000060   Code   RO         2335    i.HAL_PCDEx_LPM_Callback  usbd_conf.o
    0x0800132c   0x0800132c   0x00000008   Code   RO         3752    i.HAL_PCDEx_SetRxFiFo  stm32f7xx_hal_pcd_ex.o
    0x08001334   0x08001334   0x00000048   Code   RO         3753    i.HAL_PCDEx_SetTxFiFo  stm32f7xx_hal_pcd_ex.o
    0x0800137c   0x0800137c   0x00000008   Code   RO         2336    i.HAL_PCD_ConnectCallback  usbd_conf.o
    0x08001384   0x08001384   0x00000012   Code   RO         2337    i.HAL_PCD_DataInStageCallback  usbd_conf.o
    0x08001396   0x08001396   0x00000014   Code   RO         2338    i.HAL_PCD_DataOutStageCallback  usbd_conf.o
    0x080013aa   0x080013aa   0x00000008   Code   RO         2339    i.HAL_PCD_DisconnectCallback  usbd_conf.o
    0x080013b2   0x080013b2   0x00000044   Code   RO         3543    i.HAL_PCD_EP_Close  stm32f7xx_hal_pcd.o
    0x080013f6   0x080013f6   0x00000050   Code   RO         3544    i.HAL_PCD_EP_ClrStall  stm32f7xx_hal_pcd.o
    0x08001446   0x08001446   0x00000014   Code   RO         3546    i.HAL_PCD_EP_GetRxCount  stm32f7xx_hal_pcd.o
    0x0800145a   0x0800145a   0x00000056   Code   RO         3547    i.HAL_PCD_EP_Open   stm32f7xx_hal_pcd.o
    0x080014b0   0x080014b0   0x00000044   Code   RO         3548    i.HAL_PCD_EP_Receive  stm32f7xx_hal_pcd.o
    0x080014f4   0x080014f4   0x00000060   Code   RO         3549    i.HAL_PCD_EP_SetStall  stm32f7xx_hal_pcd.o
    0x08001554   0x08001554   0x00000044   Code   RO         3550    i.HAL_PCD_EP_Transmit  stm32f7xx_hal_pcd.o
    0x08001598   0x08001598   0x0000053c   Code   RO         3552    i.HAL_PCD_IRQHandler  stm32f7xx_hal_pcd.o
    0x08001ad4   0x08001ad4   0x00000008   Code   RO         2340    i.HAL_PCD_ISOINIncompleteCallback  usbd_conf.o
    0x08001adc   0x08001adc   0x00000008   Code   RO         2341    i.HAL_PCD_ISOOUTIncompleteCallback  usbd_conf.o
    0x08001ae4   0x08001ae4   0x000000d0   Code   RO         3555    i.HAL_PCD_Init      stm32f7xx_hal_pcd.o
    0x08001bb4   0x08001bb4   0x00000070   Code   RO         2343    i.HAL_PCD_MspInit   usbd_conf.o
    0x08001c24   0x08001c24   0x00000020   Code   RO         2344    i.HAL_PCD_ResetCallback  usbd_conf.o
    0x08001c44   0x08001c44   0x00000008   Code   RO         2345    i.HAL_PCD_ResumeCallback  usbd_conf.o
    0x08001c4c   0x08001c4c   0x00000008   Code   RO         2346    i.HAL_PCD_SOFCallback  usbd_conf.o
    0x08001c54   0x08001c54   0x00000024   Code   RO         3561    i.HAL_PCD_SetAddress  stm32f7xx_hal_pcd.o
    0x08001c78   0x08001c78   0x0000000e   Code   RO         2347    i.HAL_PCD_SetupStageCallback  usbd_conf.o
    0x08001c86   0x08001c86   0x0000002a   Code   RO         3563    i.HAL_PCD_Start     stm32f7xx_hal_pcd.o
    0x08001cb0   0x08001cb0   0x00000030   Code   RO         2348    i.HAL_PCD_SuspendCallback  usbd_conf.o
    0x08001ce0   0x08001ce0   0x000006b4   Code   RO         4117    i.HAL_RCCEx_PeriphCLKConfig  stm32f7xx_hal_rcc_ex.o
    0x08002394   0x08002394   0x00000164   Code   RO         4014    i.HAL_RCC_ClockConfig  stm32f7xx_hal_rcc.o
    0x080024f8   0x080024f8   0x0000000c   Code   RO         4019    i.HAL_RCC_GetHCLKFreq  stm32f7xx_hal_rcc.o
    0x08002504   0x08002504   0x00000030   Code   RO         4021    i.HAL_RCC_GetPCLK1Freq  stm32f7xx_hal_rcc.o
    0x08002534   0x08002534   0x00000030   Code   RO         4022    i.HAL_RCC_GetPCLK2Freq  stm32f7xx_hal_rcc.o
    0x08002564   0x08002564   0x00000080   Code   RO         4023    i.HAL_RCC_GetSysClockFreq  stm32f7xx_hal_rcc.o
    0x080025e4   0x080025e4   0x0000035c   Code   RO         4026    i.HAL_RCC_OscConfig  stm32f7xx_hal_rcc.o
    0x08002940   0x08002940   0x00000006   Code   RO         4160    i.HAL_SPI_GetState  stm32f7xx_hal_spi.o
    0x08002946   0x08002946   0x000000c4   Code   RO         4162    i.HAL_SPI_Init      stm32f7xx_hal_spi.o
    0x08002a0a   0x08002a0a   0x00000002   PAD
    0x08002a0c   0x08002a0c   0x0000007c   Code   RO         5043    i.HAL_SPI_MspInit   stm32f7xx_hal_msp.o
    0x08002a88   0x08002a88   0x0000013e   Code   RO         4170    i.HAL_SPI_Transmit  stm32f7xx_hal_spi.o
    0x08002bc6   0x08002bc6   0x00000002   PAD
    0x08002bc8   0x08002bc8   0x0000022a   Code   RO         4171    i.HAL_SPI_TransmitReceive  stm32f7xx_hal_spi.o
    0x08002df2   0x08002df2   0x00000018   Code   RO         3034    i.HAL_SYSTICK_CLKSourceConfig  stm32f7xx_hal_cortex.o
    0x08002e0a   0x08002e0a   0x00000026   Code   RO         3036    i.HAL_SYSTICK_Config  stm32f7xx_hal_cortex.o
    0x08002e30   0x08002e30   0x00000002   Code   RO         4493    i.HAL_UART_ErrorCallback  stm32f7xx_hal_uart.o
    0x08002e32   0x08002e32   0x00000002   PAD
    0x08002e34   0x08002e34   0x00000178   Code   RO         4496    i.HAL_UART_IRQHandler  stm32f7xx_hal_uart.o
    0x08002fac   0x08002fac   0x0000006a   Code   RO         4497    i.HAL_UART_Init     stm32f7xx_hal_uart.o
    0x08003016   0x08003016   0x00000002   PAD
    0x08003018   0x08003018   0x00000054   Code   RO         5045    i.HAL_UART_MspInit  stm32f7xx_hal_msp.o
    0x0800306c   0x0800306c   0x0000008e   Code   RO         4502    i.HAL_UART_Receive_IT  stm32f7xx_hal_uart.o
    0x080030fa   0x080030fa   0x00000002   PAD
    0x080030fc   0x080030fc   0x00000064   Code   RO         2604    i.HAL_UART_RxCpltCallback  uartthread.o
    0x08003160   0x08003160   0x00000042   Code   RO         4507    i.HAL_UART_Transmit_IT  stm32f7xx_hal_uart.o
    0x080031a2   0x080031a2   0x00000002   Code   RO         4508    i.HAL_UART_TxCpltCallback  stm32f7xx_hal_uart.o
    0x080031a4   0x080031a4   0x00000002   Code   RO          382    i.HardFault_Handler  stm32f7xx_it.o
    0x080031a6   0x080031a6   0x00000002   PAD
    0x080031a8   0x080031a8   0x00000058   Code   RO         2725    i.Init_JMThread     jmthread.o
    0x08003200   0x08003200   0x00000024   Code   RO         2605    i.Init_uartThread   uartthread.o
    0x08003224   0x08003224   0x00000080   Code   RO         2726    i.JMThread          jmthread.o
    0x080032a4   0x080032a4   0x0000004c   Code   RO          269    i.MX_ETH_Init       main.o
    0x080032f0   0x080032f0   0x0000016c   Code   RO          270    i.MX_GPIO_Init      main.o
    0x0800345c   0x0800345c   0x00000048   Code   RO          271    i.MX_SPI1_Init      main.o
    0x080034a4   0x080034a4   0x00000038   Code   RO          272    i.MX_USART2_UART_Init  main.o
    0x080034dc   0x080034dc   0x00000038   Code   RO         2253    i.MX_USB_DEVICE_Init  usb_device.o
    0x08003514   0x08003514   0x00000002   Code   RO          383    i.MemManage_Handler  stm32f7xx_it.o
    0x08003516   0x08003516   0x00000002   PAD
    0x08003518   0x08003518   0x0000000c   Code   RO          384    i.OTG_FS_IRQHandler  stm32f7xx_it.o
    0x08003524   0x08003524   0x00000096   Code   RO         3566    i.PCD_WriteEmptyTxFifo  stm32f7xx_hal_pcd.o
    0x080035ba   0x080035ba   0x00000048   Code   RO         4200    i.SPI_EndRxTxTransaction  stm32f7xx_hal_spi.o
    0x08003602   0x08003602   0x000000a0   Code   RO         4205    i.SPI_WaitFifoStateUntilTimeout  stm32f7xx_hal_spi.o
    0x080036a2   0x080036a2   0x0000008c   Code   RO         4206    i.SPI_WaitFlagStateUntilTimeout  stm32f7xx_hal_spi.o
    0x0800372e   0x0800372e   0x00000004   Code   RO         2200    i.Sleep             port.o
    0x08003732   0x08003732   0x00000002   PAD
    0x08003734   0x08003734   0x000000bc   Code   RO          273    i.SystemClock_Config  main.o
    0x080037f0   0x080037f0   0x00000054   Code   RO         5107    i.SystemInit        system_stm32f7xx.o
    0x08003844   0x08003844   0x000000c8   Code   RO         4510    i.UART_AdvFeatureConfig  stm32f7xx_hal_uart.o
    0x0800390c   0x0800390c   0x00000040   Code   RO         4511    i.UART_CheckIdleState  stm32f7xx_hal_uart.o
    0x0800394c   0x0800394c   0x00000014   Code   RO         4512    i.UART_DMAAbortOnError  stm32f7xx_hal_uart.o
    0x08003960   0x08003960   0x0000001c   Code   RO         4518    i.UART_EndRxTransfer  stm32f7xx_hal_uart.o
    0x0800397c   0x0800397c   0x00000078   Code   RO         4520    i.UART_Receive_IT   stm32f7xx_hal_uart.o
    0x080039f4   0x080039f4   0x00000258   Code   RO         4521    i.UART_SetConfig    stm32f7xx_hal_uart.o
    0x08003c4c   0x08003c4c   0x00000064   Code   RO         4522    i.UART_WaitOnFlagUntilTimeout  stm32f7xx_hal_uart.o
    0x08003cb0   0x08003cb0   0x0000000c   Code   RO          385    i.USART2_IRQHandler  stm32f7xx_it.o
    0x08003cbc   0x08003cbc   0x00000014   Code   RO          715    i.USBD_CDC_DataIn   usbd_cdc.o
    0x08003cd0   0x08003cd0   0x0000002e   Code   RO          716    i.USBD_CDC_DataOut  usbd_cdc.o
    0x08003cfe   0x08003cfe   0x0000003c   Code   RO          717    i.USBD_CDC_DeInit   usbd_cdc.o
    0x08003d3a   0x08003d3a   0x00000024   Code   RO          718    i.USBD_CDC_EP0_RxReady  usbd_cdc.o
    0x08003d5e   0x08003d5e   0x00000002   PAD
    0x08003d60   0x08003d60   0x0000000c   Code   RO          719    i.USBD_CDC_GetDeviceQualifierDescriptor  usbd_cdc.o
    0x08003d6c   0x08003d6c   0x0000000c   Code   RO          720    i.USBD_CDC_GetFSCfgDesc  usbd_cdc.o
    0x08003d78   0x08003d78   0x0000000c   Code   RO          721    i.USBD_CDC_GetHSCfgDesc  usbd_cdc.o
    0x08003d84   0x08003d84   0x0000000c   Code   RO          722    i.USBD_CDC_GetOtherSpeedCfgDesc  usbd_cdc.o
    0x08003d90   0x08003d90   0x00000088   Code   RO          723    i.USBD_CDC_Init     usbd_cdc.o
    0x08003e18   0x08003e18   0x00000028   Code   RO          724    i.USBD_CDC_ReceivePacket  usbd_cdc.o
    0x08003e40   0x08003e40   0x00000014   Code   RO          725    i.USBD_CDC_RegisterInterface  usbd_cdc.o
    0x08003e54   0x08003e54   0x0000000c   Code   RO          726    i.USBD_CDC_SetRxBuffer  usbd_cdc.o
    0x08003e60   0x08003e60   0x00000010   Code   RO          727    i.USBD_CDC_SetTxBuffer  usbd_cdc.o
    0x08003e70   0x08003e70   0x00000070   Code   RO          728    i.USBD_CDC_Setup    usbd_cdc.o
    0x08003ee0   0x08003ee0   0x0000000e   Code   RO          577    i.USBD_ClrClassConfig  usbd_core.o
    0x08003eee   0x08003eee   0x00000010   Code   RO          517    i.USBD_CtlContinueRx  usbd_ioreq.o
    0x08003efe   0x08003efe   0x00000010   Code   RO          518    i.USBD_CtlContinueSendData  usbd_ioreq.o
    0x08003f0e   0x08003f0e   0x00000016   Code   RO          443    i.USBD_CtlError     usbd_ctlreq.o
    0x08003f24   0x08003f24   0x0000001e   Code   RO          519    i.USBD_CtlPrepareRx  usbd_ioreq.o
    0x08003f42   0x08003f42   0x00000016   Code   RO          520    i.USBD_CtlReceiveStatus  usbd_ioreq.o
    0x08003f58   0x08003f58   0x0000001a   Code   RO          521    i.USBD_CtlSendData  usbd_ioreq.o
    0x08003f72   0x08003f72   0x00000016   Code   RO          522    i.USBD_CtlSendStatus  usbd_ioreq.o
    0x08003f88   0x08003f88   0x00000020   Code   RO         2530    i.USBD_FS_ConfigStrDescriptor  usbd_desc.o
    0x08003fa8   0x08003fa8   0x0000000c   Code   RO         2531    i.USBD_FS_DeviceDescriptor  usbd_desc.o
    0x08003fb4   0x08003fb4   0x00000024   Code   RO         2532    i.USBD_FS_InterfaceStrDescriptor  usbd_desc.o
    0x08003fd8   0x08003fd8   0x0000000c   Code   RO         2533    i.USBD_FS_LangIDStrDescriptor  usbd_desc.o
    0x08003fe4   0x08003fe4   0x00000028   Code   RO         2534    i.USBD_FS_ManufacturerStrDescriptor  usbd_desc.o
    0x0800400c   0x0800400c   0x0000002c   Code   RO         2535    i.USBD_FS_ProductStrDescriptor  usbd_desc.o
    0x08004038   0x08004038   0x00000024   Code   RO         2536    i.USBD_FS_SerialStrDescriptor  usbd_desc.o
    0x0800405c   0x0800405c   0x0000000c   Code   RO         2537    i.USBD_FS_USR_BOSDescriptor  usbd_desc.o
    0x08004068   0x08004068   0x000000f6   Code   RO          444    i.USBD_GetDescriptor  usbd_ctlreq.o
    0x0800415e   0x0800415e   0x00000048   Code   RO          445    i.USBD_GetString    usbd_ctlreq.o
    0x080041a6   0x080041a6   0x0000002a   Code   RO          579    i.USBD_Init         usbd_core.o
    0x080041d0   0x080041d0   0x00000020   Code   RO         2349    i.USBD_LL_ClearStallEP  usbd_conf.o
    0x080041f0   0x080041f0   0x00000020   Code   RO         2350    i.USBD_LL_CloseEP   usbd_conf.o
    0x08004210   0x08004210   0x000000aa   Code   RO          580    i.USBD_LL_DataInStage  usbd_core.o
    0x080042ba   0x080042ba   0x0000006a   Code   RO          581    i.USBD_LL_DataOutStage  usbd_core.o
    0x08004324   0x08004324   0x00000004   Code   RO          582    i.USBD_LL_DevConnected  usbd_core.o
    0x08004328   0x08004328   0x00000016   Code   RO          583    i.USBD_LL_DevDisconnected  usbd_core.o
    0x0800433e   0x0800433e   0x00000008   Code   RO         2354    i.USBD_LL_GetRxDataSize  usbd_conf.o
    0x08004346   0x08004346   0x00000002   PAD
    0x08004348   0x08004348   0x000000a8   Code   RO         2355    i.USBD_LL_Init      usbd_conf.o
    0x080043f0   0x080043f0   0x00000020   Code   RO         2356    i.USBD_LL_IsStallEP  usbd_conf.o
    0x08004410   0x08004410   0x00000004   Code   RO          584    i.USBD_LL_IsoINIncomplete  usbd_core.o
    0x08004414   0x08004414   0x00000004   Code   RO          585    i.USBD_LL_IsoOUTIncomplete  usbd_core.o
    0x08004418   0x08004418   0x00000026   Code   RO         2357    i.USBD_LL_OpenEP    usbd_conf.o
    0x0800443e   0x0800443e   0x00000020   Code   RO         2358    i.USBD_LL_PrepareReceive  usbd_conf.o
    0x0800445e   0x0800445e   0x00000040   Code   RO          586    i.USBD_LL_Reset     usbd_core.o
    0x0800449e   0x0800449e   0x0000000c   Code   RO          587    i.USBD_LL_Resume    usbd_core.o
    0x080044aa   0x080044aa   0x00000018   Code   RO          588    i.USBD_LL_SOF       usbd_core.o
    0x080044c2   0x080044c2   0x00000006   Code   RO          589    i.USBD_LL_SetSpeed  usbd_core.o
    0x080044c8   0x080044c8   0x00000020   Code   RO         2359    i.USBD_LL_SetUSBAddress  usbd_conf.o
    0x080044e8   0x080044e8   0x00000056   Code   RO          590    i.USBD_LL_SetupStage  usbd_core.o
    0x0800453e   0x0800453e   0x00000020   Code   RO         2360    i.USBD_LL_StallEP   usbd_conf.o
    0x0800455e   0x0800455e   0x00000020   Code   RO         2361    i.USBD_LL_Start     usbd_conf.o
    0x0800457e   0x0800457e   0x00000012   Code   RO          591    i.USBD_LL_Suspend   usbd_core.o
    0x08004590   0x08004590   0x00000020   Code   RO         2363    i.USBD_LL_Transmit  usbd_conf.o
    0x080045b0   0x080045b0   0x00000028   Code   RO          446    i.USBD_ParseSetupRequest  usbd_ctlreq.o
    0x080045d8   0x080045d8   0x00000012   Code   RO          592    i.USBD_RegisterClass  usbd_core.o
    0x080045ea   0x080045ea   0x00000016   Code   RO          594    i.USBD_SetClassConfig  usbd_core.o
    0x08004600   0x08004600   0x00000074   Code   RO          447    i.USBD_SetConfig    usbd_ctlreq.o
    0x08004674   0x08004674   0x0000000a   Code   RO          595    i.USBD_Start        usbd_core.o
    0x0800467e   0x0800467e   0x000000f2   Code   RO          448    i.USBD_StdDevReq    usbd_ctlreq.o
    0x08004770   0x08004770   0x000000de   Code   RO          449    i.USBD_StdEPReq     usbd_ctlreq.o
    0x0800484e   0x0800484e   0x00000034   Code   RO          450    i.USBD_StdItfReq    usbd_ctlreq.o
    0x08004882   0x08004882   0x00000002   PAD
    0x08004884   0x08004884   0x00000080   Code   RO         4758    i.USB_ActivateEndpoint  stm32f7xx_ll_usb.o
    0x08004904   0x08004904   0x00000034   Code   RO         4759    i.USB_ActivateSetup  stm32f7xx_ll_usb.o
    0x08004938   0x08004938   0x00000070   Code   RO         4761    i.USB_CoreInit      stm32f7xx_ll_usb.o
    0x080049a8   0x080049a8   0x00000038   Code   RO         4762    i.USB_CoreReset     stm32f7xx_ll_usb.o
    0x080049e0   0x080049e0   0x0000006e   Code   RO         4764    i.USB_DeactivateEndpoint  stm32f7xx_ll_usb.o
    0x08004a4e   0x08004a4e   0x00000018   Code   RO         4765    i.USB_DevConnect    stm32f7xx_ll_usb.o
    0x08004a66   0x08004a66   0x00000018   Code   RO         4766    i.USB_DevDisconnect  stm32f7xx_ll_usb.o
    0x08004a7e   0x08004a7e   0x00000002   PAD
    0x08004a80   0x08004a80   0x00000168   Code   RO         4767    i.USB_DevInit       stm32f7xx_ll_usb.o
    0x08004be8   0x08004be8   0x0000000c   Code   RO         4768    i.USB_DisableGlobalInt  stm32f7xx_ll_usb.o
    0x08004bf4   0x08004bf4   0x00000140   Code   RO         4771    i.USB_EP0StartXfer  stm32f7xx_ll_usb.o
    0x08004d34   0x08004d34   0x0000003e   Code   RO         4772    i.USB_EP0_OutStart  stm32f7xx_ll_usb.o
    0x08004d72   0x08004d72   0x00000064   Code   RO         4773    i.USB_EPClearStall  stm32f7xx_ll_usb.o
    0x08004dd6   0x08004dd6   0x0000005e   Code   RO         4774    i.USB_EPSetStall    stm32f7xx_ll_usb.o
    0x08004e34   0x08004e34   0x0000021c   Code   RO         4775    i.USB_EPStartXfer   stm32f7xx_ll_usb.o
    0x08005050   0x08005050   0x0000000c   Code   RO         4776    i.USB_EnableGlobalInt  stm32f7xx_ll_usb.o
    0x0800505c   0x0800505c   0x00000020   Code   RO         4777    i.USB_FlushRxFifo   stm32f7xx_ll_usb.o
    0x0800507c   0x0800507c   0x00000024   Code   RO         4778    i.USB_FlushTxFifo   stm32f7xx_ll_usb.o
    0x080050a0   0x080050a0   0x0000003e   Code   RO         4780    i.USB_GetDevSpeed   stm32f7xx_ll_usb.o
    0x080050de   0x080050de   0x00000008   Code   RO         4782    i.USB_GetMode       stm32f7xx_ll_usb.o
    0x080050e6   0x080050e6   0x0000000e   Code   RO         4789    i.USB_ReadDevAllInEpInterrupt  stm32f7xx_ll_usb.o
    0x080050f4   0x080050f4   0x0000000e   Code   RO         4790    i.USB_ReadDevAllOutEpInterrupt  stm32f7xx_ll_usb.o
    0x08005102   0x08005102   0x00000020   Code   RO         4791    i.USB_ReadDevInEPInterrupt  stm32f7xx_ll_usb.o
    0x08005122   0x08005122   0x00000010   Code   RO         4792    i.USB_ReadDevOutEPInterrupt  stm32f7xx_ll_usb.o
    0x08005132   0x08005132   0x00000008   Code   RO         4793    i.USB_ReadInterrupts  stm32f7xx_ll_usb.o
    0x0800513a   0x0800513a   0x0000001e   Code   RO         4794    i.USB_ReadPacket    stm32f7xx_ll_usb.o
    0x08005158   0x08005158   0x0000002c   Code   RO         4796    i.USB_SetCurrentMode  stm32f7xx_ll_usb.o
    0x08005184   0x08005184   0x00000022   Code   RO         4797    i.USB_SetDevAddress  stm32f7xx_ll_usb.o
    0x080051a6   0x080051a6   0x00000002   PAD
    0x080051a8   0x080051a8   0x0000002c   Code   RO         4801    i.USB_WritePacket   stm32f7xx_ll_usb.o
    0x080051d4   0x080051d4   0x00000002   Code   RO          274    i._Error_Handler    main.o
    0x080051d6   0x080051d6   0x00000022   Code   RO         3038    i.__NVIC_SetPriority  stm32f7xx_hal_cortex.o
    0x080051f8   0x080051f8   0x0000001a   Code   RO         1294    i._dwt_aonarrayupload  deca_device.o
    0x08005212   0x08005212   0x0000002a   Code   RO         1296    i._dwt_configlde    deca_device.o
    0x0800523c   0x0800523c   0x00000016   Code   RO         1297    i._dwt_disablesequencing  deca_device.o
    0x08005252   0x08005252   0x000000d2   Code   RO         1298    i._dwt_enableclocks  deca_device.o
    0x08005324   0x08005324   0x00000024   Code   RO         1299    i._dwt_loaducodefromrom  deca_device.o
    0x08005348   0x08005348   0x0000002c   Code   RO         1301    i._dwt_otpread      deca_device.o
    0x08005374   0x08005374   0x00000046   Code   RO         6235    i._init_box         RTX_CM4.lib(rt_membox.o)
    0x080053ba   0x080053ba   0x00000002   PAD
    0x080053bc   0x080053bc   0x00000020   Code   RO         2770    i._mutex_acquire    rtx_conf_cm.o
    0x080053dc   0x080053dc   0x0000002c   Code   RO         2771    i._mutex_initialize  rtx_conf_cm.o
    0x08005408   0x08005408   0x0000001c   Code   RO         2772    i._mutex_release    rtx_conf_cm.o
    0x08005424   0x08005424   0x00000006   Code   RO         2666    i.cmd_ledallOFF     commands.o
    0x0800542a   0x0800542a   0x00000006   Code   RO         2667    i.cmd_ledallON      commands.o
    0x08005430   0x08005430   0x00000004   Code   RO         2668    i.cmd_reset         commands.o
    0x08005434   0x08005434   0x00000030   Code   RO         6288    i.dbg_init          RTX_CM4.lib(hal_cm.o)
    0x08005464   0x08005464   0x00000020   Code   RO         6289    i.dbg_task_notify   RTX_CM4.lib(hal_cm.o)
    0x08005484   0x08005484   0x00000010   Code   RO         6290    i.dbg_task_switch   RTX_CM4.lib(hal_cm.o)
    0x08005494   0x08005494   0x00000004   Code   RO         2005    i.deca_sleep        deca_sleep.o
    0x08005498   0x08005498   0x0000000a   Code   RO         1940    i.decamutexoff      deca_mutex.o
    0x080054a2   0x080054a2   0x00000012   Code   RO         1941    i.decamutexon       deca_mutex.o
    0x080054b4   0x080054b4   0x00000214   Code   RO         1308    i.dwt_configure     deca_device.o
    0x080056c8   0x080056c8   0x0000001c   Code   RO         1311    i.dwt_configuretxrf  deca_device.o
    0x080056e4   0x080056e4   0x00000054   Code   RO         1316    i.dwt_forcetrxoff   deca_device.o
    0x08005738   0x08005738   0x000000d4   Code   RO         1321    i.dwt_initialise    deca_device.o
    0x0800580c   0x0800580c   0x00000114   Code   RO         1322    i.dwt_isr           deca_device.o
    0x08005920   0x08005920   0x0000001e   Code   RO         1328    i.dwt_read16bitoffsetreg  deca_device.o
    0x0800593e   0x0800593e   0x00000022   Code   RO         1329    i.dwt_read32bitoffsetreg  deca_device.o
    0x08005960   0x08005960   0x00000014   Code   RO         1330    i.dwt_read8bitoffsetreg  deca_device.o
    0x08005974   0x08005974   0x00000008   Code   RO         1332    i.dwt_readdevid     deca_device.o
    0x0800597c   0x0800597c   0x0000003c   Code   RO         1335    i.dwt_readfromdevice  deca_device.o
    0x080059b8   0x080059b8   0x0000004e   Code   RO         1348    i.dwt_rxenable      deca_device.o
    0x08005a06   0x08005a06   0x0000001a   Code   RO         1349    i.dwt_rxreset       deca_device.o
    0x08005a20   0x08005a20   0x00000010   Code   RO         1371    i.dwt_setxtaltrim   deca_device.o
    0x08005a30   0x08005a30   0x00000044   Code   RO         1372    i.dwt_softreset     deca_device.o
    0x08005a74   0x08005a74   0x00000068   Code   RO         1374    i.dwt_starttx       deca_device.o
    0x08005adc   0x08005adc   0x00000028   Code   RO         1375    i.dwt_syncrxbufptrs  deca_device.o
    0x08005b04   0x08005b04   0x0000001a   Code   RO         1376    i.dwt_write16bitoffsetreg  deca_device.o
    0x08005b1e   0x08005b1e   0x00000020   Code   RO         1377    i.dwt_write32bitoffsetreg  deca_device.o
    0x08005b3e   0x08005b3e   0x00000010   Code   RO         1378    i.dwt_write8bitoffsetreg  deca_device.o
    0x08005b4e   0x08005b4e   0x0000003e   Code   RO         1379    i.dwt_writetodevice  deca_device.o
    0x08005b8c   0x08005b8c   0x00000022   Code   RO         1380    i.dwt_writetxdata   deca_device.o
    0x08005bae   0x08005bae   0x00000002   PAD
    0x08005bb0   0x08005bb0   0x0000001c   Code   RO         1381    i.dwt_writetxfctrl  deca_device.o
    0x08005bcc   0x08005bcc   0x00000060   Code   RO         2669    i.execute_CMD       commands.o
    0x08005c2c   0x08005c2c   0x00000070   Code   RO         2670    i.get_entry         commands.o
    0x08005c9c   0x08005c9c   0x0000002a   Code   RO         5144    i.isrMessageGet     RTX_CM4.lib(rt_cmsis.o)
    0x08005cc6   0x08005cc6   0x0000002c   Code   RO         5145    i.isrMessagePut     RTX_CM4.lib(rt_cmsis.o)
    0x08005cf2   0x08005cf2   0x00000024   Code   RO         5147    i.isrSignalSet      RTX_CM4.lib(rt_cmsis.o)
    0x08005d16   0x08005d16   0x00000002   PAD
    0x08005d18   0x08005d18   0x00000028   Code   RO         6005    i.isr_evt_set       RTX_CM4.lib(rt_event.o)
    0x08005d40   0x08005d40   0x00000056   Code   RO         6123    i.isr_mbx_receive   RTX_CM4.lib(rt_mailbox.o)
    0x08005d96   0x08005d96   0x0000000e   Code   RO         6124    i.isr_mbx_send      RTX_CM4.lib(rt_mailbox.o)
    0x08005da4   0x08005da4   0x00000028   Code   RO         2075    i.led_off           port.o
    0x08005dcc   0x08005dcc   0x00000028   Code   RO         2076    i.led_on            port.o
    0x08005df4   0x08005df4   0x00000078   Code   RO          275    i.main              main.o
    0x08005e6c   0x08005e6c   0x00000024   Code   RO         5149    i.osKernelInitialize  RTX_CM4.lib(rt_cmsis.o)
    0x08005e90   0x08005e90   0x0000006c   Code   RO         5151    i.osKernelStart     RTX_CM4.lib(rt_cmsis.o)
    0x08005efc   0x08005efc   0x00000018   Code   RO         5160    i.osMessageGet      RTX_CM4.lib(rt_cmsis.o)
    0x08005f14   0x08005f14   0x00000018   Code   RO         5175    i.osSignalSet       RTX_CM4.lib(rt_cmsis.o)
    0x08005f2c   0x08005f2c   0x00000018   Code   RO         5176    i.osSignalWait      RTX_CM4.lib(rt_cmsis.o)
    0x08005f44   0x08005f44   0x0000002c   Code   RO         5177    i.osThreadCreate    RTX_CM4.lib(rt_cmsis.o)
    0x08005f70   0x08005f70   0x00000018   Code   RO         5178    i.osThreadExit      RTX_CM4.lib(rt_cmsis.o)
    0x08005f88   0x08005f88   0x0000000c   Code   RO         5184    i.osTimerCall       RTX_CM4.lib(rt_cmsis.o)
    0x08005f94   0x08005f94   0x0000002c   Code   RO         5189    i.osTimerThread     RTX_CM4.lib(rt_cmsis.o)
    0x08005fc0   0x08005fc0   0x00000002   Code   RO         2773    i.os_error          rtx_conf_cm.o
    0x08005fc2   0x08005fc2   0x00000002   Code   RO         2774    i.os_idle_demon     rtx_conf_cm.o
    0x08005fc4   0x08005fc4   0x00000028   Code   RO         5915    i.os_tick_init      RTX_CM4.lib(rt_system.o)
    0x08005fec   0x08005fec   0x00000002   Code   RO         5916    i.os_tick_irqack    RTX_CM4.lib(rt_system.o)
    0x08005fee   0x08005fee   0x00000002   PAD
    0x08005ff0   0x08005ff0   0x00000018   Code   RO         2215    i.port_DisableEXT_IRQ  port.o
    0x08006008   0x08006008   0x00000010   Code   RO         2221    i.port_EnableEXT_IRQ  port.o
    0x08006018   0x08006018   0x00000006   Code   RO         2227    i.port_GetEXT_IRQStatus  port.o
    0x0800601e   0x0800601e   0x00000002   PAD
    0x08006020   0x08006020   0x00000010   Code   RO         2082    i.port_set_dw1000_fastrate  port.o
    0x08006030   0x08006030   0x00000010   Code   RO         2083    i.port_set_dw1000_slowrate  port.o
    0x08006040   0x08006040   0x00000024   Code   RO         2210    i.process_deca_irq  port.o
    0x08006064   0x08006064   0x00000064   Code   RO         2022    i.readfromspi       deca_spi.o
    0x080060c8   0x080060c8   0x00000040   Code   RO         2087    i.reset_DW1000      port.o
    0x08006108   0x08006108   0x0000001a   Code   RO         6236    i.rt_alloc_box      RTX_CM4.lib(rt_membox.o)
    0x08006122   0x08006122   0x0000003e   Code   RO         6264    i.rt_alloc_mem      RTX_CM4.lib(rt_memory.o)
    0x08006160   0x08006160   0x00000038   Code   RO         5763    i.rt_block          RTX_CM4.lib(rt_task.o)
    0x08006198   0x08006198   0x00000048   Code   RO         6213    i.rt_chk_robin      RTX_CM4.lib(rt_robin.o)
    0x080061e0   0x080061e0   0x00000070   Code   RO         6047    i.rt_dec_dly        RTX_CM4.lib(rt_list.o)
    0x08006250   0x08006250   0x00000044   Code   RO         5764    i.rt_dispatch       RTX_CM4.lib(rt_task.o)
    0x08006294   0x08006294   0x00000050   Code   RO         6008    i.rt_evt_psh        RTX_CM4.lib(rt_event.o)
    0x080062e4   0x080062e4   0x0000005c   Code   RO         6009    i.rt_evt_set        RTX_CM4.lib(rt_event.o)
    0x08006340   0x08006340   0x0000003c   Code   RO         6010    i.rt_evt_wait       RTX_CM4.lib(rt_event.o)
    0x0800637c   0x0800637c   0x0000002c   Code   RO         6237    i.rt_free_box       RTX_CM4.lib(rt_membox.o)
    0x080063a8   0x080063a8   0x00000028   Code   RO         6265    i.rt_free_mem       RTX_CM4.lib(rt_memory.o)
    0x080063d0   0x080063d0   0x00000028   Code   RO         6048    i.rt_get_first      RTX_CM4.lib(rt_list.o)
    0x080063f8   0x080063f8   0x00000008   Code   RO         5194    i.rt_id2obj         RTX_CM4.lib(rt_cmsis.o)
    0x08006400   0x08006400   0x00000048   Code   RO         5765    i.rt_init_context   RTX_CM4.lib(rt_task.o)
    0x08006448   0x08006448   0x0000001a   Code   RO         6266    i.rt_init_mem       RTX_CM4.lib(rt_memory.o)
    0x08006462   0x08006462   0x00000002   PAD
    0x08006464   0x08006464   0x00000018   Code   RO         6214    i.rt_init_robin     RTX_CM4.lib(rt_robin.o)
    0x0800647c   0x0800647c   0x00000080   Code   RO         6291    i.rt_init_stack     RTX_CM4.lib(hal_cm.o)
    0x080064fc   0x080064fc   0x00000008   Code   RO         6125    i.rt_mbx_check      RTX_CM4.lib(rt_mailbox.o)
    0x08006504   0x08006504   0x0000001a   Code   RO         6126    i.rt_mbx_init       RTX_CM4.lib(rt_mailbox.o)
    0x0800651e   0x0800651e   0x00000002   PAD
    0x08006520   0x08006520   0x000000f0   Code   RO         6127    i.rt_mbx_psh        RTX_CM4.lib(rt_mailbox.o)
    0x08006610   0x08006610   0x000000b4   Code   RO         6129    i.rt_mbx_wait       RTX_CM4.lib(rt_mailbox.o)
    0x080066c4   0x080066c4   0x00000044   Code   RO         5195    i.rt_ms2tick        RTX_CM4.lib(rt_cmsis.o)
    0x08006708   0x08006708   0x00000010   Code   RO         5881    i.rt_mut_init       RTX_CM4.lib(rt_mutex.o)
    0x08006718   0x08006718   0x000000d8   Code   RO         5882    i.rt_mut_release    RTX_CM4.lib(rt_mutex.o)
    0x080067f0   0x080067f0   0x00000078   Code   RO         5883    i.rt_mut_wait       RTX_CM4.lib(rt_mutex.o)
    0x08006868   0x08006868   0x0000007c   Code   RO         5919    i.rt_pop_req        RTX_CM4.lib(rt_system.o)
    0x080068e4   0x080068e4   0x00000020   Code   RO         5920    i.rt_psh_req        RTX_CM4.lib(rt_system.o)
    0x08006904   0x08006904   0x0000005c   Code   RO         6050    i.rt_psq_enq        RTX_CM4.lib(rt_list.o)
    0x08006960   0x08006960   0x00000048   Code   RO         6051    i.rt_put_dly        RTX_CM4.lib(rt_list.o)
    0x080069a8   0x080069a8   0x00000036   Code   RO         6052    i.rt_put_prio       RTX_CM4.lib(rt_list.o)
    0x080069de   0x080069de   0x00000002   PAD
    0x080069e0   0x080069e0   0x00000014   Code   RO         6053    i.rt_put_rdy_first  RTX_CM4.lib(rt_list.o)
    0x080069f4   0x080069f4   0x00000034   Code   RO         6054    i.rt_resort_prio    RTX_CM4.lib(rt_list.o)
    0x08006a28   0x08006a28   0x00000010   Code   RO         6292    i.rt_ret_regs       RTX_CM4.lib(hal_cm.o)
    0x08006a38   0x08006a38   0x0000000c   Code   RO         6293    i.rt_ret_val        RTX_CM4.lib(hal_cm.o)
    0x08006a44   0x08006a44   0x00000010   Code   RO         6294    i.rt_ret_val2       RTX_CM4.lib(hal_cm.o)
    0x08006a54   0x08006a54   0x00000028   Code   RO         6055    i.rt_rmv_dly        RTX_CM4.lib(rt_list.o)
    0x08006a7c   0x08006a7c   0x00000030   Code   RO         6056    i.rt_rmv_list       RTX_CM4.lib(rt_list.o)
    0x08006aac   0x08006aac   0x00000034   Code   RO         6174    i.rt_sem_psh        RTX_CM4.lib(rt_semaphore.o)
    0x08006ae0   0x08006ae0   0x00000002   Code   RO         2775    i.rt_stk_check      rtx_conf_cm.o
    0x08006ae2   0x08006ae2   0x00000002   PAD
    0x08006ae4   0x08006ae4   0x00000028   Code   RO         5766    i.rt_switch_req     RTX_CM4.lib(rt_task.o)
    0x08006b0c   0x08006b0c   0x000000cc   Code   RO         5767    i.rt_sys_init       RTX_CM4.lib(rt_task.o)
    0x08006bd8   0x08006bd8   0x00000078   Code   RO         5768    i.rt_sys_start      RTX_CM4.lib(rt_task.o)
    0x08006c50   0x08006c50   0x00000040   Code   RO         5924    i.rt_systick        RTX_CM4.lib(rt_system.o)
    0x08006c90   0x08006c90   0x00000012   Code   RO         5196    i.rt_tid2ptcb       RTX_CM4.lib(rt_cmsis.o)
    0x08006ca2   0x08006ca2   0x00000002   PAD
    0x08006ca4   0x08006ca4   0x00000034   Code   RO         5197    i.rt_timer_insert   RTX_CM4.lib(rt_cmsis.o)
    0x08006cd8   0x08006cd8   0x00000088   Code   RO         5769    i.rt_tsk_create     RTX_CM4.lib(rt_task.o)
    0x08006d60   0x08006d60   0x0000017c   Code   RO         5770    i.rt_tsk_delete     RTX_CM4.lib(rt_task.o)
    0x08006edc   0x08006edc   0x0000007c   Code   RO         5772    i.rt_tsk_prio       RTX_CM4.lib(rt_task.o)
    0x08006f58   0x08006f58   0x00000010   Code   RO         5773    i.rt_tsk_self       RTX_CM4.lib(rt_task.o)
    0x08006f68   0x08006f68   0x00000064   Code   RO         2088    i.setup_DW1000RSTnIRQ  port.o
    0x08006fcc   0x08006fcc   0x00000070   Code   RO         5200    i.svcKernelInitialize  RTX_CM4.lib(rt_cmsis.o)
    0x0800703c   0x0800703c   0x00000048   Code   RO         5202    i.svcKernelStart    RTX_CM4.lib(rt_cmsis.o)
    0x08007084   0x08007084   0x00000024   Code   RO         5205    i.svcMessageCreate  RTX_CM4.lib(rt_cmsis.o)
    0x080070a8   0x080070a8   0x0000003a   Code   RO         5206    i.svcMessageGet     RTX_CM4.lib(rt_cmsis.o)
    0x080070e2   0x080070e2   0x00000024   Code   RO         5218    i.svcSignalSet      RTX_CM4.lib(rt_cmsis.o)
    0x08007106   0x08007106   0x00000002   PAD
    0x08007108   0x08007108   0x00000054   Code   RO         5219    i.svcSignalWait     RTX_CM4.lib(rt_cmsis.o)
    0x0800715c   0x0800715c   0x0000006c   Code   RO         5220    i.svcThreadCreate   RTX_CM4.lib(rt_cmsis.o)
    0x080071c8   0x080071c8   0x0000001c   Code   RO         5221    i.svcThreadGetId    RTX_CM4.lib(rt_cmsis.o)
    0x080071e4   0x080071e4   0x00000038   Code   RO         5224    i.svcThreadTerminate  RTX_CM4.lib(rt_cmsis.o)
    0x0800721c   0x0800721c   0x00000018   Code   RO         5226    i.svcTimerCall      RTX_CM4.lib(rt_cmsis.o)
    0x08007234   0x08007234   0x0000005c   Code   RO         5235    i.sysTimerTick      RTX_CM4.lib(rt_cmsis.o)
    0x08007290   0x08007290   0x0000003c   Code   RO         2606    i.uartThread        uartthread.o
    0x080072cc   0x080072cc   0x00000010   Code   RO         2671    i.uart_sendmsg      commands.o
    0x080072dc   0x080072dc   0x0000001a   Code   RO         2090    i.usleep            port.o
    0x080072f6   0x080072f6   0x00000002   PAD
    0x080072f8   0x080072f8   0x00000054   Code   RO         2023    i.writetospi        deca_spi.o
    0x0800734c   0x0800734c   0x0000002c   Code   RO         6731    locale$$code        c_w.l(lc_ctype_c.o)
    0x08007378   0x08007378   0x0000000a   Code   RO         6745    x$fpl$fpinit        fz_wm.l(fpinit.o)
    0x08007382   0x08007382   0x0000000a   Data   RO           28    .constdata          stm32f7xx_nucleo_144.o
    0x0800738c   0x0800738c   0x00000008   Data   RO         1833    .constdata          deca_params_init.o
    0x08007394   0x08007394   0x00000018   Data   RO         1834    .constdata          deca_params_init.o
    0x080073ac   0x080073ac   0x00000018   Data   RO         1835    .constdata          deca_params_init.o
    0x080073c4   0x080073c4   0x00000006   Data   RO         1836    .constdata          deca_params_init.o
    0x080073ca   0x080073ca   0x00000002   Data   RO         1837    .constdata          deca_params_init.o
    0x080073cc   0x080073cc   0x00000008   Data   RO         1838    .constdata          deca_params_init.o
    0x080073d4   0x080073d4   0x00000003   Data   RO         1839    .constdata          deca_params_init.o
    0x080073d7   0x080073d7   0x00000001   PAD
    0x080073d8   0x080073d8   0x0000000c   Data   RO         1840    .constdata          deca_params_init.o
    0x080073e4   0x080073e4   0x00000004   Data   RO         1841    .constdata          deca_params_init.o
    0x080073e8   0x080073e8   0x00000020   Data   RO         1842    .constdata          deca_params_init.o
    0x08007408   0x08007408   0x00000032   Data   RO         1843    .constdata          deca_params_init.o
    0x0800743a   0x0800743a   0x00000002   PAD
    0x0800743c   0x0800743c   0x00000010   Data   RO         2608    .constdata          uartthread.o
    0x0800744c   0x0800744c   0x00000010   Data   RO         2728    .constdata          jmthread.o
    0x0800745c   0x0800745c   0x00000002   Data   RO         2783    .constdata          rtx_conf_cm.o
    0x0800745e   0x0800745e   0x00000002   PAD
    0x08007460   0x08007460   0x00000004   Data   RO         2784    .constdata          rtx_conf_cm.o
    0x08007464   0x08007464   0x00000004   Data   RO         2785    .constdata          rtx_conf_cm.o
    0x08007468   0x08007468   0x00000004   Data   RO         2789    .constdata          rtx_conf_cm.o
    0x0800746c   0x0800746c   0x00000001   Data   RO         2790    .constdata          rtx_conf_cm.o
    0x0800746d   0x0800746d   0x00000003   PAD
    0x08007470   0x08007470   0x00000010   Data   RO         2791    .constdata          rtx_conf_cm.o
    0x08007480   0x08007480   0x00000002   Data   RO         2792    .constdata          rtx_conf_cm.o
    0x08007482   0x08007482   0x00000002   PAD
    0x08007484   0x08007484   0x00000004   Data   RO         2793    .constdata          rtx_conf_cm.o
    0x08007488   0x08007488   0x00000004   Data   RO         2794    .constdata          rtx_conf_cm.o
    0x0800748c   0x0800748c   0x00000001   Data   RO         2795    .constdata          rtx_conf_cm.o
    0x0800748d   0x0800748d   0x00000003   PAD
    0x08007490   0x08007490   0x00000010   Data   RO         2796    .constdata          rtx_conf_cm.o
    0x080074a0   0x080074a0   0x00000008   Data   RO         2797    .constdata          rtx_conf_cm.o
    0x080074a8   0x080074a8   0x00000002   Data   RO         2798    .constdata          rtx_conf_cm.o
    0x080074aa   0x080074aa   0x00000002   PAD
    0x080074ac   0x080074ac   0x00000010   Data   RO         2799    .constdata          rtx_conf_cm.o
    0x080074bc   0x080074bc   0x00000010   Data   RO         5108    .constdata          system_stm32f7xx.o
    0x080074cc   0x080074cc   0x00000008   Data   RO         5109    .constdata          system_stm32f7xx.o
    0x080074d4   0x080074d4   0x00000020   Data   RO         6826    Region$$Table       anon$$obj.o
    0x080074f4   0x080074f4   0x00000110   Data   RO         6730    locale$$data        c_w.l(lc_ctype_c.o)


    Execution Region RW_IRAM2 (Exec base: 0x20000000, Load base: 0x08007780, Size: 0x00000000, Max: 0x00010000, ABSOLUTE)

    **** No section assigned to this execution region ****


    Execution Region RW_IRAM1 (Exec base: 0x20010000, Load base: 0x08007604, Size: 0x0000d1c0, Max: 0x00040000, ABSOLUTE, COMPRESSED[0x0000017c])

    Exec Addr    Load Addr    Size         Type   Attr      Idx    E Section Name        Object

    0x20010000   COMPRESSED   0x00000014   Data   RW           29    .data               stm32f7xx_nucleo_144.o
    0x20010014   COMPRESSED   0x00000041   Data   RW          278    .data               main.o
    0x20010055   COMPRESSED   0x00000001   Data   RW          451    .data               usbd_ctlreq.o
    0x20010056   COMPRESSED   0x00000002   PAD
    0x20010058   COMPRESSED   0x000000db   Data   RW          730    .data               usbd_cdc.o
    0x20010133   COMPRESSED   0x00000001   PAD
    0x20010134   COMPRESSED   0x00000038   Data   RW          731    .data               usbd_cdc.o
    0x2001016c   COMPRESSED   0x00000014   Data   RW         2093    .data               port.o
    0x20010180   COMPRESSED   0x00000010   Data   RW         2289    .data               usbd_cdc_if.o
    0x20010190   COMPRESSED   0x00000020   Data   RW         2539    .data               usbd_desc.o
    0x200101b0   COMPRESSED   0x00000024   Data   RW         2540    .data               usbd_desc.o
    0x200101d4   COMPRESSED   0x00000008   Data   RW         2609    .data               uartthread.o
    0x200101dc   COMPRESSED   0x00000033   Data   RW         2674    .data               commands.o
    0x2001020f   COMPRESSED   0x00000001   PAD
    0x20010210   COMPRESSED   0x0000008e   Data   RW         2730    .data               jmthread.o
    0x2001029e   COMPRESSED   0x00000002   PAD
    0x200102a0   COMPRESSED   0x00000004   Data   RW         2801    .data               rtx_conf_cm.o
    0x200102a4   COMPRESSED   0x00000004   Data   RW         2802    .data               rtx_conf_cm.o
    0x200102a8   COMPRESSED   0x00000004   Data   RW         2803    .data               rtx_conf_cm.o
    0x200102ac   COMPRESSED   0x00000004   Data   RW         2804    .data               rtx_conf_cm.o
    0x200102b0   COMPRESSED   0x00000004   Data   RW         5110    .data               system_stm32f7xx.o
    0x200102b4   COMPRESSED   0x00000008   Data   RW         5238    .data               RTX_CM4.lib(rt_cmsis.o)
    0x200102bc   COMPRESSED   0x00000008   Data   RW         5775    .data               RTX_CM4.lib(rt_task.o)
    0x200102c4   COMPRESSED   0x00000004   Data   RW         5851    .data               RTX_CM4.lib(rt_time.o)
    0x200102c8   COMPRESSED   0x00000008   Data   RW         5927    .data               RTX_CM4.lib(rt_system.o)
    0x200102d0   COMPRESSED   0x00000008   Data   RW         6215    .data               RTX_CM4.lib(rt_robin.o)
    0x200102d8   COMPRESSED   0x00000001   Data   RW         6295    .data               RTX_CM4.lib(hal_cm.o)
    0x200102d9   COMPRESSED   0x00000003   PAD
    0x200102dc        -       0x0000011c   Zero   RW          276    .bss                main.o
    0x200103f8        -       0x00000038   Zero   RW         1382    .bss                deca_device.o
    0x20010430        -       0x00002000   Zero   RW         2091    .bss                port.o
    0x20012430        -       0x00000224   Zero   RW         2254    .bss                usb_device.o
    0x20012654        -       0x00001000   Zero   RW         2288    .bss                usbd_cdc_if.o
    0x20013654        -       0x00000400   Zero   RW         2364    .bss                usbd_conf.o
    0x20013a54        -       0x00000200   Zero   RW         2538    .bss                usbd_desc.o
    0x20013c54        -       0x00000064   Zero   RW         2607    .bss                uartthread.o
    0x20013cb8        -       0x00000020   Zero   RW         2776    .bss                rtx_conf_cm.o
    0x20013cd8        -       0x00000178   Zero   RW         2777    .bss                rtx_conf_cm.o
    0x20013e50        -       0x00000810   Zero   RW         2778    .bss                rtx_conf_cm.o
    0x20014660        -       0x000046d8   Zero   RW         2779    .bss                rtx_conf_cm.o
    0x20018d38        -       0x00000084   Zero   RW         2780    .bss                rtx_conf_cm.o
    0x20018dbc        -       0x0000001c   Zero   RW         2781    .bss                rtx_conf_cm.o
    0x20018dd8        -       0x00000320   Zero   RW         2782    .bss                rtx_conf_cm.o
    0x200190f8        -       0x00000034   Zero   RW         5774    .bss                RTX_CM4.lib(rt_task.o)
    0x2001912c        -       0x00000030   Zero   RW         6057    .bss                RTX_CM4.lib(rt_list.o)
    0x2001915c        -       0x00000060   Zero   RW         6357    .bss                c_w.l(libspace.o)
    0x200191bc   COMPRESSED   0x00000004   PAD
    0x200191c0        -       0x00002000   Zero   RW         5097    HEAP                startup_stm32f746xx.o
    0x2001b1c0        -       0x00002000   Zero   RW         5096    STACK               startup_stm32f746xx.o


==============================================================================

Image component sizes


      Code (inc. data)   RO Data    RW Data    ZI Data      Debug   Object Name

       240         12          0         51          0       4624   commands.o
      2194        104          0          0         56      24100   deca_device.o
        28          0          0          0          0       3327   deca_mutex.o
         0          0        173          0          0       4832   deca_params_init.o
         4          0          0          0          0        529   deca_sleep.o
       184         16          0          0          0       2677   deca_spi.o
         0          0          0          0          0       1783   dw_main.o
       216         24         16        142          0       3153   jmthread.o
       890         80          0         65        284      20399   main.o
       448         44          0         20       8192      44026   port.o
       138         36         84         16      21568      10334   rtx_conf_cm.o
        64         26        456          0      16384        856   startup_stm32f746xx.o
        84          6          0          0          0       2686   stm32f7xx_hal.o
       292         22          0          0          0      40838   stm32f7xx_hal_cortex.o
        36          0          0          0          0       1343   stm32f7xx_hal_dma.o
      1044         66          0          0          0       5552   stm32f7xx_hal_eth.o
       516         60          0          0          0       4086   stm32f7xx_hal_gpio.o
       452         54          0          0          0       3505   stm32f7xx_hal_msp.o
      2262         72          0          0          0      12077   stm32f7xx_hal_pcd.o
       120          6          0          0          0       2696   stm32f7xx_hal_pcd_ex.o
      1452         70          0          0          0       5996   stm32f7xx_hal_rcc.o
      1716         16          0          0          0       2536   stm32f7xx_hal_rcc_ex.o
      1446          0          0          0          0       7815   stm32f7xx_hal_spi.o
      1826         74          0          0          0      11671   stm32f7xx_hal_uart.o
        58         12          0          0          0       3737   stm32f7xx_it.o
      2380         52          0          0          0      21671   stm32f7xx_ll_usb.o
        56         20         10         20          0     831885   stm32f7xx_nucleo_144.o
        84         16         24          4          0       1407   system_stm32f7xx.o
       196         38         16          8        100       2648   uartthread.o
        56         18          0          0        548        836   usb_device.o
       546         20          0        275          0      13588   usbd_cdc.o
        68         16          0         16       4096       3054   usbd_cdc_if.o
       858         84          0          0       1024      17155   usbd_conf.o
       626          0          0          0          0      13258   usbd_core.o
      1012         20          0          1          0       8708   usbd_ctlreq.o
       224        120          0         68        512       6527   usbd_desc.o
       132          0          0          0          0       5048   usbd_ioreq.o

    ----------------------------------------------------------------------
     21992       1204        826        692      52764    1150963   Object Totals
         0          0         32          0          0          0   (incl. Generated)
        44          0         15          6          0          0   (incl. Padding)

    ----------------------------------------------------------------------

      Code (inc. data)   RO Data    RW Data    ZI Data      Debug   Library Member Name

       268         24          0          1          0       4524   hal_cm.o
       408         34          0          0          0        824   hal_cm4.o
      1314        154          0          8          0      38001   rt_cmsis.o
       272         18          0          0          0       2842   rt_event.o
       530         34          0          0         48       8685   rt_list.o
       554         10          0          0          0       4237   rt_mailbox.o
       140          0          0          0          0       2069   rt_membox.o
       128          0          0          0          0       2451   rt_memory.o
       352         14          0          0          0       2249   rt_mutex.o
        96         22          0          8          0       1254   rt_robin.o
        52          4          0          0          0        621   rt_semaphore.o
       262         44          0          8          0       6036   rt_system.o
      1216        174          0          8         52      10129   rt_task.o
         0          0          0          4          0        214   rt_time.o
         4          4          0          0          0        208   svc_table.o
        90          0          0          0          0          0   __dczerorl2.o
         8          0          0          0          0         68   __main.o
         0          0          0          0          0          0   __rtentry.o
        20          0          0          0          0          0   __rtentry2.o
         6          0          0          0          0          0   __rtentry4.o
        52          8          0          0          0          0   __scatter.o
        28          0          0          0          0          0   __scatter_zi.o
        10          0          0          0          0         68   defsig_exit.o
        50          0          0          0          0         88   defsig_general.o
        80         58          0          0          0         76   defsig_rtmem_inner.o
        14          0          0          0          0         80   defsig_rtmem_outer.o
        18          0          0          0          0         80   exit.o
       158          0          0          0          0        128   h1_alloc_mt.o
        62          0          0          0          0         80   h1_extend_mt.o
       118          0          0          0          0        108   h1_free_mt.o
        18          0          0          0          0         84   h1_init_mt.o
         6          0          0          0          0        152   heapauxi.o
         4          0          0          0          0        136   hguard.o
         0          0          0          0          0          0   indicate_semi.o
       138          0          0          0          0        168   init_alloc.o
        44         10        272          0          0         76   lc_ctype_c.o
         2          0          0          0          0          0   libinit.o
        32          0          0          0          0          0   libinit2.o
         2          0          0          0          0          0   libshutdown.o
         2          0          0          0          0          0   libshutdown2.o
         8          4          0          0         96         68   libspace.o
         0          0          0          0          0          0   maybetermalloc1.o
        16          4          0          0          0         76   rt_ctype_table.o
        10          0          0          0          0         76   rt_heap_descriptor_twolibspace.o
        10          0          0          0          0         76   rt_locale_twolibspace.o
       138          0          0          0          0         68   rt_memcpy_v6.o
       100          0          0          0          0         80   rt_memcpy_w.o
         2          0          0          0          0          0   rtexit.o
        10          0          0          0          0          0   rtexit2.o
       104          0          0          0          0         68   strcmpv7m_pel.o
        12          4          0          0          0         68   sys_exit.o
        74          0          0          0          0         80   sys_stackheap_outer.o
        14          0          0          0          0         76   sys_wrch.o
        30          0          0          0          0         76   toupper.o
         2          0          0          0          0         68   use_no_semi.o
        10          0          0          0          0        116   fpinit.o

    ----------------------------------------------------------------------
      7122        624        272         40        200      86732   Library Totals
        24          0          0          3          4          0   (incl. Padding)

    ----------------------------------------------------------------------

      Code (inc. data)   RO Data    RW Data    ZI Data      Debug   Library Name

      5596        536          0         37        100      84344   RTX_CM4.lib
      1492         88        272          0         96       2272   c_w.l
        10          0          0          0          0        116   fz_wm.l

    ----------------------------------------------------------------------
      7122        624        272         40        200      86732   Library Totals

    ----------------------------------------------------------------------

==============================================================================


      Code (inc. data)   RO Data    RW Data    ZI Data      Debug   

     29114       1828       1098        732      52964    1203199   Grand Totals
     29114       1828       1098        380      52964    1203199   ELF Image Totals (compressed)
     29114       1828       1098        380          0          0   ROM Totals

==============================================================================

    Total RO  Size (Code + RO Data)                30212 (  29.50kB)
    Total RW  Size (RW Data + ZI Data)             53696 (  52.44kB)
    Total ROM Size (Code + RO Data + RW Data)      30592 (  29.88kB)

==============================================================================

